sfc_nand.c:128:12:sfc_nand_read_feature	0	static
sfc_nand.c:228:5:sfc_nand_ecc_status_sp1	48	static
sfc_nand.c:266:5:sfc_nand_ecc_status_sp2	48	static
sfc_nand.c:308:5:sfc_nand_ecc_status_sp3	48	static
sfc_nand.c:351:5:sfc_nand_ecc_status_sp4	48	static
sfc_nand.c:390:5:sfc_nand_ecc_status_sp5	48	static
sfc_nand.c:100:12:sfc_nand_write_en	0	static
sfc_nand.c:111:12:sfc_nand_rw_preset	32	static
sfc_nand.c:145:12:sfc_nand_write_feature	48	static
sfc_nand.c:503:12:sfc_nand_read_page_raw.isra.2.constprop	80	static
sfc_nand.c:545:5:sfc_nand_read_page	96	static
sfc_nand.c:623:12:sfc_nand_get_bad_block_list	112	static
sfc_nand.c:164:12:sfc_nand_wait_busy.constprop	48	static
sfc_nand.c:439:12:sfc_nand_prog_page_raw.isra.1.constprop	80	static
sfc_nand.c:482:5:sfc_nand_prog_page	80	static
sfc_nand.c:418:5:sfc_nand_erase_block	48	static
sfc_nand.c:573:5:sfc_nand_check_bad_block	32	static
sfc_nand.c:588:5:sfc_nand_mark_bad_block	32	static
sfc_nand.c:604:5:sfc_nand_read_id	0	static
sfc_nand.c:660:6:sfc_nand_ftl_ops_init	0	static
sfc_nand.c:708:5:sfc_nand_init	64	static
sfc_nand.c:760:6:sfc_nand_deinit	0	static
sfc_nand.c:765:20:sfc_nand_get_private_dev	0	static
