
Discarded input sections

 .data          0x0000000000000000        0x0 arch/arm/cpu/armv8/start.o
 .bss           0x0000000000000000        0x0 arch/arm/cpu/armv8/start.o
 .text.timer_read_counter
                0x0000000000000000        0xc arch/arm/cpu/armv8/built-in.o
 .text.usec2ticks
                0x0000000000000000       0x44 arch/arm/cpu/armv8/built-in.o
 .text.timer_get_boot_us
                0x0000000000000000       0x14 arch/arm/cpu/armv8/built-in.o
 .text.set_one_region
                0x0000000000000000       0xd4 arch/arm/cpu/armv8/built-in.o
 .text.dcache_status
                0x0000000000000000       0x34 arch/arm/cpu/armv8/built-in.o
 .text.arch_get_page_table
                0x0000000000000000       0x20 arch/arm/cpu/armv8/built-in.o
 .text.mmu_set_region_dcache_behaviour
                0x0000000000000000       0xa8 arch/arm/cpu/armv8/built-in.o
 .text.mmu_change_region_attr
                0x0000000000000000       0xe8 arch/arm/cpu/armv8/built-in.o
 .text.icache_status
                0x0000000000000000       0x34 arch/arm/cpu/armv8/built-in.o
 .text.enable_caches
                0x0000000000000000       0x14 arch/arm/cpu/armv8/built-in.o
 .text.__asm_switch_ttbr
                0x0000000000000000       0xe0 arch/arm/cpu/armv8/built-in.o
 .text.armv8_switch_to_el1
                0x0000000000000000       0xd0 arch/arm/cpu/armv8/built-in.o
 .text.smc_call
                0x0000000000000000       0x44 arch/arm/cpu/armv8/built-in.o
 .text.psci_system_reset
                0x0000000000000000       0x20 arch/arm/cpu/armv8/built-in.o
 .text.psci_system_off
                0x0000000000000000       0x20 arch/arm/cpu/armv8/built-in.o
 .text.reset_misc
                0x0000000000000000        0xc arch/arm/cpu/armv8/built-in.o
 .rodata.arch_get_page_table.str1.1
                0x0000000000000000       0x1e arch/arm/cpu/armv8/built-in.o
 .rodata.mmu_set_region_dcache_behaviour.str1.1
                0x0000000000000000       0x20 arch/arm/cpu/armv8/built-in.o
 .rodata.set_one_region.str1.1
                0x0000000000000000       0x2e arch/arm/cpu/armv8/built-in.o
 .eh_frame      0x0000000000000000       0x48 arch/arm/cpu/armv8/built-in.o
 .bss           0x0000000000000000        0x0 arch/arm/cpu/armv8/built-in.o
 .text.setjmp   0x0000000000000000       0x28 arch/arm/lib/built-in.o
 .text.longjmp  0x0000000000000000       0x40 arch/arm/lib/built-in.o
 .text.board_fdt_fixup
                0x0000000000000000        0x8 arch/arm/lib/built-in.o
 .text.board_quiesce_devices
                0x0000000000000000        0x4 arch/arm/lib/built-in.o
 .text.setup_board_tags
                0x0000000000000000        0x4 arch/arm/lib/built-in.o
 .text.armv7_boot_nonsec_default
                0x0000000000000000        0x8 arch/arm/lib/built-in.o
 .text.dump_stack
                0x0000000000000000       0x3c arch/arm/lib/built-in.o
 .text.enable_caches
                0x0000000000000000        0xc arch/arm/lib/built-in.o
 .text.invalidate_dcache_range
                0x0000000000000000        0x4 arch/arm/lib/built-in.o
 .text.flush_dcache_range
                0x0000000000000000        0x4 arch/arm/lib/built-in.o
 .text.flush_dcache_all
                0x0000000000000000        0xc arch/arm/lib/built-in.o
 .text.check_cache_range
                0x0000000000000000       0x48 arch/arm/lib/built-in.o
 .text.fdt_psci
                0x0000000000000000        0x8 arch/arm/lib/built-in.o
 .rodata.check_cache_range.str1.1
                0x0000000000000000       0x35 arch/arm/lib/built-in.o
 .rodata.enable_caches.str1.1
                0x0000000000000000       0x1d arch/arm/lib/built-in.o
 .data          0x0000000000000000        0x0 arch/arm/lib/built-in.o
 .__efi_runtime_rel_start
                0x0000000000000000        0x0 arch/arm/lib/built-in.o
 .__efi_runtime_rel_stop
                0x0000000000000000        0x0 arch/arm/lib/built-in.o
 .__efi_runtime_start
                0x0000000000000000        0x0 arch/arm/lib/built-in.o
 .__efi_runtime_stop
                0x0000000000000000        0x0 arch/arm/lib/built-in.o
 .__end         0x0000000000000000        0x0 arch/arm/lib/built-in.o
 .__secure_end  0x0000000000000000        0x0 arch/arm/lib/built-in.o
 .__secure_stack_end
                0x0000000000000000        0x0 arch/arm/lib/built-in.o
 .__secure_stack_start
                0x0000000000000000        0x0 arch/arm/lib/built-in.o
 .__secure_start
                0x0000000000000000        0x0 arch/arm/lib/built-in.o
 .bss           0x0000000000000000        0x0 arch/arm/lib/built-in.o
 .text          0x0000000000000000        0x0 arch/arm/mach-rockchip/built-in.o
 .text.rockchip_dnl_key_pressed
                0x0000000000000000       0x18 arch/arm/mach-rockchip/built-in.o
 .text.soc_clk_dump
                0x0000000000000000        0x8 arch/arm/mach-rockchip/built-in.o
 .text.rockchip_get_chip_info
                0x0000000000000000       0x20 arch/arm/mach-rockchip/built-in.o
[...]
Memory Configuration

Name             Origin             Length             Attributes
*default*        0x0000000000000000 0xffffffffffffffff

Linker script and memory map

Address of section .text set to 0x600000
                0x0000000000000000                . = 0x0
                0x0000000000000000                . = ALIGN (0x8)

.text           0x0000000000600000    0x6d16c
 *(.__image_copy_start)
 .__image_copy_start
                0x0000000000600000        0x0 arch/arm/lib/built-in.o
                0x0000000000600000                __image_copy_start
 arch/arm/cpu/armv8/start.o(.text*)
 .text          0x0000000000600000      0x158 arch/arm/cpu/armv8/start.o
                0x0000000000600000                _start
                0x0000000000600008                _TEXT_BASE
                0x0000000000600010                _end_ofs
                0x0000000000600018                _bss_start_ofs
                0x0000000000600020                _bss_end_ofs
                0x000000000060002c                save_boot_params_ret
                0x0000000000600094                apply_core_errata
                0x00000000006000b8                lowlevel_init
                0x00000000006000f8                smp_kick_all_cpus
                0x0000000000600104                c_runtime_cpu_setup
                0x000000000060013c                save_boot_params
 *(.text*)
 *fill*         0x0000000000600158      0x6a8 
 .text          0x0000000000600800      0x6c8 arch/arm/cpu/armv8/built-in.o
                0x0000000000600800                vectors
                0x0000000000600cec                __arm_smccc_smc
                0x0000000000600d18                __arm_smccc_hvc
                0x0000000000600d44                cpu_suspend
                0x0000000000600de4                cpu_do_suspend
                0x0000000000600e50                cpu_resume
                0x0000000000600e70                cpu_do_resume
 .text.sdelay   0x0000000000600ec8        0xc arch/arm/cpu/armv8/built-in.o
                0x0000000000600ec8                sdelay
 .text.cleanup_before_linux
                0x0000000000600ed4       0x28 arch/arm/cpu/armv8/built-in.o
                0x0000000000600ed4                cleanup_before_linux
 .text.get_tbclk
                0x0000000000600efc        0x8 arch/arm/cpu/armv8/built-in.o
                0x0000000000600efc                get_tbclk
 .text.get_ticks
                0x0000000000600f04       0x10 arch/arm/cpu/armv8/built-in.o
                0x0000000000600f04                get_ticks
 .text.count_required_pts
                0x0000000000600f14       0xf8 arch/arm/cpu/armv8/built-in.o
 .text.create_table
                0x000000000060100c       0x70 arch/arm/cpu/armv8/built-in.o
 .text.split_block
                0x000000000060107c       0xa0 arch/arm/cpu/armv8/built-in.o
 .text.get_tcr  0x000000000060111c       0xe8 arch/arm/cpu/armv8/built-in.o
                0x000000000060111c                get_tcr
 .text.find_pte
                0x0000000000601204       0x94 arch/arm/cpu/armv8/built-in.o
 .text.get_page_table_size
                0x0000000000601298       0x4c arch/arm/cpu/armv8/built-in.o
                0x0000000000601298                get_page_table_size
 .text.setup_pgtables
                0x00000000006012e4      0x17c arch/arm/cpu/armv8/built-in.o
                0x00000000006012e4                setup_pgtables
 .text.mmu_setup
                0x0000000000601460      0x13c arch/arm/cpu/armv8/built-in.o
                0x0000000000601460                mmu_setup
 .text.invalidate_dcache_all
                0x000000000060159c       0x14 arch/arm/cpu/armv8/built-in.o
                0x000000000060159c                invalidate_dcache_all
 .text.flush_dcache_all
                0x00000000006015b0       0x14 arch/arm/cpu/armv8/built-in.o
                0x00000000006015b0                flush_dcache_all
 .text.invalidate_dcache_range
                0x00000000006015c4        0x4 arch/arm/cpu/armv8/built-in.o
                0x00000000006015c4                invalidate_dcache_range
 .text.flush_dcache_range
                0x00000000006015c8        0x4 arch/arm/cpu/armv8/built-in.o
                0x00000000006015c8                flush_dcache_range
 .text.dcache_enable
                0x00000000006015cc      0x110 arch/arm/cpu/armv8/built-in.o
                0x00000000006015cc                dcache_enable
 .text.dcache_disable
                0x00000000006016dc       0x84 arch/arm/cpu/armv8/built-in.o
                0x00000000006016dc                dcache_disable
 .text.icache_disable
                0x0000000000601760       0x64 arch/arm/cpu/armv8/built-in.o
                0x0000000000601760                icache_disable
 .text.invalidate_icache_all
                0x00000000006017c4       0x14 arch/arm/cpu/armv8/built-in.o
                0x00000000006017c4                invalidate_icache_all
 .text.icache_enable
                0x00000000006017d8       0x74 arch/arm/cpu/armv8/built-in.o
                0x00000000006017d8                icache_enable
 .text.__asm_dcache_level
                0x000000000060184c       0x64 arch/arm/cpu/armv8/built-in.o
                0x000000000060184c                __asm_dcache_level
 .text.__asm_dcache_all
                0x00000000006018b0       0x60 arch/arm/cpu/armv8/built-in.o
                0x00000000006018b0                __asm_dcache_all
 .text.__asm_flush_dcache_all
                0x0000000000601910        0x8 arch/arm/cpu/armv8/built-in.o
                0x0000000000601910                __asm_flush_dcache_all
 .text.__asm_invalidate_dcache_all
                0x0000000000601918        0x8 arch/arm/cpu/armv8/built-in.o
                0x0000000000601918                __asm_invalidate_dcache_all
 .text.__asm_flush_dcache_range
                0x0000000000601920       0x34 arch/arm/cpu/armv8/built-in.o
                0x0000000000601920                __asm_flush_dcache_range
 .text.__asm_invalidate_dcache_range
                0x0000000000601954       0x30 arch/arm/cpu/armv8/built-in.o
                0x0000000000601954                __asm_invalidate_dcache_range
 .text.__asm_invalidate_icache_all
                0x0000000000601984        0xc arch/arm/cpu/armv8/built-in.o
                0x0000000000601984                __asm_invalidate_icache_all
 .text.__asm_invalidate_l3_dcache
                0x0000000000601990        0x8 arch/arm/cpu/armv8/built-in.o
                0x0000000000601990                __asm_invalidate_l3_dcache
 .text.__asm_flush_l3_dcache
                0x0000000000601998        0x8 arch/arm/cpu/armv8/built-in.o
                0x0000000000601998                __asm_flush_l3_dcache
 .text.__asm_invalidate_l3_icache
                0x00000000006019a0        0x8 arch/arm/cpu/armv8/built-in.o
                0x00000000006019a0                __asm_invalidate_l3_icache
 .text.__asm_invalidate_tlb_all
                0x00000000006019a8       0x4c arch/arm/cpu/armv8/built-in.o
                0x00000000006019a8                __asm_invalidate_tlb_all
 *fill*         0x00000000006019f4        0x4 
 .text.armv8_switch_to_el2
                0x00000000006019f8       0xb8 arch/arm/cpu/armv8/built-in.o
                0x00000000006019f8                armv8_switch_to_el2
 .text.armv8_el2_to_aarch32
                0x0000000000601ab0        0x4 arch/arm/cpu/armv8/built-in.o
                0x0000000000601ab0                armv8_el2_to_aarch32
 .text.cpu_suspend_save
                0x0000000000601ab4       0x2c arch/arm/cpu/armv8/built-in.o
                0x0000000000601ab4                cpu_suspend_save
 .text          0x0000000000601ae0      0x1e0 arch/arm/lib/built-in.o
                0x0000000000601ae0                _main
                0x0000000000601b68                relocate_code
                0x0000000000601c28                gic_init_secure
                0x0000000000601c6c                gic_init_secure_percpu
                0x0000000000601c90                gic_kick_secondary_cpus
                0x0000000000601ca0                gic_wait_for_interrupt
 .text.arch_fixup_fdt
                0x0000000000601cc0       0x90 arch/arm/lib/built-in.o
                0x0000000000601cc0                arch_fixup_fdt
 .text.boot_prep_linux
                0x0000000000601d50       0x58 arch/arm/lib/built-in.o
 .text.arch_lmb_reserve
                0x0000000000601da8       0x14 arch/arm/lib/built-in.o
                0x0000000000601da8                arch_lmb_reserve
 .text.update_os_arch_secondary_cores
                0x0000000000601dbc        0x4 arch/arm/lib/built-in.o
                0x0000000000601dbc                update_os_arch_secondary_cores
 .text.boot_jump_linux
                0x0000000000601dc0      0x100 arch/arm/lib/built-in.o
 .text.do_bootm_linux
                0x0000000000601ec0       0x74 arch/arm/lib/built-in.o
                0x0000000000601ec0                do_bootm_linux
 .text.boot_prep_vxworks
                0x0000000000601f34       0x50 arch/arm/lib/built-in.o
                0x0000000000601f34                boot_prep_vxworks
 .text.boot_jump_vxworks
                0x0000000000601f84        0xc arch/arm/lib/built-in.o
                0x0000000000601f84                boot_jump_vxworks
 .text.arch_reserve_stacks
                0x0000000000601f90       0x10 arch/arm/lib/built-in.o
                0x0000000000601f90                arch_reserve_stacks
 .text.show_regs
                0x0000000000601fa0      0x254 arch/arm/lib/built-in.o
                0x0000000000601fa0                show_regs
 .text.do_bad_sync
                0x00000000006021f4       0x30 arch/arm/lib/built-in.o
                0x00000000006021f4                do_bad_sync
 .text.do_bad_irq
                0x0000000000602224       0x30 arch/arm/lib/built-in.o
                0x0000000000602224                do_bad_irq
 .text.do_bad_fiq
                0x0000000000602254       0x30 arch/arm/lib/built-in.o
                0x0000000000602254                do_bad_fiq
 .text.do_bad_error
                0x0000000000602284       0x30 arch/arm/lib/built-in.o
                0x0000000000602284                do_bad_error
 .text.do_sync  0x00000000006022b4       0x30 arch/arm/lib/built-in.o
                0x00000000006022b4                do_sync
 .text.do_fiq   0x00000000006022e4       0x30 arch/arm/lib/built-in.o
                0x00000000006022e4                do_fiq
 .text.do_error
                0x0000000000602314       0x30 arch/arm/lib/built-in.o
                0x0000000000602314                do_error
 .text.dump_core_stack
                0x0000000000602344       0xe0 arch/arm/lib/built-in.o
                0x0000000000602344                dump_core_stack
 .text.flush_cache
                0x0000000000602424        0x8 arch/arm/lib/built-in.o
                0x0000000000602424                flush_cache
 .text.set_back_to_bootrom_dnl_flag
                0x000000000060242c       0x1c arch/arm/mach-rockchip/built-in.o
                0x000000000060242c                set_back_to_bootrom_dnl_flag
 .text.boot_devtype_init
                0x0000000000602448      0x130 arch/arm/mach-rockchip/built-in.o
                0x0000000000602448                boot_devtype_init
 .text.rockchip_dnl_mode_check
                0x0000000000602578       0xbc arch/arm/mach-rockchip/built-in.o
                0x0000000000602578                rockchip_dnl_mode_check
 .text.setup_boot_mode
                0x0000000000602634       0xc0 arch/arm/mach-rockchip/built-in.o
                0x0000000000602634                setup_boot_mode
 .text.rockchip_set_serialno
                0x00000000006026f4       0xf0 arch/arm/mach-rockchip/built-in.o
 .text.rk_board_late_init
                0x00000000006027e4        0x8 arch/arm/mach-rockchip/built-in.o
                0x00000000006027e4                rk_board_late_init
 .text.rk_board_fdt_fixup
                0x00000000006027ec      0x30c arch/arm/mach-rockchip/built-in.o
                0x00000000006027f4                rk_board_fdt_fixup
 .text.set_armclk_rate
                0x0000000000602af8        0x8 arch/arm/mach-rockchip/built-in.o
                0x0000000000602af8                set_armclk_rate
 .text.rk_board_init
                0x0000000000602b00       0x84 arch/arm/mach-rockchip/built-in.o
                0x0000000000602b08                rk_board_init
 .text.board_late_init
                0x0000000000602b84       0x9c arch/arm/mach-rockchip/built-in.o
                0x0000000000602b84                board_late_init
 .text.init_kernel_dtb
                0x0000000000602c20      0x354 arch/arm/mach-rockchip/built-in.o
                0x0000000000602c20                init_kernel_dtb
 .text.board_env_fixup
                0x0000000000602f74       0xa0 arch/arm/mach-rockchip/built-in.o
                0x0000000000602f74                board_env_fixup
 .text.board_init
                0x0000000000603014       0xc8 arch/arm/mach-rockchip/built-in.o
                0x0000000000603014                board_init
 .text.interrupt_debugger_init
                0x00000000006030dc        0x8 arch/arm/mach-rockchip/built-in.o
                0x00000000006030dc                interrupt_debugger_init
 .text.board_fdt_fixup
                0x00000000006030e4        0x4 arch/arm/mach-rockchip/built-in.o
                0x00000000006030e4                board_fdt_fixup
 .text.arch_preboot_os
                0x00000000006030e8       0x10 arch/arm/mach-rockchip/built-in.o
                0x00000000006030e8                arch_preboot_os
 .text.board_quiesce_devices
                0x00000000006030f8       0x20 arch/arm/mach-rockchip/built-in.o
                0x00000000006030f8                board_quiesce_devices
 .text.enable_caches
                0x0000000000603118       0x14 arch/arm/mach-rockchip/built-in.o
                0x0000000000603118                enable_caches
 .text.board_lmb_reserve
                0x000000000060312c       0xa8 arch/arm/mach-rockchip/built-in.o
                0x000000000060312c                board_lmb_reserve
 .text.board_bidram_reserve
                0x00000000006031d4       0x58 arch/arm/mach-rockchip/built-in.o
                0x00000000006031d4                board_bidram_reserve
 .text.board_bidram_parse_fn
                0x000000000060322c        0xc arch/arm/mach-rockchip/built-in.o
                0x000000000060322c                board_bidram_parse_fn
 .text.board_init_f_init_serial
                0x0000000000603238       0x48 arch/arm/mach-rockchip/built-in.o
                0x0000000000603238                board_init_f_init_serial
 .text.board_usb_init
                0x0000000000603280       0xb0 arch/arm/mach-rockchip/built-in.o
                0x0000000000603280                board_usb_init
 .text.board_usb_cleanup
                0x0000000000603330        0x8 arch/arm/mach-rockchip/built-in.o
                0x0000000000603330                board_usb_cleanup
 .text.rockchip_rockusb_get_chip_info
                0x0000000000603338       0x20 arch/arm/mach-rockchip/built-in.o
                0x0000000000603338                rockchip_rockusb_get_chip_info
 .text.iomem_show
                0x0000000000603358       0xb8 arch/arm/mach-rockchip/built-in.o
                0x0000000000603358                iomem_show
 .text.iomem_show_by_match
                0x0000000000603410      0x124 arch/arm/mach-rockchip/built-in.o
 .text.do_iomem_by_match
                0x0000000000603534       0x94 arch/arm/mach-rockchip/built-in.o
 .text.is_hotkey
                0x00000000006035c8       0x84 arch/arm/mach-rockchip/built-in.o
                0x00000000006035c8                is_hotkey
 .text.hotkey_run
                0x000000000060364c       0xc0 arch/arm/mach-rockchip/built-in.o
                0x000000000060364c                hotkey_run
 .text.__invoke_sip_fn_smc
                0x000000000060370c       0x50 arch/arm/mach-rockchip/built-in.o
 .text.psci_system_suspend
                0x000000000060375c       0x34 arch/arm/mach-rockchip/built-in.o
                0x000000000060375c                psci_system_suspend
 .text.vendor_ops
                0x0000000000603790       0xf0 arch/arm/mach-rockchip/built-in.o
 .text.vendor_test_reset
                0x0000000000603880       0xf0 arch/arm/mach-rockchip/built-in.o
 .text.flash_vendor_dev_ops_register
                0x0000000000603970       0x28 arch/arm/mach-rockchip/built-in.o
                0x0000000000603970                flash_vendor_dev_ops_register
 .text.vendor_storage_init
                0x0000000000603998      0x21c arch/arm/mach-rockchip/built-in.o
                0x0000000000603998                vendor_storage_init
 .text.vendor_storage_read
                0x0000000000603bb4       0xac arch/arm/mach-rockchip/built-in.o
                0x0000000000603bb4                vendor_storage_read
 .text.vendor_storage_write
                0x0000000000603c60      0x214 arch/arm/mach-rockchip/built-in.o
                0x0000000000603c60                vendor_storage_write
 .text.vendor_storage_test
                0x0000000000603e74      0x3e8 arch/arm/mach-rockchip/built-in.o
                0x0000000000603e74                vendor_storage_test
 .text.add_file_to_list
                0x000000000060425c       0xcc arch/arm/mach-rockchip/built-in.o
 .text.get_file_info
                0x0000000000604328      0x694 arch/arm/mach-rockchip/built-in.o
 .text.rk_board_early_fdt_fixup
                0x00000000006049bc       0x20 arch/arm/mach-rockchip/built-in.o
                0x00000000006049c4                rk_board_early_fdt_fixup
 .text.rockchip_read_resource_file
                0x00000000006049dc       0xe0 arch/arm/mach-rockchip/built-in.o
                0x00000000006049dc                rockchip_read_resource_file
 .text.rockchip_read_dtb_file
                0x0000000000604abc      0x118 arch/arm/mach-rockchip/built-in.o
                0x0000000000604abc                rockchip_read_dtb_file
 .text.param_parse_atf_mem
                0x0000000000604bd4       0x88 arch/arm/mach-rockchip/built-in.o
                0x0000000000604bd4                param_parse_atf_mem
 .text.param_parse_optee_mem
                0x0000000000604c5c       0xc8 arch/arm/mach-rockchip/built-in.o
                0x0000000000604c5c                param_parse_optee_mem
 .text.param_parse_common_resv_mem
                0x0000000000604d24        0xc arch/arm/mach-rockchip/built-in.o
                0x0000000000604d24                param_parse_common_resv_mem
 .text.param_parse_bootdev
                0x0000000000604d30      0x134 arch/arm/mach-rockchip/built-in.o
                0x0000000000604d30                param_parse_bootdev
 .text.param_parse_ddr_mem
                0x0000000000604e64      0x118 arch/arm/mach-rockchip/built-in.o
                0x0000000000604e64                param_parse_ddr_mem
 .text.rockchip_sdram_size
                0x0000000000604f7c      0x1a8 arch/arm/mach-rockchip/built-in.o
                0x0000000000604f7c                rockchip_sdram_size
 .text.dram_init_banksize
                0x0000000000605124       0x18 arch/arm/mach-rockchip/built-in.o
                0x0000000000605124                dram_init_banksize
 .text.dram_init
                0x000000000060513c       0x34 arch/arm/mach-rockchip/built-in.o
                0x000000000060513c                dram_init
 .text.board_get_usable_ram_top
                0x0000000000605170       0x18 arch/arm/mach-rockchip/built-in.o
                0x0000000000605170                board_get_usable_ram_top
 .text.fixup_pcfg_drive_strength
                0x0000000000605188       0x98 arch/arm/mach-rockchip/built-in.o
 .text.board_debug_uart_init
                0x0000000000605220       0x3c arch/arm/mach-rockchip/built-in.o
                0x0000000000605220                board_debug_uart_init
 .text.rockchip_get_clk
                0x000000000060525c       0x14 arch/arm/mach-rockchip/built-in.o
                0x000000000060525c                rockchip_get_clk
 .text.atags_overflow
                0x0000000000605270       0x54 arch/arm/mach-rockchip/built-in.o
 .text.bad_magic
                0x00000000006052c4       0x64 arch/arm/mach-rockchip/built-in.o
 .text.js_hash  0x0000000000605328       0x50 arch/arm/mach-rockchip/built-in.o
 .text.atags_get_tag
                0x0000000000605378       0xa0 arch/arm/mach-rockchip/built-in.o
                0x0000000000605378                atags_get_tag
 .text.atags_destroy
                0x0000000000605418       0x28 arch/arm/mach-rockchip/built-in.o
                0x0000000000605418                atags_destroy
 .text.atags_stat
                0x0000000000605440       0xc0 arch/arm/mach-rockchip/built-in.o
                0x0000000000605440                atags_stat
 .text.atags_print_tag
                0x0000000000605500      0x6ec arch/arm/mach-rockchip/built-in.o
                0x0000000000605500                atags_print_tag
 .text.atags_print_all_tags
                0x0000000000605bec       0x64 arch/arm/mach-rockchip/built-in.o
                0x0000000000605bec                atags_print_all_tags
 .text.do_dump_atags
                0x0000000000605c50       0x1c arch/arm/mach-rockchip/built-in.o
 .text.rockchip_dnl_key_pressed
                0x0000000000605c6c       0xa0 board/rockchip/evb_rk3308/built-in.o
                0x0000000000605c6c                rockchip_dnl_key_pressed
 .text.do_reboot_brom
                0x0000000000605d0c       0x40 cmd/built-in.o
 .text.do_go_exec
                0x0000000000605d4c       0x10 cmd/built-in.o
                0x0000000000605d4c                do_go_exec
 .text.do_go    0x0000000000605d5c       0x88 cmd/built-in.o
 .text.do_bootm
                0x0000000000605de4      0x108 cmd/built-in.o
                0x0000000000605de4                do_bootm
 .text.do_bootd
                0x0000000000605eec       0x2c cmd/built-in.o
                0x0000000000605eec                do_bootd
 .text.bootm_maybe_autostart
                0x0000000000605f18       0x74 cmd/built-in.o
                0x0000000000605f18                bootm_maybe_autostart
 .text.do_help  0x0000000000605f8c       0x3c cmd/built-in.o
 .text.do_version
                0x0000000000605fc8       0x40 cmd/built-in.o
 .text.blk_common_cmd
                0x0000000000606008      0x334 cmd/built-in.o
                0x0000000000606008                blk_common_cmd
 .text.source   0x000000000060633c      0x1c8 cmd/built-in.o
                0x000000000060633c                source
 .text.do_source
                0x0000000000606504       0x7c cmd/built-in.o
 .text.do_boot_android
                0x0000000000606580       0xf8 cmd/built-in.o
 .text.do_android_print_hdr
                0x0000000000606678      0x13c cmd/built-in.o
 .text.do_boot_rockchip
                0x00000000006067b4      0x108 cmd/built-in.o
 .text.do_rkimg_test
                0x00000000006068bc      0x14c cmd/built-in.o
 .text.do_booti
                0x0000000000606a08      0x194 cmd/built-in.o
                0x0000000000606a08                do_booti
 .text.do_charge_display
                0x0000000000606b9c      0x10c cmd/built-in.o
 .text.do_echo  0x0000000000606ca8       0xd8 cmd/built-in.o
 .text.do_exit  0x0000000000606d80       0x40 cmd/built-in.o
 .text.do_ext4_size
                0x0000000000606dc0        0x8 cmd/built-in.o
                0x0000000000606dc0                do_ext4_size
 .text.do_ext4_load
                0x0000000000606dc8        0x8 cmd/built-in.o
                0x0000000000606dc8                do_ext4_load
 .text.do_ext4_ls
                0x0000000000606dd0        0x8 cmd/built-in.o
                0x0000000000606dd0                do_ext4_ls
 .text.do_ext2load
                0x0000000000606dd8        0x8 cmd/built-in.o
                0x0000000000606dd8                do_ext2load
 .text.do_ext2ls
                0x0000000000606de0        0x8 cmd/built-in.o
 .text.do_fat_size
                0x0000000000606de8        0x8 cmd/built-in.o
                0x0000000000606de8                do_fat_size
 .text.do_fat_fsload
                0x0000000000606df0        0x8 cmd/built-in.o
                0x0000000000606df0                do_fat_fsload
 .text.do_fat_ls
                0x0000000000606df8        0x8 cmd/built-in.o
 .text.do_fat_fsinfo
                0x0000000000606e00       0x94 cmd/built-in.o
 .text.do_fat_fswrite
                0x0000000000606e94      0x120 cmd/built-in.o
 .text.fdt_valid
                0x0000000000606fb4       0xcc cmd/built-in.o
 .text.is_printable_string
                0x0000000000607080       0x80 cmd/built-in.o
 .text.print_data
                0x0000000000607100      0x1b8 cmd/built-in.o
 .text.set_working_fdt_addr
                0x00000000006072b8       0x18 cmd/built-in.o
                0x00000000006072b8                set_working_fdt_addr
 .text.do_fdt   0x00000000006072d0      0xf24 cmd/built-in.o
 .text.do_size_wrapper
                0x00000000006081f4        0x8 cmd/built-in.o
 .text.do_load_wrapper
                0x00000000006081fc        0x8 cmd/built-in.o
 .text.do_save_wrapper
                0x0000000000608204        0x8 cmd/built-in.o
 .text.do_ls_wrapper
                0x000000000060820c        0x8 cmd/built-in.o
 .text.do_fstype_wrapper
                0x0000000000608214        0x4 cmd/built-in.o
 .text.do_download
                0x0000000000608218       0x44 cmd/built-in.o
 .text.do_mem_loop
                0x000000000060825c      0x144 cmd/built-in.o
 .text.do_mem_md
                0x00000000006083a0       0xf4 cmd/built-in.o
 .text.do_mem_cmp
                0x0000000000608494      0x1ac cmd/built-in.o
 .text.do_mem_base
                0x0000000000608640       0x4c cmd/built-in.o
 .text.do_mem_mw
                0x000000000060868c      0x108 cmd/built-in.o
 .text.do_mem_cp
                0x0000000000608794       0xc0 cmd/built-in.o
 .text.do_mem_crc
                0x0000000000608854       0x30 cmd/built-in.o
 .text.mod_mem.isra.0
                0x0000000000608884      0x1d8 cmd/built-in.o
 .text.do_mem_mm
                0x0000000000608a5c        0x8 cmd/built-in.o
 .text.do_mem_nm
                0x0000000000608a64        0x8 cmd/built-in.o
 .text.extract_range
                0x0000000000608a6c       0xf8 cmd/built-in.o
 .text.do_mii   0x0000000000608b64      0x8f4 cmd/built-in.o
 .text.do_mdio  0x0000000000609458      0x4a0 cmd/built-in.o
 .text.init_mmc_device
                0x00000000006098f8       0x64 cmd/built-in.o
 .text.do_mmc_rescan
                0x000000000060995c       0x28 cmd/built-in.o
 .text.do_mmcrpmb
                0x0000000000609984      0x124 cmd/built-in.o
 .text.do_mmcops
                0x0000000000609aa8       0xd0 cmd/built-in.o
 .text.do_mmc_dev
                0x0000000000609b78      0x14c cmd/built-in.o
 .text.do_mmcrpmb_counter
                0x0000000000609cc4       0x50 cmd/built-in.o
 .text.do_mmcrpmb_write
                0x0000000000609d14      0x108 cmd/built-in.o
 .text.do_mmcrpmb_read
                0x0000000000609e1c      0x120 cmd/built-in.o
 .text.do_mmcrpmb_key
                0x0000000000609f3c       0xa0 cmd/built-in.o
 .text.do_mmc_hwpartition
                0x0000000000609fdc      0x4f0 cmd/built-in.o
 .text.do_mmc_list
                0x000000000060a4cc       0x1c cmd/built-in.o
 .text.do_mmc_part
                0x000000000060a4e8       0x64 cmd/built-in.o
 .text.do_mmc_erase
                0x000000000060a54c      0x108 cmd/built-in.o
 .text.do_mmc_write
                0x000000000060a654      0x128 cmd/built-in.o
 .text.do_mmc_read
                0x000000000060a77c      0x100 cmd/built-in.o
 .text.do_mmcinfo
                0x000000000060a87c      0x3c0 cmd/built-in.o
 .text.do_mmc_setdsr
                0x000000000060ac3c       0xbc cmd/built-in.o
 .text.netboot_common
                0x000000000060acf8      0x270 cmd/built-in.o
 .text.do_bootp
                0x000000000060af68        0xc cmd/built-in.o
 .text.do_dhcp  0x000000000060af74        0xc cmd/built-in.o
 .text.do_nfs   0x000000000060af80        0xc cmd/built-in.o
 .text.do_tftpb
                0x000000000060af8c       0x58 cmd/built-in.o
                0x000000000060af8c                do_tftpb
 .text.do_ping  0x000000000060afe4       0x7c cmd/built-in.o
 .text.do_part_list
                0x000000000060b060      0x18c cmd/built-in.o
 .text.do_part_start
                0x000000000060b1ec       0xd8 cmd/built-in.o
 .text.do_part_size
                0x000000000060b2c4       0xd8 cmd/built-in.o
 .text.do_part  0x000000000060b39c      0x114 cmd/built-in.o
 .text.eol_or_eof
                0x000000000060b4b0       0x24 cmd/built-in.o
 .text.do_pxe   0x000000000060b4d4       0x8c cmd/built-in.o
 .text.label_print
                0x000000000060b560       0x1c cmd/built-in.o
 .text.do_get_tftp
                0x000000000060b57c       0x3c cmd/built-in.o
 .text.from_env
                0x000000000060b5b8       0x3c cmd/built-in.o
 .text.get_string
                0x000000000060b5f4       0xe8 cmd/built-in.o
 .text.label_destroy
                0x000000000060b6dc       0x68 cmd/built-in.o
 .text.destroy_pxe_menu
                0x000000000060b744       0x68 cmd/built-in.o
 .text.get_token
                0x000000000060b7ac      0x134 cmd/built-in.o
 .text.parse_sliteral
                0x000000000060b8e0       0x6c cmd/built-in.o
 .text.parse_integer
                0x000000000060b94c       0x84 cmd/built-in.o
 .text.do_get_any
                0x000000000060b9d0       0x44 cmd/built-in.o
 .text.do_get_fat
                0x000000000060ba14       0x40 cmd/built-in.o
 .text.do_get_ext2
                0x000000000060ba54       0x40 cmd/built-in.o
 .text.format_mac_pxe.constprop.6
                0x000000000060ba94       0x6c cmd/built-in.o
 .text.get_relfile
                0x000000000060bb00      0x138 cmd/built-in.o
 .text.get_pxe_file
                0x000000000060bc38       0x60 cmd/built-in.o
 .text.handle_include
                0x000000000060bc98       0xc4 cmd/built-in.o
 .text.parse_pxefile_top
                0x000000000060bd5c      0x3f8 cmd/built-in.o
 .text.parse_pxefile
                0x000000000060c154       0x7c cmd/built-in.o
 .text.get_pxelinux_path
                0x000000000060c1d0       0x98 cmd/built-in.o
 .text.do_pxe_get
                0x000000000060c268      0x16c cmd/built-in.o
 .text.get_relfile_envaddr
                0x000000000060c3d4       0x5c cmd/built-in.o
 .text.label_boot
                0x000000000060c430      0x580 cmd/built-in.o
 .text.handle_pxe_menu
                0x000000000060c9b0      0x174 cmd/built-in.o
 .text.do_pxe_boot
                0x000000000060cb24       0xf0 cmd/built-in.o
 .text.do_sysboot
                0x000000000060cc14      0x1f4 cmd/built-in.o
 .text.rkusb_fini
                0x000000000060ce08       0x70 cmd/built-in.o
 .text.rkusb_erase_sector
                0x000000000060ce78       0x20 cmd/built-in.o
 .text.rkusb_write_sector
                0x000000000060ce98       0x20 cmd/built-in.o
 .text.do_rkusb
                0x000000000060ceb8      0x3e4 cmd/built-in.o
 .text.rkusb_read_sector
                0x000000000060d29c       0x50 cmd/built-in.o
 .text.do_rknand
                0x000000000060d2ec       0x6c cmd/built-in.o
 .text.do_rksfc
                0x000000000060d358       0xd4 cmd/built-in.o
 .text.do_false
                0x000000000060d42c        0x8 cmd/built-in.o
 .text.do_true  0x000000000060d434        0x8 cmd/built-in.o
 .text.do_test  0x000000000060d43c      0x360 cmd/built-in.o
 .text.do_unzip
                0x000000000060d79c       0xbc cmd/built-in.o
 .text.do_gzwrite
                0x000000000060d858      0x118 cmd/built-in.o
 .text.do_lzmadec
                0x000000000060d970       0xbc cmd/built-in.o
 .text.extract_val
                0x000000000060da2c       0xac cmd/built-in.o
 .text.extract_env
                0x000000000060dad8       0xf8 cmd/built-in.o
 .text.set_gpt_info.isra.1.constprop.2
                0x000000000060dbd0      0x460 cmd/built-in.o
 .text.do_gpt   0x000000000060e030      0x2e8 cmd/built-in.o
 .text.do_pmic  0x000000000060e318       0x7c cmd/built-in.o
 .text.failure  0x000000000060e394       0x38 cmd/built-in.o
 .text.do_write
                0x000000000060e3cc       0xd8 cmd/built-in.o
 .text.do_read  0x000000000060e4a4       0xd0 cmd/built-in.o
 .text.do_dump  0x000000000060e574       0xec cmd/built-in.o
 .text.do_list  0x000000000060e660       0xe0 cmd/built-in.o
 .text.do_dev   0x000000000060e740       0x9c cmd/built-in.o
 .text.do_dvfs  0x000000000060e7dc       0x9c cmd/built-in.o
 .text.do_env_delete
                0x000000000060e878       0xbc cmd/built-in.o
 .text.do_env_exists
                0x000000000060e934       0x60 cmd/built-in.o
 .text.do_env   0x000000000060e994       0x80 cmd/built-in.o
 .text.env_print
                0x000000000060ea14       0xc0 cmd/built-in.o
 .text.do_env_print
                0x000000000060ead4       0xe0 cmd/built-in.o
 .text.do_env_import
                0x000000000060ebb4      0x254 cmd/built-in.o
 .text.do_env_default
                0x000000000060ee08       0x90 cmd/built-in.o
 .text._do_env_set.isra.0
                0x000000000060ee98      0x1b8 cmd/built-in.o
 .text.do_env_set
                0x000000000060f050       0x20 cmd/built-in.o
 .text.get_env_id
                0x000000000060f070        0xc cmd/built-in.o
                0x000000000060f070                get_env_id
 .text.env_set  0x000000000060f07c       0x58 cmd/built-in.o
                0x000000000060f07c                env_set
 .text.env_set_ulong
                0x000000000060f0d4       0x2c cmd/built-in.o
                0x000000000060f0d4                env_set_ulong
 .text.env_set_hex
                0x000000000060f100       0x3c cmd/built-in.o
                0x000000000060f100                env_set_hex
 .text.do_env_export
                0x000000000060f13c      0x218 cmd/built-in.o
 .text.envmatch
                0x000000000060f354       0x7c cmd/built-in.o
                0x000000000060f354                envmatch
 .text.env_get_f
                0x000000000060f3d0       0xe8 cmd/built-in.o
                0x000000000060f3d0                env_get_f
 .text.env_get  0x000000000060f4b8       0x78 cmd/built-in.o
                0x000000000060f4b8                env_get
 .text.env_exist
                0x000000000060f530      0x140 cmd/built-in.o
                0x000000000060f530                env_exist
 .text.env_append
                0x000000000060f670       0xec cmd/built-in.o
 .text.env_delete
                0x000000000060f75c       0xa4 cmd/built-in.o
                0x000000000060f75c                env_delete
 .text.env_update_filter
                0x000000000060f800      0x3f4 cmd/built-in.o
                0x000000000060f800                env_update_filter
 .text.env_update
                0x000000000060fbf4        0x8 cmd/built-in.o
                0x000000000060fbf4                env_update
 .text.do_env_update
                0x000000000060fbfc       0x18 cmd/built-in.o
 .text.env_get_hex
                0x000000000060fc14       0x48 cmd/built-in.o
                0x000000000060fc14                env_get_hex
 .text.env_get_ulong
                0x000000000060fc5c       0x40 cmd/built-in.o
                0x000000000060fc5c                env_get_ulong
 .text.do_env_edit.part.4
                0x000000000060fc9c       0xb4 cmd/built-in.o
 .text.do_env_edit
                0x000000000060fd50       0x28 cmd/built-in.o
 .text.board_init_f_alloc_reserve
                0x000000000060fd78       0x10 common/built-in.o
                0x000000000060fd78                board_init_f_alloc_reserve
 .text.board_init_f_init_reserve
                0x000000000060fd88       0x30 common/built-in.o
                0x000000000060fd88                board_init_f_init_reserve
 .text.show_boot_progress
                0x000000000060fdb8        0x8 common/built-in.o
                0x000000000060fdb8                show_boot_progress
 .text.main_loop
                0x000000000060fdc0       0x6c common/built-in.o
                0x000000000060fdc0                main_loop
 .text.mdelay   0x000000000060fe2c       0x30 common/built-in.o
 .text.dummy    0x000000000060fe5c        0x4 common/built-in.o
 .text.get_version
                0x000000000060fe60        0x8 common/built-in.o
                0x000000000060fe60                get_version
 .text.jumptable_init
                0x000000000060fe68      0x1f0 common/built-in.o
                0x000000000060fe68                jumptable_init
 .text.hash_finish_crc32
                0x0000000000610058       0x38 common/built-in.o
 .text.hash_update_crc32
                0x0000000000610090       0x34 common/built-in.o
 .text.hash_init_crc32
                0x00000000006100c4       0x30 common/built-in.o
 .text.hash_finish_sha256
                0x00000000006100f4       0x48 common/built-in.o
 .text.hash_update_sha256
                0x000000000061013c       0x24 common/built-in.o
 .text.hash_init_sha256
                0x0000000000610160       0x34 common/built-in.o
 .text.hash_finish_sha1
                0x0000000000610194       0x48 common/built-in.o
 .text.hash_update_sha1
                0x00000000006101dc       0x24 common/built-in.o
 .text.hash_init_sha1
                0x0000000000610200       0x34 common/built-in.o
 .text.hash_lookup_algo
                0x0000000000610234       0x78 common/built-in.o
                0x0000000000610234                hash_lookup_algo
 .text.hash_command
                0x00000000006102ac      0x1d4 common/built-in.o
                0x00000000006102ac                hash_command
 .text.b_reset  0x0000000000610480       0x18 common/built-in.o
 .text.static_get
                0x0000000000610498       0x1c common/built-in.o
 .text.file_peek
                0x00000000006104b4        0xc common/built-in.o
 .text.mapset   0x00000000006104c0       0x20 common/built-in.o
 .text.syntax_err
                0x00000000006104e0        0xc common/built-in.o
 .text.free_pipe_list
                0x00000000006104ec       0xf4 common/built-in.o
 .text.xmalloc  0x00000000006105e0       0x28 common/built-in.o
 .text.new_pipe
                0x0000000000610608       0x24 common/built-in.o
 .text.xrealloc
                0x000000000061062c       0x28 common/built-in.o
 .text.done_command
                0x0000000000610654       0x94 common/built-in.o
 .text.done_pipe
                0x00000000006106e8       0x50 common/built-in.o
 .text.done_word
                0x0000000000610738      0x290 common/built-in.o
 .text.do_showvar
                0x00000000006109c8      0x108 common/built-in.o
 .text.is_assignment
                0x0000000000610ad0       0x4c common/built-in.o
 .text.file_get
                0x0000000000610b1c      0x200 common/built-in.o
 .text.b_addchr
                0x0000000000610d1c       0x94 common/built-in.o
 .text.b_addqchr
                0x0000000000610db0       0x58 common/built-in.o
 .text.static_peek
                0x0000000000610e08        0xc common/built-in.o
 .text.get_local_var
                0x0000000000610e14       0x9c common/built-in.o
                0x0000000000610e14                get_local_var
 .text.set_local_var
                0x0000000000610eb0      0x1a4 common/built-in.o
                0x0000000000610eb0                set_local_var
 .text.insert_var_value_sub
                0x0000000000611054      0x2c0 common/built-in.o
 .text.parse_string_outer
                0x0000000000611314       0xf4 common/built-in.o
                0x0000000000611314                parse_string_outer
 .text.run_list_real
                0x0000000000611408      0x72c common/built-in.o
 .text.parse_stream_outer
                0x0000000000611b34      0x67c common/built-in.o
 .text.parse_file_outer
                0x00000000006121b0       0x40 common/built-in.o
                0x00000000006121b0                parse_file_outer
 .text.u_boot_hush_start
                0x00000000006121f0       0x5c common/built-in.o
                0x00000000006121f0                u_boot_hush_start
 .text.bootdelay_process
                0x000000000061224c       0xc8 common/built-in.o
                0x000000000061224c                bootdelay_process
 .text.autoboot_command
                0x0000000000612314      0x10c common/built-in.o
                0x0000000000612314                autoboot_command
 .text.log_init
                0x0000000000612420       0x10 common/built-in.o
 .text.setup_mon_len
                0x0000000000612430       0x20 common/built-in.o
 .text.reserve_round_4k
                0x0000000000612450       0x14 common/built-in.o
 .text.reserve_uboot
                0x0000000000612464       0x2c common/built-in.o
 .text.reserve_malloc
                0x0000000000612490       0x14 common/built-in.o
 .text.reserve_global_data
                0x00000000006124a4       0x1c common/built-in.o
 .text.reserve_fdt
                0x00000000006124c0       0x48 common/built-in.o
 .text.initf_console_record
                0x0000000000612508        0x8 common/built-in.o
 .text.arch_cpu_init_dm
                0x0000000000612510        0x8 common/built-in.o
                0x0000000000612510                arch_cpu_init_dm
 .text.reserve_mmu
                0x0000000000612518       0x4c common/built-in.o
                0x0000000000612518                reserve_mmu
 .text.reloc_fdt
                0x0000000000612564       0x44 common/built-in.o
 .text.setup_reloc
                0x00000000006125a8       0x50 common/built-in.o
 .text.announce_pre_serial
                0x00000000006125f8       0x38 common/built-in.o
 .text.reserve_board
                0x0000000000612630       0x48 common/built-in.o
 .text.announce_dram_init
                0x0000000000612678       0x20 common/built-in.o
 .text.init_baud_rate
                0x0000000000612698       0x54 common/built-in.o
 .text.initf_dm
                0x00000000006126ec        0x8 common/built-in.o
 .text.initf_bootstage
                0x00000000006126f4       0x1c common/built-in.o
 .text.reserve_arch
                0x0000000000612710        0x8 common/built-in.o
                0x0000000000612710                reserve_arch
 .text.display_text_info
                0x0000000000612718        0x8 common/built-in.o
 .text.arch_cpu_init
                0x0000000000612720        0x8 common/built-in.o
                0x0000000000612720                arch_cpu_init
 .text.mach_cpu_init
                0x0000000000612728        0x8 common/built-in.o
                0x0000000000612728                mach_cpu_init
 .text.reserve_video
                0x0000000000612730        0x8 common/built-in.o
 .text.reserve_trace
                0x0000000000612738        0x8 common/built-in.o
 .text.setup_machine
                0x0000000000612740        0x8 common/built-in.o
 .text.reserve_bootstage
                0x0000000000612748        0x8 common/built-in.o
 .text.display_new_sp
                0x0000000000612750        0x8 common/built-in.o
 .text.reloc_bootstage
                0x0000000000612758        0x8 common/built-in.o
 .text.board_add_ram_info
                0x0000000000612760        0x4 common/built-in.o
                0x0000000000612760                board_add_ram_info
 .text.show_dram_config
                0x0000000000612764       0x58 common/built-in.o
 .text.setup_dest_addr
                0x00000000006127bc       0x48 common/built-in.o
 .text.reserve_stacks
                0x0000000000612804       0x1c common/built-in.o
 .text.board_init_f
                0x0000000000612820       0x2c common/built-in.o
                0x0000000000612820                board_init_f
 .text.bootstage_relocate
                0x000000000061284c        0x8 common/built-in.o
 .text.initr_reloc
                0x0000000000612854       0x18 common/built-in.o
 .text.initr_reloc_global_data
                0x000000000061286c       0x24 common/built-in.o
 .text.initr_announce
                0x0000000000612890       0x10 common/built-in.o
 .text.initr_mmc
                0x00000000006128a0        0x8 common/built-in.o
 .text.board_initr_caches_fixup
                0x00000000006128a8        0x8 common/built-in.o
                0x00000000006128a8                board_initr_caches_fixup
 .text.run_main_loop
                0x00000000006128b0       0x10 common/built-in.o
 .text.initr_net
                0x00000000006128c0       0x24 common/built-in.o
 .text.initr_ethaddr
                0x00000000006128e4       0x28 common/built-in.o
 .text.initr_jumptable
                0x000000000061290c       0x18 common/built-in.o
 .text.initr_serial
                0x0000000000612924       0x18 common/built-in.o
 .text.initr_env_nowhere
                0x000000000061293c       0x1c common/built-in.o
 .text.initr_dm
                0x0000000000612958       0x14 common/built-in.o
 .text.initr_of_live
                0x000000000061296c        0xc common/built-in.o
 .text.initr_enable_interrupts
                0x0000000000612978       0x18 common/built-in.o
 .text.initr_bootstage
                0x0000000000612990       0x1c common/built-in.o
 .text.initr_malloc
                0x00000000006129ac       0x28 common/built-in.o
 .text.initr_caches
                0x00000000006129d4       0x18 common/built-in.o
 .text.initr_trace
                0x00000000006129ec        0x8 common/built-in.o
 .text.initr_barrier
                0x00000000006129f4        0x8 common/built-in.o
 .text.initr_console_record
                0x00000000006129fc        0x8 common/built-in.o
 .text.power_init_board
                0x0000000000612a04        0x8 common/built-in.o
                0x0000000000612a04                power_init_board
 .text.cpu_secondary_init_r
                0x0000000000612a0c        0x4 common/built-in.o
                0x0000000000612a0c                cpu_secondary_init_r
 .text.initr_secondary_cpu
                0x0000000000612a10       0x18 common/built-in.o
 .text.board_init_r
                0x0000000000612a28       0x24 common/built-in.o
                0x0000000000612a28                board_init_r
 .text.checkboard
                0x0000000000612a4c        0x8 common/built-in.o
                0x0000000000612a4c                checkboard
 .text.show_board_info
                0x0000000000612a54       0x3c common/built-in.o
                0x0000000000612a54                show_board_info
 .text.bootm_find_images
                0x0000000000612a90       0xd8 common/built-in.o
                0x0000000000612a90                bootm_find_images
 .text.bootm_parse_comp
                0x0000000000612b68       0x5c common/built-in.o
                0x0000000000612b68                bootm_parse_comp
 .text.bootm_decomp_image
                0x0000000000612bc4      0x200 common/built-in.o
                0x0000000000612bc4                bootm_decomp_image
 .text.bootm_disable_interrupts
                0x0000000000612dc4       0x3c common/built-in.o
                0x0000000000612dc4                bootm_disable_interrupts
 .text.do_bootm_states
                0x0000000000612e00      0x8e4 common/built-in.o
                0x0000000000612e00                do_bootm_states
 .text.copy_args
                0x00000000006136e4       0x74 common/built-in.o
 .text.do_bootm_rtems
                0x0000000000613758       0x7c common/built-in.o
 .text.do_bootm_plan9
                0x00000000006137d4       0xe4 common/built-in.o
 .text.do_bootm_standalone
                0x00000000006138b8       0x74 common/built-in.o
 .text.do_bootm_netbsd
                0x000000000061392c      0x158 common/built-in.o
 .text.do_bootvx_fdt
                0x0000000000613a84      0x11c common/built-in.o
                0x0000000000613a84                do_bootvx_fdt
 .text.do_bootm_vxworks
                0x0000000000613ba0       0x58 common/built-in.o
 .text.boot_selected_os
                0x0000000000613bf8       0x7c common/built-in.o
                0x0000000000613bf8                boot_selected_os
 .text.bootm_os_get_boot_func
                0x0000000000613c74       0x10 common/built-in.o
                0x0000000000613c74                bootm_os_get_boot_func
 .text.of_bus_default_map
                0x0000000000613c84       0xa4 common/built-in.o
 .text.fdt_support_default_count_cells
                0x0000000000613d28       0x70 common/built-in.o
                0x0000000000613d28                fdt_support_default_count_cells
 .text.fdt_pack_reg
                0x0000000000613d98       0xdc common/built-in.o
 .text.of_bus_default_translate
                0x0000000000613e74       0xb8 common/built-in.o
 .text.fdt_find_and_setprop
                0x0000000000613f2c       0x94 common/built-in.o
                0x0000000000613f2c                fdt_find_and_setprop
 .text.fdt_find_or_add_subnode
                0x0000000000613fc0       0x74 common/built-in.o
                0x0000000000613fc0                fdt_find_or_add_subnode
 .text.fdt_initrd
                0x0000000000614034      0x1b8 common/built-in.o
                0x0000000000614034                fdt_initrd
 .text.fdt_chosen
                0x00000000006141ec      0x1ac common/built-in.o
                0x00000000006141ec                fdt_chosen
 .text.do_fixup_by_path
                0x0000000000614398       0x4c common/built-in.o
                0x0000000000614398                do_fixup_by_path
 .text.fdt_fixup_memory_banks
                0x00000000006143e4      0x164 common/built-in.o
                0x00000000006143e4                fdt_fixup_memory_banks
 .text.fdt_fixup_memory
                0x0000000000614548       0x2c common/built-in.o
                0x0000000000614548                fdt_fixup_memory
 .text.fdt_fixup_ethernet
                0x0000000000614574      0x1ac common/built-in.o
                0x0000000000614574                fdt_fixup_ethernet
 .text.fdt_shrink_to_minimum
                0x0000000000614720       0xc8 common/built-in.o
                0x0000000000614720                fdt_shrink_to_minimum
 .text.fdt_increase_size
                0x00000000006147e8       0x14 common/built-in.o
                0x00000000006147e8                fdt_increase_size
 .text.fdt_translate_address
                0x00000000006147fc      0x28c common/built-in.o
                0x00000000006147fc                fdt_translate_address
 .text.fdt_get_base_address
                0x0000000000614a88       0x4c common/built-in.o
                0x0000000000614a88                fdt_get_base_address
 .text.miiphy_get_dev_by_name
                0x0000000000614ad4       0x6c common/built-in.o
                0x0000000000614ad4                miiphy_get_dev_by_name
 .text.miiphy_init
                0x0000000000614b40       0x1c common/built-in.o
                0x0000000000614b40                miiphy_init
 .text.mdio_alloc
                0x0000000000614b5c       0x3c common/built-in.o
                0x0000000000614b5c                mdio_alloc
 .text.mdio_free
                0x0000000000614b98        0x4 common/built-in.o
                0x0000000000614b98                mdio_free
 .text.mdio_register
                0x0000000000614b9c       0x8c common/built-in.o
                0x0000000000614b9c                mdio_register
 .text.mdio_unregister
                0x0000000000614c28       0x30 common/built-in.o
                0x0000000000614c28                mdio_unregister
 .text.mdio_list_devices
                0x0000000000614c58       0xd4 common/built-in.o
                0x0000000000614c58                mdio_list_devices
 .text.miiphy_set_current_dev
                0x0000000000614d2c       0x48 common/built-in.o
                0x0000000000614d2c                miiphy_set_current_dev
 .text.miiphy_get_active_dev
                0x0000000000614d74       0x60 common/built-in.o
 .text.mdio_get_current_dev
                0x0000000000614dd4        0xc common/built-in.o
                0x0000000000614dd4                mdio_get_current_dev
 .text.mdio_phydev_for_ethname
                0x0000000000614de0       0xa0 common/built-in.o
                0x0000000000614de0                mdio_phydev_for_ethname
 .text.miiphy_get_current_dev
                0x0000000000614e80       0x18 common/built-in.o
                0x0000000000614e80                miiphy_get_current_dev
 .text.miiphy_read
                0x0000000000614e98       0x5c common/built-in.o
                0x0000000000614e98                miiphy_read
 .text.miiphy_write
                0x0000000000614ef4       0x5c common/built-in.o
                0x0000000000614ef4                miiphy_write
 .text.miiphy_listdev
                0x0000000000614f50       0x90 common/built-in.o
                0x0000000000614f50                miiphy_listdev
 .text.miiphy_info
                0x0000000000614fe0       0xa0 common/built-in.o
                0x0000000000614fe0                miiphy_info
 .text.miiphy_speed
                0x0000000000615080       0xc8 common/built-in.o
                0x0000000000615080                miiphy_speed
 .text.miiphy_duplex
                0x0000000000615148       0xc8 common/built-in.o
                0x0000000000615148                miiphy_duplex
 .text.miiphy_is_1000base_x
                0x0000000000615210        0x8 common/built-in.o
                0x0000000000615210                miiphy_is_1000base_x
 .text.menu_display_statusline
                0x0000000000615218        0x4 common/built-in.o
                0x0000000000615218                menu_display_statusline
 .text.menu_default_set
                0x000000000061521c       0x98 common/built-in.o
                0x000000000061521c                menu_default_set
 .text.menu_get_choice
                0x00000000006152b4      0x1ec common/built-in.o
                0x00000000006152b4                menu_get_choice
 .text.menu_item_add
                0x00000000006154a0       0xdc common/built-in.o
                0x00000000006154a0                menu_item_add
 .text.menu_create
                0x000000000061557c       0xa4 common/built-in.o
                0x000000000061557c                menu_create
 .text.menu_destroy
                0x0000000000615620       0x80 common/built-in.o
                0x0000000000615620                menu_destroy
 .text.delete_char.part.0
                0x00000000006156a0       0xfc common/built-in.o
 .text.cread_add_char
                0x000000000061579c      0x100 common/built-in.o
 .text.cli_readline_into_buffer
                0x000000000061589c      0x934 common/built-in.o
                0x000000000061589c                cli_readline_into_buffer
 .text.cli_readline
                0x00000000006161d0       0x14 common/built-in.o
                0x00000000006161d0                cli_readline
 .text.cli_simple_process_macros
                0x00000000006161e4      0x228 common/built-in.o
                0x00000000006161e4                cli_simple_process_macros
 .text.bounce_buffer_start
                0x000000000061640c       0x8c common/built-in.o
                0x000000000061640c                bounce_buffer_start
 .text.bounce_buffer_stop
                0x0000000000616498       0x5c common/built-in.o
                0x0000000000616498                bounce_buffer_stop
 .text.console_setfile
                0x00000000006164f4       0xbc common/built-in.o
 .text.putc     0x00000000006165b0       0x44 common/built-in.o
                0x00000000006165b0                putc
 .text.puts     0x00000000006165f4       0x30 common/built-in.o
                0x00000000006165f4                puts
 .text.fclear.part.4
                0x0000000000616624       0x1c common/built-in.o
 .text.fgetc    0x0000000000616640       0x24 common/built-in.o
                0x0000000000616640                fgetc
 .text.getc     0x0000000000616664       0x24 common/built-in.o
                0x0000000000616664                getc
 .text.ftstc    0x0000000000616688       0x24 common/built-in.o
                0x0000000000616688                ftstc
 .text.tstc     0x00000000006166ac       0x24 common/built-in.o
                0x00000000006166ac                tstc
 .text.flushc   0x00000000006166d0       0x14 common/built-in.o
                0x00000000006166d0                flushc
 .text.ctrlc    0x00000000006166e4       0x58 common/built-in.o
                0x00000000006166e4                ctrlc
 .text.confirm_yesno
                0x000000000061673c       0xd4 common/built-in.o
                0x000000000061673c                confirm_yesno
 .text.disable_ctrlc
                0x0000000000616810       0x14 common/built-in.o
                0x0000000000616810                disable_ctrlc
 .text.had_ctrlc
                0x0000000000616824        0xc common/built-in.o
                0x0000000000616824                had_ctrlc
 .text.clear_ctrlc
                0x0000000000616830        0xc common/built-in.o
                0x0000000000616830                clear_ctrlc
 .text.search_device
                0x000000000061683c       0x34 common/built-in.o
                0x000000000061683c                search_device
 .text.console_assign
                0x0000000000616870       0x68 common/built-in.o
                0x0000000000616870                console_assign
 .text.on_console
                0x00000000006168d8       0xc0 common/built-in.o
 .text.console_announce_r
                0x0000000000616998       0x84 common/built-in.o
                0x0000000000616998                console_announce_r
 .text.console_init_f
                0x0000000000616a1c       0x10 common/built-in.o
                0x0000000000616a1c                console_init_f
 .text.console_init_r
                0x0000000000616a2c       0xdc common/built-in.o
                0x0000000000616a2c                console_init_r
 .text.sbrk     0x0000000000616b08       0x74 common/built-in.o
                0x0000000000616b08                sbrk
 .text.mem_malloc_init
                0x0000000000616b7c       0x20 common/built-in.o
                0x0000000000616b7c                mem_malloc_init
 .text.malloc_trim
                0x0000000000616b9c       0xd8 common/built-in.o
                0x0000000000616b9c                malloc_trim
 .text.free     0x0000000000616c74      0x230 common/built-in.o
                0x0000000000616c74                free
 .text.malloc   0x0000000000616ea4      0x660 common/built-in.o
                0x0000000000616ea4                malloc
 .text.calloc   0x0000000000617504       0xe4 common/built-in.o
                0x0000000000617504                calloc
 .text.realloc  0x00000000006175e8      0x47c common/built-in.o
                0x00000000006175e8                realloc
 .text.memalign
                0x0000000000617a64      0x190 common/built-in.o
                0x0000000000617a64                memalign
 .text.initf_malloc
                0x0000000000617bf4       0x18 common/built-in.o
                0x0000000000617bf4                initf_malloc
 .text.malloc_simple
                0x0000000000617c0c       0x38 common/built-in.o
                0x0000000000617c0c                malloc_simple
 .text.on_loadaddr
                0x0000000000617c44       0x40 common/built-in.o
 .text.image_check_hcrc
                0x0000000000617c84       0x50 common/built-in.o
                0x0000000000617c84                image_check_hcrc
 .text.image_check_dcrc
                0x0000000000617cd4       0x44 common/built-in.o
                0x0000000000617cd4                image_check_dcrc
 .text.image_multi_count
                0x0000000000617d18       0x1c common/built-in.o
                0x0000000000617d18                image_multi_count
 .text.image_multi_getimg
                0x0000000000617d34       0x88 common/built-in.o
                0x0000000000617d34                image_multi_getimg
 .text.env_get_bootm_low
                0x0000000000617dbc       0x30 common/built-in.o
                0x0000000000617dbc                env_get_bootm_low
 .text.env_get_bootm_size
                0x0000000000617dec       0x78 common/built-in.o
                0x0000000000617dec                env_get_bootm_size
 .text.env_get_bootm_mapsize
                0x0000000000617e64       0x30 common/built-in.o
                0x0000000000617e64                env_get_bootm_mapsize
 .text.memmove_wd
                0x0000000000617e94       0x10 common/built-in.o
                0x0000000000617e94                memmove_wd
 .text.genimg_print_size
                0x0000000000617ea4       0x38 common/built-in.o
                0x0000000000617ea4                genimg_print_size
 .text.get_table_entry
                0x0000000000617edc       0x20 common/built-in.o
                0x0000000000617edc                get_table_entry
 .text.get_table_entry_name
                0x0000000000617efc       0x28 common/built-in.o
                0x0000000000617efc                get_table_entry_name
 .text.genimg_get_os_name
                0x0000000000617f24       0x18 common/built-in.o
                0x0000000000617f24                genimg_get_os_name
 .text.genimg_get_arch_name
                0x0000000000617f3c       0x18 common/built-in.o
                0x0000000000617f3c                genimg_get_arch_name
 .text.genimg_get_type_name
                0x0000000000617f54       0x18 common/built-in.o
                0x0000000000617f54                genimg_get_type_name
 .text.genimg_get_comp_name
                0x0000000000617f6c       0x18 common/built-in.o
                0x0000000000617f6c                genimg_get_comp_name
 .text.image_print_contents
                0x0000000000617f84      0x1bc common/built-in.o
                0x0000000000617f84                image_print_contents
 .text.get_table_entry_id
                0x0000000000618140       0x50 common/built-in.o
                0x0000000000618140                get_table_entry_id
 .text.genimg_get_os_id
                0x0000000000618190       0x18 common/built-in.o
                0x0000000000618190                genimg_get_os_id
 .text.genimg_get_arch_id
                0x00000000006181a8       0x18 common/built-in.o
                0x00000000006181a8                genimg_get_arch_id
 .text.genimg_get_type_id
                0x00000000006181c0       0x18 common/built-in.o
                0x00000000006181c0                genimg_get_type_id
 .text.genimg_get_comp_id
                0x00000000006181d8       0x18 common/built-in.o
                0x00000000006181d8                genimg_get_comp_id
 .text.genimg_get_kernel_addr_fit
                0x00000000006181f0       0x7c common/built-in.o
                0x00000000006181f0                genimg_get_kernel_addr_fit
 .text.genimg_get_kernel_addr
                0x000000000061826c       0x24 common/built-in.o
                0x000000000061826c                genimg_get_kernel_addr
 .text.genimg_get_format
                0x0000000000618290       0x5c common/built-in.o
                0x0000000000618290                genimg_get_format
 .text.genimg_has_config
                0x00000000006182ec       0x10 common/built-in.o
                0x00000000006182ec                genimg_has_config
 .text.boot_get_ramdisk
                0x00000000006182fc      0x3ac common/built-in.o
                0x00000000006182fc                boot_get_ramdisk
 .text.boot_ramdisk_high
                0x00000000006186a8      0x138 common/built-in.o
                0x00000000006186a8                boot_ramdisk_high
 .text.boot_get_setup
                0x00000000006187e0        0x4 common/built-in.o
                0x00000000006187e0                boot_get_setup
 .text.boot_get_loadable
                0x00000000006187e4      0x190 common/built-in.o
                0x00000000006187e4                boot_get_loadable
 .text.image_setup_linux
                0x0000000000618974       0x6c common/built-in.o
                0x0000000000618974                image_setup_linux
 .text.android_image_get_kernel_addr
                0x00000000006189e0       0x6c common/built-in.o
 .text.android_image_get_comp
                0x0000000000618a4c        0xc common/built-in.o
                0x0000000000618a4c                android_image_get_comp
 .text.android_image_parse_kernel_comp
                0x0000000000618a58       0x14 common/built-in.o
                0x0000000000618a58                android_image_parse_kernel_comp
 .text.android_image_get_kernel
                0x0000000000618a6c      0x198 common/built-in.o
                0x0000000000618a6c                android_image_get_kernel
 .text.android_image_check_header
                0x0000000000618c04       0x14 common/built-in.o
                0x0000000000618c04                android_image_check_header
 .text.android_image_get_end
                0x0000000000618c18       0xfc common/built-in.o
                0x0000000000618c18                android_image_get_end
 .text.android_image_get_kload
                0x0000000000618d14        0x4 common/built-in.o
                0x0000000000618d14                android_image_get_kload
 .text.android_image_get_ramdisk
                0x0000000000618d18       0xc8 common/built-in.o
                0x0000000000618d18                android_image_get_ramdisk
 .text.android_image_get_fdt
                0x0000000000618de0       0x7c common/built-in.o
                0x0000000000618de0                android_image_get_fdt
 .text.android_image_load_separate
                0x0000000000618e5c      0x408 common/built-in.o
                0x0000000000618e5c                android_image_load_separate
 .text.android_image_load
                0x0000000000619264      0x2c0 common/built-in.o
                0x0000000000619264                android_image_load
 .text.android_print_contents
                0x0000000000619524      0x378 common/built-in.o
                0x0000000000619524                android_print_contents
 .text.android_bootloader_message_load
                0x000000000061989c       0x70 common/built-in.o
                0x000000000061989c                android_bootloader_message_load
 .text.android_bootloader_load_and_clear_mode
                0x000000000061990c      0x10c common/built-in.o
 .text.android_bootloader_boot_kernel
                0x0000000000619a18      0x288 common/built-in.o
                0x0000000000619a18                android_bootloader_boot_kernel
 .text.android_assemble_cmdline
                0x0000000000619ca0      0x290 common/built-in.o
                0x0000000000619ca0                android_assemble_cmdline
 .text.android_bootloader_boot_flow
                0x0000000000619f30      0x1b4 common/built-in.o
                0x0000000000619f30                android_bootloader_boot_flow
 .text.fdt_error
                0x000000000061a0e4       0x38 common/built-in.o
 .text.boot_fdt_add_mem_rsv_regions
                0x000000000061a11c      0x190 common/built-in.o
                0x000000000061a11c                boot_fdt_add_mem_rsv_regions
 .text.boot_fdt_add_sysmem_rsv_regions
                0x000000000061a2ac      0x18c common/built-in.o
                0x000000000061a2ac                boot_fdt_add_sysmem_rsv_regions
 .text.boot_relocate_fdt
                0x000000000061a438      0x1b4 common/built-in.o
                0x000000000061a438                boot_relocate_fdt
 .text.boot_get_fdt
                0x000000000061a5ec      0x38c common/built-in.o
                0x000000000061a5ec                boot_get_fdt
 .text.ft_verify_fdt
                0x000000000061a978        0x8 common/built-in.o
                0x000000000061a978                ft_verify_fdt
 .text.image_setup_libfdt
                0x000000000061a980       0xfc common/built-in.o
                0x000000000061a980                image_setup_libfdt
 .text.fit_image_get_address
                0x000000000061aa7c       0x84 common/built-in.o
 .text.fit_parse_conf
                0x000000000061ab00       0x78 common/built-in.o
                0x000000000061ab00                fit_parse_conf
 .text.fit_parse_subimage
                0x000000000061ab78       0x78 common/built-in.o
                0x000000000061ab78                fit_parse_subimage
 .text.fit_get_desc
                0x000000000061abf0       0x38 common/built-in.o
                0x000000000061abf0                fit_get_desc
 .text.fit_image_get_node
                0x000000000061ac28       0x48 common/built-in.o
                0x000000000061ac28                fit_image_get_node
 .text.fit_image_get_os
                0x000000000061ac70       0x4c common/built-in.o
                0x000000000061ac70                fit_image_get_os
 .text.fit_image_get_arch
                0x000000000061acbc       0x4c common/built-in.o
                0x000000000061acbc                fit_image_get_arch
 .text.fit_image_get_type
                0x000000000061ad08       0x4c common/built-in.o
                0x000000000061ad08                fit_image_get_type
 .text.fit_image_get_comp
                0x000000000061ad54       0x4c common/built-in.o
                0x000000000061ad54                fit_image_get_comp
 .text.fit_image_get_load
                0x000000000061ada0       0x10 common/built-in.o
                0x000000000061ada0                fit_image_get_load
 .text.fit_image_get_entry
                0x000000000061adb0       0x10 common/built-in.o
                0x000000000061adb0                fit_image_get_entry
 .text.fit_image_get_data
                0x000000000061adc0       0x50 common/built-in.o
                0x000000000061adc0                fit_image_get_data
 .text.fit_image_hash_get_algo
                0x000000000061ae10       0x38 common/built-in.o
                0x000000000061ae10                fit_image_hash_get_algo
 .text.fit_image_hash_get_value
                0x000000000061ae48       0x50 common/built-in.o
                0x000000000061ae48                fit_image_hash_get_value
 .text.fit_image_print_data
                0x000000000061ae98      0x158 common/built-in.o
 .text.fit_image_print
                0x000000000061aff0      0x390 common/built-in.o
                0x000000000061aff0                fit_image_print
 .text.fit_get_end
                0x000000000061b380       0x10 common/built-in.o
                0x000000000061b380                fit_get_end
 .text.calculate_hash
                0x000000000061b390      0x11c common/built-in.o
                0x000000000061b390                calculate_hash
 .text.fit_image_verify
                0x000000000061b4ac      0x218 common/built-in.o
                0x000000000061b4ac                fit_image_verify
 .text.fit_image_check_os
                0x000000000061b6c4       0x3c common/built-in.o
                0x000000000061b6c4                fit_image_check_os
 .text.fit_image_check_arch
                0x000000000061b700       0x64 common/built-in.o
                0x000000000061b700                fit_image_check_arch
 .text.fit_image_check_type
                0x000000000061b764       0x3c common/built-in.o
                0x000000000061b764                fit_image_check_type
 .text.fit_image_check_comp
                0x000000000061b7a0       0x3c common/built-in.o
                0x000000000061b7a0                fit_image_check_comp
 .text.fit_check_format
                0x000000000061b7dc       0x54 common/built-in.o
                0x000000000061b7dc                fit_check_format
 .text.fit_conf_get_node
                0x000000000061b830       0xe0 common/built-in.o
                0x000000000061b830                fit_conf_get_node
 .text.fit_conf_get_prop_node_index
                0x000000000061b910       0x3c common/built-in.o
                0x000000000061b910                fit_conf_get_prop_node_index
 .text.fit_conf_get_prop_node
                0x000000000061b94c        0x8 common/built-in.o
                0x000000000061b94c                fit_conf_get_prop_node
 .text.fit_get_node_from_config
                0x000000000061b954       0x54 common/built-in.o
                0x000000000061b954                fit_get_node_from_config
 .text.fit_image_load
                0x000000000061b9a8      0x584 common/built-in.o
                0x000000000061b9a8                fit_image_load
 .text.boot_get_setup_fit
                0x000000000061bf2c       0x78 common/built-in.o
                0x000000000061bf2c                boot_get_setup_fit
 .text.boot_get_fdt_fit
                0x000000000061bfa4      0x180 common/built-in.o
                0x000000000061bfa4                boot_get_fdt_fit
 .text.get_effective_memsize
                0x000000000061c124        0x8 common/built-in.o
                0x000000000061c124                get_effective_memsize
 .text.stdio_serial_clear
                0x000000000061c12c        0x4 common/built-in.o
 .text.stdio_serial_tstc
                0x000000000061c130        0x4 common/built-in.o
 .text.stdio_serial_getc
                0x000000000061c134        0x4 common/built-in.o
 .text.stdio_serial_puts
                0x000000000061c138        0x8 common/built-in.o
 .text.stdio_serial_putc
                0x000000000061c140        0x8 common/built-in.o
 .text.stdio_get_list
                0x000000000061c148       0x10 common/built-in.o
                0x000000000061c148                stdio_get_list
 .text.stdio_get_by_name
                0x000000000061c158       0x6c common/built-in.o
                0x000000000061c158                stdio_get_by_name
 .text.stdio_clone
                0x000000000061c1c4       0x4c common/built-in.o
                0x000000000061c1c4                stdio_clone
 .text.stdio_register_dev
                0x000000000061c210       0x58 common/built-in.o
                0x000000000061c210                stdio_register_dev
 .text.stdio_register
                0x000000000061c268        0x8 common/built-in.o
                0x000000000061c268                stdio_register
 .text.stdio_init_tables
                0x000000000061c270       0x18 common/built-in.o
                0x000000000061c270                stdio_init_tables
 .text.stdio_add_devices
                0x000000000061c288       0x84 common/built-in.o
                0x000000000061c288                stdio_add_devices
 .text.read_rockchip_image
                0x000000000061c30c      0x12c common/built-in.o
                0x000000000061c30c                read_rockchip_image
 .text.get_bootdev_type
                0x000000000061c438      0x1b4 common/built-in.o
                0x000000000061c438                get_bootdev_type
 .text.rockchip_get_bootdev
                0x000000000061c5ec       0xfc common/built-in.o
                0x000000000061c5ec                rockchip_get_bootdev
 .text.rockchip_get_boot_mode
                0x000000000061c6e8      0x2b8 common/built-in.o
                0x000000000061c6e8                rockchip_get_boot_mode
 .text.boot_rockchip_image
                0x000000000061c9a0      0x248 common/built-in.o
                0x000000000061c9a0                boot_rockchip_image
 .text.run_command
                0x000000000061cbe8       0x14 common/built-in.o
                0x000000000061cbe8                run_command
 .text.run_command_list
                0x000000000061cbfc       0x90 common/built-in.o
                0x000000000061cbfc                run_command_list
 .text.do_run   0x000000000061cc8c       0x80 common/built-in.o
                0x000000000061cc8c                do_run
 .text.cli_process_fdt
                0x000000000061cd0c       0x50 common/built-in.o
                0x000000000061cd0c                cli_process_fdt
 .text.cli_secure_boot_cmd
                0x000000000061cd5c       0x74 common/built-in.o
                0x000000000061cd5c                cli_secure_boot_cmd
 .text.cli_loop
                0x000000000061cdd0       0x10 common/built-in.o
                0x000000000061cdd0                cli_loop
 .text.cli_init
                0x000000000061cde0        0x4 common/built-in.o
                0x000000000061cde0                cli_init
 .text.find_cmd_tbl
                0x000000000061cde4       0xbc common/built-in.o
                0x000000000061cde4                find_cmd_tbl
 .text.find_cmd
                0x000000000061cea0       0x28 common/built-in.o
                0x000000000061cea0                find_cmd
 .text.cmd_usage
                0x000000000061cec8       0x68 common/built-in.o
                0x000000000061cec8                cmd_usage
 .text._do_help
                0x000000000061cf30      0x18c common/built-in.o
                0x000000000061cf30                _do_help
 .text.var_complete
                0x000000000061d0bc       0x90 common/built-in.o
                0x000000000061d0bc                var_complete
 .text.cmd_auto_complete
                0x000000000061d14c      0x4a0 common/built-in.o
                0x000000000061d14c                cmd_auto_complete
 .text.cmd_get_data_size
                0x000000000061d5ec       0x6c common/built-in.o
                0x000000000061d5ec                cmd_get_data_size
 .text.cmd_process
                0x000000000061d658      0x10c common/built-in.o
                0x000000000061d658                cmd_process
 .text.cmd_process_error
                0x000000000061d764       0x38 common/built-in.o
                0x000000000061d764                cmd_process_error
 .text.part_driver_lookup_type
                0x000000000061d79c       0xac disk/built-in.o
 .text.blk_get_dev
                0x000000000061d848       0x3c disk/built-in.o
                0x000000000061d848                blk_get_dev
 .text.dev_print
                0x000000000061d884      0x1dc disk/built-in.o
                0x000000000061d884                dev_print
 .text.part_init
                0x000000000061da60       0x7c disk/built-in.o
                0x000000000061da60                part_init
 .text.part_print
                0x000000000061dadc      0x15c disk/built-in.o
                0x000000000061dadc                part_print
 .text.part_get_type
                0x000000000061dc38       0x40 disk/built-in.o
                0x000000000061dc38                part_get_type
 .text.part_get_info
                0x000000000061dc78       0x68 disk/built-in.o
                0x000000000061dc78                part_get_info
 .text.part_get_info_whole_disk
                0x000000000061dce0       0x54 disk/built-in.o
                0x000000000061dce0                part_get_info_whole_disk
 .text.blk_get_device_by_str
                0x000000000061dd34      0x164 disk/built-in.o
                0x000000000061dd34                blk_get_device_by_str
 .text.blk_get_device_part_str
                0x000000000061de98      0x378 disk/built-in.o
                0x000000000061de98                blk_get_device_part_str
 .text.part_get_info_by_name
                0x000000000061e210       0x8c disk/built-in.o
                0x000000000061e210                part_get_info_by_name
 .text.part_set_generic_name
                0x000000000061e29c       0x48 disk/built-in.o
                0x000000000061e29c                part_set_generic_name
 .text.test_block_type
                0x000000000061e2e4       0x90 disk/built-in.o
 .text.print_partition_extended
                0x000000000061e374      0x24c disk/built-in.o
 .text.part_print_dos
                0x000000000061e5c0       0x3c disk/built-in.o
                0x000000000061e5c0                part_print_dos
 .text.part_test_dos
                0x000000000061e5fc       0x84 disk/built-in.o
 .text.part_get_info_extended
                0x000000000061e680      0x2a8 disk/built-in.o
 .text.part_get_info_dos
                0x000000000061e928       0x1c disk/built-in.o
                0x000000000061e928                part_get_info_dos
 .text.print_efiname
                0x000000000061e944       0x5c disk/built-in.o
 .text.validate_gpt_entries
                0x000000000061e9a0       0xa8 disk/built-in.o
 .text.validate_gpt_header
                0x000000000061ea48      0x234 disk/built-in.o
 .text.is_gpt_valid
                0x000000000061ec7c      0x28c disk/built-in.o
 .text.set_protective_mbr
                0x000000000061ef08       0xe8 disk/built-in.o
 .text.is_pte_valid
                0x000000000061eff0       0x64 disk/built-in.o
 .text.part_print_efi
                0x000000000061f054      0x278 disk/built-in.o
                0x000000000061f054                part_print_efi
 .text.part_get_info_efi
                0x000000000061f2cc      0x2b0 disk/built-in.o
                0x000000000061f2cc                part_get_info_efi
 .text.gpt_entry_modify.isra.1
                0x000000000061f57c      0x174 disk/built-in.o
 .text.part_efi_repair
                0x000000000061f6f0      0x420 disk/built-in.o
 .text.part_test_efi
                0x000000000061fb10      0x190 disk/built-in.o
 .text.get_disk_guid
                0x000000000061fca0       0xec disk/built-in.o
                0x000000000061fca0                get_disk_guid
 .text.write_gpt_table
                0x000000000061fd8c      0x414 disk/built-in.o
                0x000000000061fd8c                write_gpt_table
 .text.gpt_fill_pte
                0x00000000006201a0      0x3b4 disk/built-in.o
                0x00000000006201a0                gpt_fill_pte
 .text.gpt_fill_header
                0x0000000000620554      0x250 disk/built-in.o
                0x0000000000620554                gpt_fill_header
 .text.gpt_restore
                0x00000000006207a4      0x150 disk/built-in.o
                0x00000000006207a4                gpt_restore
 .text.gpt_verify_headers
                0x00000000006208f4       0x98 disk/built-in.o
                0x00000000006208f4                gpt_verify_headers
 .text.gpt_verify_partitions
                0x000000000062098c      0x1f4 disk/built-in.o
                0x000000000062098c                gpt_verify_partitions
 .text.clk_request
                0x0000000000620b80       0x24 drivers/built-in.o
                0x0000000000620b80                clk_request
 .text.clk_get_by_indexed_prop
                0x0000000000620ba4       0xb0 drivers/built-in.o
 .text.clk_get_by_index
                0x0000000000620c54       0x14 drivers/built-in.o
                0x0000000000620c54                clk_get_by_index
 .text.clk_get_by_name
                0x0000000000620c68       0x50 drivers/built-in.o
                0x0000000000620c68                clk_get_by_name
 .text.clk_free
                0x0000000000620cb8       0x20 drivers/built-in.o
                0x0000000000620cb8                clk_free
 .text.clk_get_rate
                0x0000000000620cd8       0x20 drivers/built-in.o
                0x0000000000620cd8                clk_get_rate
 .text.clk_set_rate
                0x0000000000620cf8       0x20 drivers/built-in.o
                0x0000000000620cf8                clk_set_rate
 .text.clk_set_phase
                0x0000000000620d18       0x20 drivers/built-in.o
                0x0000000000620d18                clk_set_phase
 .text.clk_set_parent
                0x0000000000620d38       0x20 drivers/built-in.o
                0x0000000000620d38                clk_set_parent
 .text.clk_set_defaults
                0x0000000000620d58      0x178 drivers/built-in.o
                0x0000000000620d58                clk_set_defaults
 .text.clks_probe
                0x0000000000620ed0       0x88 drivers/built-in.o
                0x0000000000620ed0                clks_probe
 .text.clk_fixed_rate_ofdata_to_platdata
                0x0000000000620f58       0x44 drivers/built-in.o
 .text.clk_fixed_rate_get_rate
                0x0000000000620f9c       0x2c drivers/built-in.o
 .text.rk3036_pll_get_rate.isra.0
                0x0000000000620fc8       0xcc drivers/built-in.o
 .text.gcd      0x0000000000621094       0x2c drivers/built-in.o
                0x0000000000621094                gcd
 .text.rk3036_pll_set_rate.isra.3
                0x00000000006210c0      0x2d0 drivers/built-in.o
 .text.rockchip_pll_get_rate
                0x0000000000621390       0x50 drivers/built-in.o
                0x0000000000621390                rockchip_pll_get_rate
 .text.rockchip_pll_set_rate
                0x00000000006213e0       0x94 drivers/built-in.o
                0x00000000006213e0                rockchip_pll_set_rate
 .text.rockchip_get_cpu_settings
                0x0000000000621474       0x24 drivers/built-in.o
                0x0000000000621474                rockchip_get_cpu_settings
 .text.rk3308_bus_get_clk
                0x0000000000621498       0x64 drivers/built-in.o
 .text.rk3308_peri_get_clk
                0x00000000006214fc       0x58 drivers/built-in.o
 .text.rk3308_crypto_get_clk
                0x0000000000621554       0x48 drivers/built-in.o
 .text.rk3308_mmc_get_clk
                0x000000000062159c       0xa8 drivers/built-in.o
 .text.rk3308_i2c_get_clk
                0x0000000000621644       0xa4 drivers/built-in.o
 .text.rk3308_spi_get_clk
                0x00000000006216e8       0x88 drivers/built-in.o
 .text.rk3308_bus_set_clk
                0x0000000000621770       0x94 drivers/built-in.o
 .text.rk3308_peri_set_clk
                0x0000000000621804       0x94 drivers/built-in.o
 .text.rk3308_audio_set_clk
                0x0000000000621898       0x74 drivers/built-in.o
 .text.rk3308_clk_ofdata_to_platdata
                0x000000000062190c       0x34 drivers/built-in.o
 .text.rk3308_clk_bind
                0x0000000000621940       0xa0 drivers/built-in.o
 .text.rk3308_pwm_get_clk.isra.2
                0x00000000006219e0       0x30 drivers/built-in.o
 .text.rk3308_clk_set_parent
                0x0000000000621a10       0x68 drivers/built-in.o
 .text.rk3308_vop_get_clk.isra.6
                0x0000000000621a78       0x8c drivers/built-in.o
 .text.rk3308_clk_get_rate
                0x0000000000621b04      0x280 drivers/built-in.o
 .text.rk3308_armclk_set_clk.isra.7
                0x0000000000621d84      0x118 drivers/built-in.o
 .text.rk3308_clk_probe
                0x0000000000621e9c      0x1d0 drivers/built-in.o
 .text.rk3308_clk_set_rate
                0x000000000062206c      0x6bc drivers/built-in.o
 .text.rockchip_mmc_get_phase
                0x0000000000622728       0x58 drivers/built-in.o
                0x0000000000622728                rockchip_mmc_get_phase
 .text.rk3308_clk_get_phase
                0x0000000000622780       0x20 drivers/built-in.o
 .text.rockchip_mmc_set_phase
                0x00000000006227a0       0xb8 drivers/built-in.o
                0x00000000006227a0                rockchip_mmc_set_phase
 .text.rk3308_clk_set_phase
                0x0000000000622858       0x20 drivers/built-in.o
 .text.soc_clk_dump
                0x0000000000622878      0x144 drivers/built-in.o
                0x0000000000622878                soc_clk_dump
 .text.device_bind_common.isra.0
                0x00000000006229bc      0x444 drivers/built-in.o
 .text.alloc_priv
                0x0000000000622e00       0x64 drivers/built-in.o
 .text.device_bind_with_driver_data
                0x0000000000622e64       0x14 drivers/built-in.o
                0x0000000000622e64                device_bind_with_driver_data
 .text.device_bind_by_name
                0x0000000000622e78       0x7c drivers/built-in.o
                0x0000000000622e78                device_bind_by_name
 .text.device_probe
                0x0000000000622ef4      0x268 drivers/built-in.o
                0x0000000000622ef4                device_probe
 .text.dev_get_platdata
                0x000000000062315c       0x34 drivers/built-in.o
                0x000000000062315c                dev_get_platdata
 .text.dev_get_parent_platdata
                0x0000000000623190       0x34 drivers/built-in.o
                0x0000000000623190                dev_get_parent_platdata
 .text.dev_get_uclass_platdata
                0x00000000006231c4       0x34 drivers/built-in.o
                0x00000000006231c4                dev_get_uclass_platdata
 .text.dev_get_priv
                0x00000000006231f8       0x34 drivers/built-in.o
                0x00000000006231f8                dev_get_priv
 .text.dev_get_uclass_priv
                0x000000000062322c       0x34 drivers/built-in.o
                0x000000000062322c                dev_get_uclass_priv
 .text.dev_get_parent_priv
                0x0000000000623260       0x34 drivers/built-in.o
                0x0000000000623260                dev_get_parent_priv
 .text.device_find_first_child
                0x0000000000623294       0x28 drivers/built-in.o
                0x0000000000623294                device_find_first_child
 .text.dev_get_parent
                0x00000000006232bc        0x8 drivers/built-in.o
                0x00000000006232bc                dev_get_parent
 .text.dev_get_driver_data
                0x00000000006232c4        0x8 drivers/built-in.o
                0x00000000006232c4                dev_get_driver_data
 .text.dev_get_driver_ops
                0x00000000006232cc       0x18 drivers/built-in.o
                0x00000000006232cc                dev_get_driver_ops
 .text.device_get_uclass_id
                0x00000000006232e4       0x10 drivers/built-in.o
                0x00000000006232e4                device_get_uclass_id
 .text.dev_get_uclass_name
                0x00000000006232f4       0x1c drivers/built-in.o
                0x00000000006232f4                dev_get_uclass_name
 .text.device_set_name_alloced
                0x0000000000623310       0x10 drivers/built-in.o
                0x0000000000623310                device_set_name_alloced
 .text.device_is_compatible
                0x0000000000623320       0x6c drivers/built-in.o
                0x0000000000623320                device_is_compatible
 .text.devfdt_get_addr_index
                0x000000000062338c       0xc4 drivers/built-in.o
                0x000000000062338c                devfdt_get_addr_index
 .text.devfdt_get_addr_size_index
                0x0000000000623450       0x48 drivers/built-in.o
                0x0000000000623450                devfdt_get_addr_size_index
 .text.lists_driver_lookup_name
                0x0000000000623498       0x78 drivers/built-in.o
                0x0000000000623498                lists_driver_lookup_name
 .text.lists_uclass_lookup
                0x0000000000623510       0x48 drivers/built-in.o
                0x0000000000623510                lists_uclass_lookup
 .text.lists_bind_drivers
                0x0000000000623558       0xb0 drivers/built-in.o
                0x0000000000623558                lists_bind_drivers
 .text.device_bind_driver_to_node
                0x0000000000623608       0x68 drivers/built-in.o
                0x0000000000623608                device_bind_driver_to_node
 .text.device_bind_driver
                0x0000000000623670       0x24 drivers/built-in.o
                0x0000000000623670                device_bind_driver
 .text.lists_bind_fdt
                0x0000000000623694      0x184 drivers/built-in.o
                0x0000000000623694                lists_bind_fdt
 .text.dm_scan_fdt_node
                0x0000000000623818       0xcc drivers/built-in.o
 .text.dm_scan_fdt_live.isra.0
                0x00000000006238e4       0xc4 drivers/built-in.o
 .text.dm_root  0x00000000006239a8       0x30 drivers/built-in.o
                0x00000000006239a8                dm_root
 .text.dm_get_translation_offset
                0x00000000006239d8       0x1c drivers/built-in.o
                0x00000000006239d8                dm_get_translation_offset
 .text.dm_init  0x00000000006239f4       0x84 drivers/built-in.o
                0x00000000006239f4                dm_init
 .text.dm_remove_devices_flags
                0x0000000000623a78       0x2c drivers/built-in.o
                0x0000000000623a78                dm_remove_devices_flags
 .text.dm_scan_platdata
                0x0000000000623aa4       0x34 drivers/built-in.o
                0x0000000000623aa4                dm_scan_platdata
 .text.dm_scan_fdt_dev
                0x0000000000623ad8       0x60 drivers/built-in.o
                0x0000000000623ad8                dm_scan_fdt_dev
 .text.dm_scan_fdt
                0x0000000000623b38       0x34 drivers/built-in.o
                0x0000000000623b38                dm_scan_fdt
 .text.dm_extended_scan_fdt
                0x0000000000623b6c       0x60 drivers/built-in.o
                0x0000000000623b6c                dm_extended_scan_fdt
 .text.dm_scan_other
                0x0000000000623bcc        0x8 drivers/built-in.o
                0x0000000000623bcc                dm_scan_other
 .text.dm_init_and_scan
                0x0000000000623bd4       0x54 drivers/built-in.o
                0x0000000000623bd4                dm_init_and_scan
 .text.uclass_find
                0x0000000000623c28       0x4c drivers/built-in.o
                0x0000000000623c28                uclass_find
 .text.uclass_get
                0x0000000000623c74      0x128 drivers/built-in.o
                0x0000000000623c74                uclass_get
 .text.uclass_find_device
                0x0000000000623d9c       0x78 drivers/built-in.o
                0x0000000000623d9c                uclass_find_device
 .text.uclass_find_first_device
                0x0000000000623e14       0x48 drivers/built-in.o
                0x0000000000623e14                uclass_find_first_device
 .text.uclass_find_next_device
                0x0000000000623e5c       0x2c drivers/built-in.o
                0x0000000000623e5c                uclass_find_next_device
 .text.uclass_find_device_by_name
                0x0000000000623e88       0x98 drivers/built-in.o
                0x0000000000623e88                uclass_find_device_by_name
 .text.uclass_find_device_by_seq
                0x0000000000623f20       0x90 drivers/built-in.o
                0x0000000000623f20                uclass_find_device_by_seq
 .text.uclass_find_device_by_of_offset
                0x0000000000623fb0       0x78 drivers/built-in.o
                0x0000000000623fb0                uclass_find_device_by_of_offset
 .text.uclass_find_device_by_ofnode
                0x0000000000624028       0x90 drivers/built-in.o
                0x0000000000624028                uclass_find_device_by_ofnode
 .text.uclass_get_device_by_driver
                0x00000000006240b8       0x7c drivers/built-in.o