f_mass_storage.c:477:13:raise_exception	0	static
f_mass_storage.c:491:12:ep0_queue	32	static
f_mass_storage.c:510:13:bulk_in_complete	32	static
f_mass_storage.c:527:13:bulk_out_complete	32	static
f_mass_storage.c:2302:12:fsg_set_alt	16	static
f_mass_storage.c:2310:13:fsg_disable	0	static
f_mass_storage.c:550:12:fsg_setup	16	static
f_rockusb.c:134:13:__do_reset	0	static
f_mass_storage.c:2674:13:fsg_unbind	32	static
storage_common.c:654:13:store_cdrom_address	0	static
f_mass_storage.c:453:12:fsg_set_halt.isra.7	0	static
f_mass_storage.c:604:13:start_transfer.isra.9	32	static
f_mass_storage.c:1399:12:halt_bulk_in_endpoint.isra.14	32	static
f_rockusb.c:489:13:rkusb_fixup_cbwcb.isra.19	32	static
f_mass_storage.c:668:12:sleep_thread.isra.20	64	static
f_mass_storage.c:704:12:do_read	96	static
f_mass_storage.c:831:12:do_write	112	static
f_mass_storage.c:1618:12:send_status	48	static
f_mass_storage.c:1681:12:check_command.isra.22	80	static
f_mass_storage.c:1250:12:do_mode_sense.isra.27	96	static
f_mass_storage.c:2809:5:fsg_add	80	static
f_mass_storage.c:2207:12:do_set_interface	96	static
f_mass_storage.c:288:13:set_bit	0	static
f_mass_storage.c:298:13:clear_bit	0	static
f_rockusb.c:69:5:g_dnl_bind_fixup	32	static
f_mass_storage.c:2427:5:fsg_main_thread	144	static
f_mass_storage.c:2638:1:usb_copy_descriptors	48	static
f_mass_storage.c:2689:12:fsg_bind	64	static
f_mass_storage.c:2827:5:fsg_init	0	static
