gmac_rockchip.c:706:12:gmac_rockchip_eth_start	48	static
gmac_rockchip.c:388:13:px30_gmac_set_to_rmii	16	static
gmac_rockchip.c:404:13:rk1808_gmac_set_to_rgmii	32	static
gmac_rockchip.c:444:13:rk3228_gmac_set_to_rgmii	32	static
gmac_rockchip.c:162:12:rk3228_gmac_fix_mac_speed	32	static
gmac_rockchip.c:488:13:rk3288_gmac_set_to_rgmii	32	static
gmac_rockchip.c:195:12:rk3288_gmac_fix_mac_speed	32	static
gmac_rockchip.c:508:13:rk3308_gmac_set_to_rmii	16	static
gmac_rockchip.c:524:13:rk3328_gmac_set_to_rgmii	32	static
gmac_rockchip.c:262:12:rk3328_gmac_fix_mac_speed	32	static
gmac_rockchip.c:568:13:rk3368_gmac_set_to_rgmii	32	static
gmac_rockchip.c:295:12:rk3368_gmac_fix_mac_speed	32	static
gmac_rockchip.c:606:13:rk3399_gmac_set_to_rgmii	32	static
gmac_rockchip.c:327:12:rk3399_gmac_fix_mac_speed	32	static
gmac_rockchip.c:627:13:rv1108_gmac_set_to_rmii	16	static
gmac_rockchip.c:353:12:rv1108_set_rmii_speed	32	static
gmac_rockchip.c:87:12:px30_gmac_fix_mac_speed	48	static
gmac_rockchip.c:128:12:rk1808_gmac_fix_mac_speed	48	static
gmac_rockchip.c:221:12:rk3308_gmac_fix_mac_speed	48	static
gmac_rockchip.c:63:12:gmac_rockchip_ofdata_to_platdata	32	static
gmac_rockchip.c:642:12:gmac_rockchip_probe	64	static
gmac_rockchip.c:51:6:gmac_set_rgmii	48	static
