
Discarded input sections

 .data          0x0000000000000000        0x0 arch/arm/cpu/armv8/start.o
 .bss           0x0000000000000000        0x0 arch/arm/cpu/armv8/start.o
 .text          0x0000000000000000        0x0 arch/arm/mach-rockchip/built-in.o
 .text.param_parse_ddr_mem
                0x0000000000000000      0x118 arch/arm/mach-rockchip/built-in.o
 .text.get_page_size
                0x0000000000000000       0x40 arch/arm/mach-rockchip/built-in.o
 .text.get_ddr_bw
                0x0000000000000000       0x24 arch/arm/mach-rockchip/built-in.o
 .text.dram_init_banksize
                0x0000000000000000       0x18 arch/arm/mach-rockchip/built-in.o
 .text.dram_init
                0x0000000000000000       0x34 arch/arm/mach-rockchip/built-in.o
 .text.board_get_usable_ram_top
                0x0000000000000000       0x18 arch/arm/mach-rockchip/built-in.o
 .text.rockchip_setup_ddr_param
                0x0000000000000000       0x4c arch/arm/mach-rockchip/built-in.o
 .text.fixup_pcfg_drive_strength
                0x0000000000000000       0x98 arch/arm/mach-rockchip/built-in.o
 .text.rk_board_init
                0x0000000000000000       0x7c arch/arm/mach-rockchip/built-in.o
 .text.rk_board_fdt_fixup
                0x0000000000000000      0x304 arch/arm/mach-rockchip/built-in.o
 .text.rk_board_early_fdt_fixup
                0x0000000000000000       0x18 arch/arm/mach-rockchip/built-in.o
 .text.rockchip_get_clk
                0x0000000000000000       0x14 arch/arm/mach-rockchip/built-in.o
 .text.rockchip_get_cru
                0x0000000000000000       0x30 arch/arm/mach-rockchip/built-in.o
 .text.back_to_bootrom
                0x0000000000000000       0x2c arch/arm/mach-rockchip/built-in.o
 .text.board_return_to_bootrom
                0x0000000000000000        0x8 arch/arm/mach-rockchip/built-in.o
 .text.atags_is_available
                0x0000000000000000       0x1c arch/arm/mach-rockchip/built-in.o
 .text.atags_get_tag
                0x0000000000000000       0xa0 arch/arm/mach-rockchip/built-in.o
 .text.atags_set_bootdev_by_brom_bootsource
                0x0000000000000000       0x38 arch/arm/mach-rockchip/built-in.o
 .text.get_bootdev_by_spl_bootdevice
                0x0000000000000000       0x20 arch/arm/mach-rockchip/built-in.o
 .text.atags_destroy
                0x0000000000000000       0x28 arch/arm/mach-rockchip/built-in.o
 .rodata.param_parse_ddr_mem.str1.1
                0x0000000000000000       0x1a arch/arm/mach-rockchip/built-in.o
 .rodata.fixup_pcfg_drive_strength.str1.1
                0x0000000000000000       0x43 arch/arm/mach-rockchip/built-in.o
 .rodata.rk_board_fdt_fixup.str1.1
                0x0000000000000000      0x1c0 arch/arm/mach-rockchip/built-in.o
 .rodata.rk_board_init.str1.1
                0x0000000000000000       0x29 arch/arm/mach-rockchip/built-in.o
 .rodata.back_to_bootrom.str1.1
                0x0000000000000000       0x1a arch/arm/mach-rockchip/built-in.o
 .data.mem_map  0x0000000000000000        0x8 arch/arm/mach-rockchip/built-in.o
 .data.rk3308_mem_map
                0x0000000000000000       0x60 arch/arm/mach-rockchip/built-in.o
 .bss           0x0000000000000000        0x0 arch/arm/mach-rockchip/built-in.o
 .text.sdelay   0x0000000000000000        0xc arch/arm/cpu/armv8/built-in.o
 .text.cleanup_before_linux
                0x0000000000000000       0x28 arch/arm/cpu/armv8/built-in.o
 .text.timer_read_counter
                0x0000000000000000        0xc arch/arm/cpu/armv8/built-in.o
 .text.usec2ticks
                0x0000000000000000       0x44 arch/arm/cpu/armv8/built-in.o
 .text.timer_get_boot_us
                0x0000000000000000       0x14 arch/arm/cpu/armv8/built-in.o
 .text.count_required_pts
                0x0000000000000000       0xf8 arch/arm/cpu/armv8/built-in.o
 .text.create_table
                0x0000000000000000       0x70 arch/arm/cpu/armv8/built-in.o
 .text.split_block
                0x0000000000000000       0xa0 arch/arm/cpu/armv8/built-in.o
 .text.get_tcr  0x0000000000000000       0xe8 arch/arm/cpu/armv8/built-in.o
 .text.find_pte
                0x0000000000000000       0x94 arch/arm/cpu/armv8/built-in.o
 .text.set_one_region
                0x0000000000000000       0xd4 arch/arm/cpu/armv8/built-in.o
 .text.get_page_table_size
                0x0000000000000000       0x4c arch/arm/cpu/armv8/built-in.o
 .text.setup_pgtables
                0x0000000000000000      0x17c arch/arm/cpu/armv8/built-in.o
 .text.mmu_setup
                0x0000000000000000      0x13c arch/arm/cpu/armv8/built-in.o
 .text.flush_dcache_all
                0x0000000000000000       0x14 arch/arm/cpu/armv8/built-in.o
 .text.dcache_enable
                0x0000000000000000      0x110 arch/arm/cpu/armv8/built-in.o
 .text.dcache_status
                0x0000000000000000       0x34 arch/arm/cpu/armv8/built-in.o
 .text.arch_get_page_table
                0x0000000000000000       0x20 arch/arm/cpu/armv8/built-in.o
 .text.mmu_set_region_dcache_behaviour
[...]
Memory Configuration

Name             Origin             Length             Attributes
.sram            0x0000000000000000 0x0000000000020000
.sdram           0x0000000000400000 0x0000000000002000
*default*        0x0000000000000000 0xffffffffffffffff

Linker script and memory map


.text           0x0000000000000000     0xebd4
                0x0000000000000000                . = ALIGN (0x8)
 *(.__image_copy_start)
 .__image_copy_start
                0x0000000000000000        0x0 arch/arm/lib/built-in.o
                0x0000000000000000                __image_copy_start
 arch/arm/cpu/armv8/start.o(.text*)
 .text          0x0000000000000000      0x120 arch/arm/cpu/armv8/start.o
                0x0000000000000000                _start
                0x0000000000000008                _TEXT_BASE
                0x0000000000000010                _end_ofs
                0x0000000000000018                _bss_start_ofs
                0x0000000000000020                _bss_end_ofs
                0x000000000000002c                save_boot_params_ret
                0x0000000000000094                apply_core_errata
                0x00000000000000b8                lowlevel_init
                0x00000000000000c4                smp_kick_all_cpus
                0x00000000000000d0                c_runtime_cpu_setup
 *(.text*)
 .text.rockchip_sdram_size
                0x0000000000000120      0x1a8 arch/arm/mach-rockchip/built-in.o
                0x0000000000000120                rockchip_sdram_size
 .text.rk_board_init_f
                0x00000000000002c8       0xc4 arch/arm/mach-rockchip/built-in.o
                0x00000000000002c8                rk_board_init_f
 .text.board_debug_uart_init
                0x000000000000038c       0x3c arch/arm/mach-rockchip/built-in.o
                0x000000000000038c                board_debug_uart_init
 .text.arch_cpu_init
                0x00000000000003c8       0x24 arch/arm/mach-rockchip/built-in.o
                0x00000000000003c8                arch_cpu_init
 .text.save_boot_params
                0x00000000000003ec       0xa4 arch/arm/mach-rockchip/built-in.o
                0x00000000000003ec                save_boot_params
 .text.board_spl_was_booted_from
                0x0000000000000490       0x38 arch/arm/mach-rockchip/built-in.o
                0x0000000000000490                board_spl_was_booted_from
 .text.spl_boot_device
                0x00000000000004c8        0x8 arch/arm/mach-rockchip/built-in.o
                0x00000000000004c8                spl_boot_device
 .text.spl_boot_mode
                0x00000000000004d0        0x8 arch/arm/mach-rockchip/built-in.o
                0x00000000000004d0                spl_boot_mode
 .text.rockchip_stimer_init
                0x00000000000004d8       0x44 arch/arm/mach-rockchip/built-in.o
                0x00000000000004d8                rockchip_stimer_init
 .text.board_init_f
                0x000000000000051c       0x48 arch/arm/mach-rockchip/built-in.o
                0x000000000000051c                board_init_f
 .text.board_fit_config_name_match
                0x0000000000000564        0x8 arch/arm/mach-rockchip/built-in.o
                0x0000000000000564                board_fit_config_name_match
 .text.spl_perform_fixups
                0x000000000000056c        0x8 arch/arm/mach-rockchip/built-in.o
                0x000000000000056c                spl_perform_fixups
 .text.board_boot_order
                0x0000000000000574      0x1cc arch/arm/mach-rockchip/built-in.o
                0x0000000000000574                board_boot_order
 .text.atags_overflow
                0x0000000000000740       0x54 arch/arm/mach-rockchip/built-in.o
 .text.bad_magic
                0x0000000000000794       0x64 arch/arm/mach-rockchip/built-in.o
 .text.js_hash  0x00000000000007f8       0x50 arch/arm/mach-rockchip/built-in.o
 .text.atags_set_tag
                0x0000000000000848      0x178 arch/arm/mach-rockchip/built-in.o
                0x0000000000000848                atags_set_tag
 .text.get_bootdev_by_brom_bootsource
                0x00000000000009c0       0x30 arch/arm/mach-rockchip/built-in.o
                0x00000000000009c0                get_bootdev_by_brom_bootsource
 .text.atags_set_bootdev_by_spl_bootdevice
                0x00000000000009f0       0x5c arch/arm/mach-rockchip/built-in.o
                0x00000000000009f0                atags_set_bootdev_by_spl_bootdevice
 *fill*         0x0000000000000a4c      0x5b4 
 .text          0x0000000000001000      0x544 arch/arm/cpu/armv8/built-in.o
                0x0000000000001000                vectors
                0x00000000000014ec                __arm_smccc_smc
                0x0000000000001518                __arm_smccc_hvc
 .text.get_tbclk
                0x0000000000001544        0x8 arch/arm/cpu/armv8/built-in.o
                0x0000000000001544                get_tbclk
 .text.get_ticks
                0x000000000000154c       0x10 arch/arm/cpu/armv8/built-in.o
                0x000000000000154c                get_ticks
 .text.invalidate_dcache_all
                0x000000000000155c       0x14 arch/arm/cpu/armv8/built-in.o
                0x000000000000155c                invalidate_dcache_all
 .text.invalidate_dcache_range
                0x0000000000001570        0x4 arch/arm/cpu/armv8/built-in.o
                0x0000000000001570                invalidate_dcache_range
 .text.flush_dcache_range
                0x0000000000001574        0x4 arch/arm/cpu/armv8/built-in.o
                0x0000000000001574                flush_dcache_range
 .text.dcache_disable
                0x0000000000001578       0x84 arch/arm/cpu/armv8/built-in.o
                0x0000000000001578                dcache_disable
 .text.icache_disable
                0x00000000000015fc       0x64 arch/arm/cpu/armv8/built-in.o
                0x00000000000015fc                icache_disable
 .text.invalidate_icache_all
                0x0000000000001660       0x14 arch/arm/cpu/armv8/built-in.o
                0x0000000000001660                invalidate_icache_all
 .text.__asm_dcache_level
                0x0000000000001674       0x64 arch/arm/cpu/armv8/built-in.o
                0x0000000000001674                __asm_dcache_level
 .text.__asm_dcache_all
                0x00000000000016d8       0x60 arch/arm/cpu/armv8/built-in.o
                0x00000000000016d8                __asm_dcache_all
 .text.__asm_flush_dcache_all
                0x0000000000001738        0x8 arch/arm/cpu/armv8/built-in.o
                0x0000000000001738                __asm_flush_dcache_all
 .text.__asm_invalidate_dcache_all
                0x0000000000001740        0x8 arch/arm/cpu/armv8/built-in.o
                0x0000000000001740                __asm_invalidate_dcache_all
 .text.__asm_flush_dcache_range
                0x0000000000001748       0x34 arch/arm/cpu/armv8/built-in.o
                0x0000000000001748                __asm_flush_dcache_range
 .text.__asm_invalidate_dcache_range
                0x000000000000177c       0x30 arch/arm/cpu/armv8/built-in.o
                0x000000000000177c                __asm_invalidate_dcache_range
 .text.__asm_invalidate_icache_all
                0x00000000000017ac        0xc arch/arm/cpu/armv8/built-in.o
                0x00000000000017ac                __asm_invalidate_icache_all
 .text.__asm_invalidate_l3_dcache
                0x00000000000017b8        0x8 arch/arm/cpu/armv8/built-in.o
                0x00000000000017b8                __asm_invalidate_l3_dcache
 .text.__asm_flush_l3_dcache
                0x00000000000017c0        0x8 arch/arm/cpu/armv8/built-in.o
                0x00000000000017c0                __asm_flush_l3_dcache
 .text.__asm_invalidate_l3_icache
                0x00000000000017c8        0x8 arch/arm/cpu/armv8/built-in.o
                0x00000000000017c8                __asm_invalidate_l3_icache
 .text.__asm_invalidate_tlb_all
                0x00000000000017d0       0x4c arch/arm/cpu/armv8/built-in.o
                0x00000000000017d0                __asm_invalidate_tlb_all
 *fill*         0x000000000000181c        0x4 
 .text          0x0000000000001820      0x210 arch/arm/lib/built-in.o
                0x0000000000001820                _main
                0x00000000000018d8                relocate_code
                0x0000000000001998                gic_init_secure
                0x00000000000019dc                gic_init_secure_percpu
                0x0000000000001a00                gic_kick_secondary_cpus
                0x0000000000001a10                gic_wait_for_interrupt
 .text.setjmp   0x0000000000001a30       0x28 arch/arm/lib/built-in.o
                0x0000000000001a30                setjmp
 .text.longjmp  0x0000000000001a58       0x40 arch/arm/lib/built-in.o
                0x0000000000001a58                longjmp
 .text.show_regs
                0x0000000000001a98       0xb4 arch/arm/lib/built-in.o
                0x0000000000001a98                show_regs
 .text.do_bad_sync
                0x0000000000001b4c       0x30 arch/arm/lib/built-in.o
                0x0000000000001b4c                do_bad_sync
 .text.do_bad_irq
                0x0000000000001b7c       0x30 arch/arm/lib/built-in.o
                0x0000000000001b7c                do_bad_irq
 .text.do_bad_fiq
                0x0000000000001bac       0x30 arch/arm/lib/built-in.o
                0x0000000000001bac                do_bad_fiq
 .text.do_bad_error
                0x0000000000001bdc       0x30 arch/arm/lib/built-in.o
                0x0000000000001bdc                do_bad_error
 .text.do_sync  0x0000000000001c0c       0x30 arch/arm/lib/built-in.o
                0x0000000000001c0c                do_sync
 .text.do_irq   0x0000000000001c3c       0x30 arch/arm/lib/built-in.o
                0x0000000000001c3c                do_irq
 .text.do_fiq   0x0000000000001c6c       0x30 arch/arm/lib/built-in.o
                0x0000000000001c6c                do_fiq
 .text.do_error
                0x0000000000001c9c       0x30 arch/arm/lib/built-in.o
                0x0000000000001c9c                do_error
 .text.dump_core_stack
                0x0000000000001ccc       0xe0 arch/arm/lib/built-in.o
                0x0000000000001ccc                dump_core_stack
 .text.show_boot_progress
                0x0000000000001dac        0x4 common/spl/built-in.o
                0x0000000000001dac                show_boot_progress
 .text.spl_board_prepare_for_boot
                0x0000000000001db0        0x4 common/spl/built-in.o
                0x0000000000001db0                spl_board_prepare_for_boot
 .text.spl_set_header_raw_uboot
                0x0000000000001db4       0x2c common/spl/built-in.o
                0x0000000000001db4                spl_set_header_raw_uboot
 .text.spl_parse_image_header
                0x0000000000001de0       0x88 common/spl/built-in.o
                0x0000000000001de0                spl_parse_image_header
 .text.jump_to_image_no_args
                0x0000000000001e68       0x10 common/spl/built-in.o
                0x0000000000001e68                jump_to_image_no_args
 .text.spl_set_bd
                0x0000000000001e78       0x18 common/spl/built-in.o
                0x0000000000001e78                spl_set_bd
 .text.spl_early_init
                0x0000000000001e90       0xd4 common/spl/built-in.o
                0x0000000000001e90                spl_early_init
 .text.spl_init
                0x0000000000001f64       0x58 common/spl/built-in.o
                0x0000000000001f64                spl_init
 .text.board_init_r
                0x0000000000001fbc      0x1b0 common/spl/built-in.o
                0x0000000000001fbc                board_init_r
 .text.preloader_console_init
                0x000000000000216c       0x30 common/spl/built-in.o
                0x000000000000216c                preloader_console_init
 .text.spl_relocate_stack_gd
                0x000000000000219c       0x50 common/spl/built-in.o
                0x000000000000219c                spl_relocate_stack_gd
 .text.spl_fit_get_image_name.isra.0
                0x00000000000021ec      0x118 common/spl/built-in.o
 .text.spl_fit_get_image_node
                0x0000000000002304       0x50 common/spl/built-in.o
 .text.spl_load_fit_image
                0x0000000000002354      0x1b4 common/spl/built-in.o
 .text.spl_fit_append_fdt
                0x0000000000002508       0x98 common/spl/built-in.o
 .text.spl_load_simple_fit
                0x00000000000025a0      0x308 common/spl/built-in.o
                0x00000000000025a0                spl_load_simple_fit
 .text.h_spl_load_read
                0x00000000000028a8       0x40 common/spl/built-in.o
 .text.spl_mmc_load_image
                0x00000000000028e8      0x200 common/spl/built-in.o
                0x00000000000028e8                spl_mmc_load_image
 .text.spl_fit_images_find
                0x0000000000002ae8       0xc0 common/spl/built-in.o
 .text.bl31_entry
                0x0000000000002ba8      0x154 common/spl/built-in.o
                0x0000000000002ba8                bl31_entry
 .text.spl_fit_images_get_entry
                0x0000000000002cfc       0x50 common/spl/built-in.o
                0x0000000000002cfc                spl_fit_images_get_entry
 .text.spl_invoke_atf
                0x0000000000002d4c       0x84 common/spl/built-in.o
                0x0000000000002d4c                spl_invoke_atf
 .text.board_init_f_alloc_reserve
                0x0000000000002dd0       0x10 common/init/built-in.o
                0x0000000000002dd0                board_init_f_alloc_reserve
 .text.board_init_f_init_reserve
                0x0000000000002de0       0x30 common/init/built-in.o
                0x0000000000002de0                board_init_f_init_reserve
 .text.board_init_f_init_serial
                0x0000000000002e10        0x8 common/init/built-in.o
                0x0000000000002e10                board_init_f_init_serial
 .text.fdt_getprop_u32
                0x0000000000002e18       0x38 common/built-in.o
                0x0000000000002e18                fdt_getprop_u32
 .text.fit_find_config_node
                0x0000000000002e50      0x108 common/built-in.o
                0x0000000000002e50                fit_find_config_node
 .text.of_bus_default_map
                0x0000000000002f58       0xa4 common/built-in.o
 .text.fdt_support_default_count_cells
                0x0000000000002ffc       0x70 common/built-in.o
                0x0000000000002ffc                fdt_support_default_count_cells
 .text.of_bus_default_translate
                0x000000000000306c       0xb8 common/built-in.o
 .text.fdt_find_or_add_subnode
                0x0000000000003124       0x74 common/built-in.o
                0x0000000000003124                fdt_find_or_add_subnode
 .text.fdt_record_loadable
                0x0000000000003198      0x178 common/built-in.o
                0x0000000000003198                fdt_record_loadable
 .text.fdt_shrink_to_minimum
                0x0000000000003310       0xc8 common/built-in.o
                0x0000000000003310                fdt_shrink_to_minimum
 .text.fdt_translate_address
                0x00000000000033d8      0x28c common/built-in.o
                0x00000000000033d8                fdt_translate_address
 .text.fdt_get_base_address
                0x0000000000003664       0x4c common/built-in.o
                0x0000000000003664                fdt_get_base_address
 .text.bounce_buffer_start
                0x00000000000036b0       0x8c common/built-in.o
                0x00000000000036b0                bounce_buffer_start
 .text.bounce_buffer_stop
                0x000000000000373c       0x54 common/built-in.o
                0x000000000000373c                bounce_buffer_stop
 .text.putc     0x0000000000003790       0x44 common/built-in.o
                0x0000000000003790                putc
 .text.puts     0x00000000000037d4       0x30 common/built-in.o
                0x00000000000037d4                puts
 .text.malloc_simple
                0x0000000000003804       0x38 common/built-in.o
                0x0000000000003804                malloc_simple
 .text.memalign_simple
                0x000000000000383c       0x4c common/built-in.o
                0x000000000000383c                memalign_simple
 .text.calloc   0x0000000000003888       0x34 common/built-in.o
                0x0000000000003888                calloc
 .text.get_table_entry_id
                0x00000000000038bc       0x50 common/built-in.o
                0x00000000000038bc                get_table_entry_id
 .text.genimg_get_os_id
                0x000000000000390c       0x18 common/built-in.o
                0x000000000000390c                genimg_get_os_id
 .text.fit_image_get_address
                0x0000000000003924       0x84 common/built-in.o
 .text.fit_image_get_os
                0x00000000000039a8       0x4c common/built-in.o
                0x00000000000039a8                fit_image_get_os
 .text.fit_image_get_load
                0x00000000000039f4       0x10 common/built-in.o
                0x00000000000039f4                fit_image_get_load
 .text.fit_image_get_data
                0x0000000000003a04       0x50 common/built-in.o
                0x0000000000003a04                fit_image_get_data
 .text.fit_image_get_data_offset
                0x0000000000003a54       0x48 common/built-in.o
                0x0000000000003a54                fit_image_get_data_offset
 .text.fit_image_get_data_size
                0x0000000000003a9c       0x48 common/built-in.o
                0x0000000000003a9c                fit_image_get_data_size
 .text.fdt_check_header
                0x0000000000003ae4       0x74 lib/built-in.o
                0x0000000000003ae4                fdt_check_header
 .text.fdt_offset_ptr
                0x0000000000003b58       0x74 lib/built-in.o
                0x0000000000003b58                fdt_offset_ptr
 .text.fdt_next_tag
                0x0000000000003bcc       0xe0 lib/built-in.o
                0x0000000000003bcc                fdt_next_tag
 .text._fdt_check_node_offset
                0x0000000000003cac       0x40 lib/built-in.o
                0x0000000000003cac                _fdt_check_node_offset
 .text._fdt_check_prop_offset
                0x0000000000003cec       0x40 lib/built-in.o
                0x0000000000003cec                _fdt_check_prop_offset
 .text.fdt_next_node
                0x0000000000003d2c       0xb0 lib/built-in.o
                0x0000000000003d2c                fdt_next_node
 .text.fdt_first_subnode
                0x0000000000003ddc       0x34 lib/built-in.o
                0x0000000000003ddc                fdt_first_subnode
 .text.fdt_next_subnode
                0x0000000000003e10       0x5c lib/built-in.o
                0x0000000000003e10                fdt_next_subnode
 .text._fdt_find_string
                0x0000000000003e6c       0x70 lib/built-in.o
                0x0000000000003e6c                _fdt_find_string
 .text.fdt_strerror
                0x0000000000003edc       0x4c lib/built-in.o
                0x0000000000003edc                fdt_strerror
 .text._fdt_blocks_misordered
                0x0000000000003f28       0x60 lib/built-in.o
 .text._fdt_splice
                0x0000000000003f88       0x98 lib/built-in.o
 .text._fdt_splice_mem_rsv
                0x0000000000004020       0x6c lib/built-in.o
 .text._fdt_splice_struct
                0x000000000000408c       0x60 lib/built-in.o
 .text._fdt_add_property
                0x00000000000040ec      0x144 lib/built-in.o
 .text._fdt_rw_check_header
                0x0000000000004230       0x6c lib/built-in.o
 .text.fdt_add_mem_rsv
                0x000000000000429c       0x7c lib/built-in.o
                0x000000000000429c                fdt_add_mem_rsv
 .text.fdt_del_mem_rsv
                0x0000000000004318       0x70 lib/built-in.o
                0x0000000000004318                fdt_del_mem_rsv
 .text.fdt_setprop_placeholder
                0x0000000000004388       0xd8 lib/built-in.o
                0x0000000000004388                fdt_setprop_placeholder
 .text.fdt_setprop
                0x0000000000004460       0x54 lib/built-in.o
                0x0000000000004460                fdt_setprop
 .text.fdt_add_subnode_namelen
                0x00000000000044b4      0x11c lib/built-in.o
                0x00000000000044b4                fdt_add_subnode_namelen
 .text.fdt_add_subnode
                0x00000000000045d0       0x44 lib/built-in.o
                0x00000000000045d0                fdt_add_subnode
 .text.fdt_address_cells
                0x0000000000004614       0x58 lib/built-in.o
                0x0000000000004614                fdt_address_cells
 .text.fdt_size_cells
                0x000000000000466c       0x54 lib/built-in.o
                0x000000000000466c                fdt_size_cells
 .text.fdt_path_next_separator
                0x00000000000046c0       0x68 lib/built-in.o
 .text._nextprop
                0x0000000000004728       0x64 lib/built-in.o
 .text.fdt_string
                0x000000000000478c       0x14 lib/built-in.o
                0x000000000000478c                fdt_string
 .text.fdt_get_mem_rsv
                0x00000000000047a0       0x60 lib/built-in.o
                0x00000000000047a0                fdt_get_mem_rsv
 .text.fdt_num_mem_rsv
                0x0000000000004800       0x28 lib/built-in.o
                0x0000000000004800                fdt_num_mem_rsv
 .text.fdt_subnode_offset_namelen
                0x0000000000004828       0xec lib/built-in.o
                0x0000000000004828                fdt_subnode_offset_namelen
 .text.fdt_subnode_offset
                0x0000000000004914       0x44 lib/built-in.o
                0x0000000000004914                fdt_subnode_offset
 .text.fdt_get_name
                0x0000000000004958       0x7c lib/built-in.o
                0x0000000000004958                fdt_get_name
 .text.fdt_first_property_offset
                0x00000000000049d4       0x38 lib/built-in.o
                0x00000000000049d4                fdt_first_property_offset
 .text.fdt_next_property_offset
                0x0000000000004a0c       0x38 lib/built-in.o
                0x0000000000004a0c                fdt_next_property_offset
 .text.fdt_get_property_by_offset
                0x0000000000004a44       0x64 lib/built-in.o
                0x0000000000004a44                fdt_get_property_by_offset
 .text.fdt_get_property_namelen
                0x0000000000004aa8       0xd4 lib/built-in.o
                0x0000000000004aa8                fdt_get_property_namelen
 .text.fdt_get_property
                0x0000000000004b7c       0x4c lib/built-in.o
                0x0000000000004b7c                fdt_get_property
 .text.fdt_getprop_namelen
                0x0000000000004bc8       0x20 lib/built-in.o
                0x0000000000004bc8                fdt_getprop_namelen
 .text.fdt_getprop_by_offset
                0x0000000000004be8       0x54 lib/built-in.o
                0x0000000000004be8                fdt_getprop_by_offset
 .text.fdt_getprop
                0x0000000000004c3c       0x4c lib/built-in.o
                0x0000000000004c3c                fdt_getprop
 .text.fdt_get_phandle
                0x0000000000004c88       0x78 lib/built-in.o
                0x0000000000004c88                fdt_get_phandle
 .text.fdt_get_alias_namelen
                0x0000000000004d00       0x64 lib/built-in.o
                0x0000000000004d00                fdt_get_alias_namelen
 .text.fdt_path_offset_namelen
                0x0000000000004d64       0xfc lib/built-in.o
                0x0000000000004d64                fdt_path_offset_namelen
 .text.fdt_path_offset
                0x0000000000004e60       0x34 lib/built-in.o
                0x0000000000004e60                fdt_path_offset
 .text.fdt_get_alias
                0x0000000000004e94       0x34 lib/built-in.o
                0x0000000000004e94                fdt_get_alias
 .text.fdt_supernode_atdepth_offset
                0x0000000000004ec8       0xc0 lib/built-in.o
                0x0000000000004ec8                fdt_supernode_atdepth_offset
 .text.fdt_node_depth
                0x0000000000004f88       0x34 lib/built-in.o
                0x0000000000004f88                fdt_node_depth
 .text.fdt_parent_offset
                0x0000000000004fbc       0x44 lib/built-in.o
                0x0000000000004fbc                fdt_parent_offset
 .text.fdt_node_offset_by_phandle
                0x0000000000005000       0x84 lib/built-in.o
                0x0000000000005000                fdt_node_offset_by_phandle
 .text.fdt_stringlist_contains
                0x0000000000005084       0x98 lib/built-in.o
                0x0000000000005084                fdt_stringlist_contains
 .text.fdt_stringlist_search
                0x000000000000511c       0xc4 lib/built-in.o
                0x000000000000511c                fdt_stringlist_search
 .text.fdt_stringlist_get
                0x00000000000051e0       0xb4 lib/built-in.o
                0x00000000000051e0                fdt_stringlist_get
 .text.fdt_node_check_compatible
                0x0000000000005294       0x4c lib/built-in.o
                0x0000000000005294                fdt_node_check_compatible
 .text.fdtdec_get_int
                0x00000000000052e0       0x40 lib/built-in.o
                0x00000000000052e0                fdtdec_get_int
 .text.get_prop_check_min_len
                0x0000000000005320       0x50 lib/built-in.o
 .text.fdtdec_get_is_enabled
                0x0000000000005370       0x40 lib/built-in.o
                0x0000000000005370                fdtdec_get_is_enabled
 .text.fdtdec_get_alias_seq
                0x00000000000053b0      0x128 lib/built-in.o
                0x00000000000053b0                fdtdec_get_alias_seq
 .text.fdtdec_get_chosen_prop
                0x00000000000054d8       0x44 lib/built-in.o
                0x00000000000054d8                fdtdec_get_chosen_prop
 .text.fdtdec_get_chosen_node
                0x000000000000551c       0x3c lib/built-in.o
                0x000000000000551c                fdtdec_get_chosen_node
 .text.fdtdec_prepare_fdt
                0x0000000000005558       0x44 lib/built-in.o
                0x0000000000005558                fdtdec_prepare_fdt
 .text.fdtdec_get_int_array
                0x000000000000559c       0x5c lib/built-in.o
                0x000000000000559c                fdtdec_get_int_array
 .text.fdtdec_parse_phandle_with_args
                0x00000000000055f8      0x150 lib/built-in.o
                0x00000000000055f8                fdtdec_parse_phandle_with_args
 .text.fdtdec_get_number
                0x0000000000005748       0x30 lib/built-in.o
                0x0000000000005748                fdtdec_get_number
 .text.fdtdec_get_addr_size_fixed
                0x0000000000005778       0x94 lib/built-in.o
                0x0000000000005778                fdtdec_get_addr_size_fixed
 .text.fdtdec_get_addr_size_auto_parent
                0x000000000000580c       0xa8 lib/built-in.o
                0x000000000000580c                fdtdec_get_addr_size_auto_parent
 .text.fdtdec_get_addr_size_auto_noparent
                0x00000000000058b4       0x7c lib/built-in.o
                0x00000000000058b4                fdtdec_get_addr_size_auto_noparent
 .text.fdtdec_setup
                0x0000000000005930       0x10 lib/built-in.o
                0x0000000000005930                fdtdec_setup
 .text.hang     0x0000000000005940       0x20 lib/built-in.o
                0x0000000000005940                hang
 .text.strncasecmp
                0x0000000000005960       0x78 lib/built-in.o
                0x0000000000005960                strncasecmp
 .text.strcasecmp
                0x00000000000059d8        0x8 lib/built-in.o
                0x00000000000059d8                strcasecmp
 .text.strcpy   0x00000000000059e0       0x18 lib/built-in.o
                0x00000000000059e0                strcpy
 .text.strcmp   0x00000000000059f8       0x28 lib/built-in.o
                0x00000000000059f8                strcmp
 .text.strncmp  0x0000000000005a20       0x38 lib/built-in.o
                0x0000000000005a20                strncmp
 .text.strchr   0x0000000000005a58       0x28 lib/built-in.o
                0x0000000000005a58                strchr
 .text.strchrnul
                0x0000000000005a80       0x20 lib/built-in.o
                0x0000000000005a80                strchrnul
 .text.strlen   0x0000000000005aa0       0x1c lib/built-in.o
                0x0000000000005aa0                strlen
 .text.strrchr  0x0000000000005abc       0x40 lib/built-in.o
                0x0000000000005abc                strrchr
 .text.strnlen  0x0000000000005afc       0x28 lib/built-in.o
                0x0000000000005afc                strnlen
 .text.strcspn  0x0000000000005b24       0x38 lib/built-in.o
                0x0000000000005b24                strcspn
 .text.strdup   0x0000000000005b5c       0x4c lib/built-in.o
                0x0000000000005b5c                strdup
 .text.memset   0x0000000000005ba8       0x1c lib/built-in.o
                0x0000000000005ba8                memset
 .text.memcpy   0x0000000000005bc4       0x70 lib/built-in.o
                0x0000000000005bc4                memcpy
 .text.memmove  0x0000000000005c34       0x4c lib/built-in.o
                0x0000000000005c34                memmove
 .text.memcmp   0x0000000000005c80       0x30 lib/built-in.o
                0x0000000000005c80                memcmp
 .text.memchr   0x0000000000005cb0       0x30 lib/built-in.o
                0x0000000000005cb0                memchr
 .text.timer_init
                0x0000000000005ce0        0x8 lib/built-in.o
                0x0000000000005ce0                timer_init
 .text.get_timer
                0x0000000000005ce8       0x3c lib/built-in.o
                0x0000000000005ce8                get_timer
 .text.__udelay
                0x0000000000005d24       0x4c lib/built-in.o
                0x0000000000005d24                __udelay
 .text.udelay   0x0000000000005d70       0x44 lib/built-in.o
                0x0000000000005d70                udelay
 .text.putc_outstr
                0x0000000000005db4       0x14 lib/built-in.o
 .text.putc_normal
                0x0000000000005dc8        0x8 lib/built-in.o
 .text.div_out  0x0000000000005dd0       0x60 lib/built-in.o
 .text._vprintf
                0x0000000000005e30      0x490 lib/built-in.o
 .text.vprintf  0x00000000000062c0       0x44 lib/built-in.o
                0x00000000000062c0                vprintf
 .text.printf   0x0000000000006304       0x8c lib/built-in.o
                0x0000000000006304                printf
 .text.snprintf
                0x0000000000006390       0x94 lib/built-in.o
                0x0000000000006390                snprintf
 .text.panic_finish
                0x0000000000006424       0x34 lib/built-in.o
 .text.panic_str
                0x0000000000006458       0x10 lib/built-in.o
                0x0000000000006458                panic_str
 .text.panic    0x0000000000006468       0x74 lib/built-in.o
                0x0000000000006468                panic
 .text._parse_integer_fixup_radix
                0x00000000000064dc       0xac lib/built-in.o
 .text.simple_strtoul
                0x0000000000006588       0x88 lib/built-in.o
                0x0000000000006588                simple_strtoul
 .text.trailing_strtoln
                0x0000000000006610       0x78 lib/built-in.o
                0x0000000000006610                trailing_strtoln
 .text.trailing_strtol
                0x0000000000006688        0x8 lib/built-in.o
                0x0000000000006688                trailing_strtol
 .text.clk_request
                0x0000000000006690       0x24 drivers/built-in.o
                0x0000000000006690                clk_request
 .text.clk_get_by_indexed_prop
                0x00000000000066b4       0xb0 drivers/built-in.o
 .text.clk_get_by_index
                0x0000000000006764       0x14 drivers/built-in.o
                0x0000000000006764                clk_get_by_index
 .text.clk_get_by_name
                0x0000000000006778       0x50 drivers/built-in.o
                0x0000000000006778                clk_get_by_name
 .text.clk_get_rate
                0x00000000000067c8       0x20 drivers/built-in.o
                0x00000000000067c8                clk_get_rate
 .text.clk_set_rate
                0x00000000000067e8       0x20 drivers/built-in.o
                0x00000000000067e8                clk_set_rate
 .text.clk_set_phase
                0x0000000000006808       0x20 drivers/built-in.o
                0x0000000000006808                clk_set_phase
 .text.clk_set_parent
                0x0000000000006828       0x20 drivers/built-in.o
                0x0000000000006828                clk_set_parent
 .text.clk_set_defaults
                0x0000000000006848      0x164 drivers/built-in.o
                0x0000000000006848                clk_set_defaults
 .text.clk_fixed_rate_ofdata_to_platdata
                0x00000000000069ac       0x44 drivers/built-in.o
 .text.clk_fixed_rate_get_rate
                0x00000000000069f0       0x2c drivers/built-in.o
 .text.rk3036_pll_get_rate.isra.0
                0x0000000000006a1c       0xcc drivers/built-in.o
 .text.gcd      0x0000000000006ae8       0x2c drivers/built-in.o
                0x0000000000006ae8                gcd
 .text.rk3036_pll_set_rate.isra.3
                0x0000000000006b14      0x2d0 drivers/built-in.o
 .text.rockchip_pll_get_rate
                0x0000000000006de4       0x50 drivers/built-in.o
                0x0000000000006de4                rockchip_pll_get_rate
 .text.rockchip_pll_set_rate
                0x0000000000006e34       0x94 drivers/built-in.o
                0x0000000000006e34                rockchip_pll_set_rate
 .text.rockchip_get_cpu_settings
                0x0000000000006ec8       0x24 drivers/built-in.o
                0x0000000000006ec8                rockchip_get_cpu_settings
 .text.rk3308_bus_get_clk
                0x0000000000006eec       0x64 drivers/built-in.o
 .text.rk3308_peri_get_clk
                0x0000000000006f50       0x58 drivers/built-in.o
 .text.rk3308_crypto_get_clk
                0x0000000000006fa8       0x48 drivers/built-in.o
 .text.rk3308_mmc_get_clk
                0x0000000000006ff0       0xa8 drivers/built-in.o
 .text.rk3308_i2c_get_clk
                0x0000000000007098       0xa4 drivers/built-in.o
 .text.rk3308_spi_get_clk
                0x000000000000713c       0x88 drivers/built-in.o
 .text.rk3308_bus_set_clk
                0x00000000000071c4       0x94 drivers/built-in.o
 .text.rk3308_peri_set_clk
                0x0000000000007258       0x94 drivers/built-in.o
 .text.rk3308_audio_set_clk
                0x00000000000072ec       0x74 drivers/built-in.o
 .text.rk3308_clk_ofdata_to_platdata
                0x0000000000007360       0x34 drivers/built-in.o
 .text.rk3308_clk_bind
                0x0000000000007394       0xa0 drivers/built-in.o
 .text.rk3308_pwm_get_clk.isra.2
                0x0000000000007434       0x30 drivers/built-in.o
 .text.rk3308_clk_set_parent
                0x0000000000007464       0x68 drivers/built-in.o
 .text.rk3308_vop_get_clk.isra.6
                0x00000000000074cc       0x8c drivers/built-in.o
 .text.rk3308_clk_get_rate
                0x0000000000007558      0x280 drivers/built-in.o
 .text.rk3308_armclk_set_clk.isra.7
                0x00000000000077d8      0x118 drivers/built-in.o
 .text.rk3308_clk_probe
                0x00000000000078f0      0x1d0 drivers/built-in.o
 .text.rk3308_clk_set_rate
                0x0000000000007ac0      0x6bc drivers/built-in.o
 .text.rockchip_mmc_get_phase
                0x000000000000817c       0x58 drivers/built-in.o
                0x000000000000817c                rockchip_mmc_get_phase
 .text.rk3308_clk_get_phase
                0x00000000000081d4       0x20 drivers/built-in.o
 .text.rockchip_mmc_set_phase
                0x00000000000081f4       0xb8 drivers/built-in.o
                0x00000000000081f4                rockchip_mmc_set_phase
 .text.rk3308_clk_set_phase
                0x00000000000082ac       0x20 drivers/built-in.o
 .text.device_bind_common.isra.0
                0x00000000000082cc      0x37c drivers/built-in.o
 .text.alloc_priv
                0x0000000000008648       0x64 drivers/built-in.o
 .text.device_bind_with_driver_data
                0x00000000000086ac       0x14 drivers/built-in.o
                0x00000000000086ac                device_bind_with_driver_data
 .text.device_bind_by_name
                0x00000000000086c0       0x7c drivers/built-in.o
                0x00000000000086c0                device_bind_by_name
 .text.device_probe
                0x000000000000873c      0x1b8 drivers/built-in.o
                0x000000000000873c                device_probe
 .text.dev_get_platdata
                0x00000000000088f4       0x14 drivers/built-in.o
                0x00000000000088f4                dev_get_platdata
 .text.dev_get_uclass_platdata
                0x0000000000008908       0x14 drivers/built-in.o
                0x0000000000008908                dev_get_uclass_platdata
 .text.dev_get_priv
                0x000000000000891c       0x14 drivers/built-in.o
                0x000000000000891c                dev_get_priv
 .text.dev_get_uclass_priv
                0x0000000000008930       0x14 drivers/built-in.o
                0x0000000000008930                dev_get_uclass_priv
 .text.device_find_first_child
                0x0000000000008944       0x28 drivers/built-in.o
                0x0000000000008944                device_find_first_child
 .text.device_find_next_child
                0x000000000000896c       0x30 drivers/built-in.o
                0x000000000000896c                device_find_next_child
 .text.dev_get_parent
                0x000000000000899c        0x8 drivers/built-in.o
                0x000000000000899c                dev_get_parent
 .text.dev_get_driver_data
                0x00000000000089a4        0x8 drivers/built-in.o
                0x00000000000089a4                dev_get_driver_data
 .text.device_get_uclass_id
                0x00000000000089ac       0x10 drivers/built-in.o
                0x00000000000089ac                device_get_uclass_id
 .text.device_set_name_alloced
                0x00000000000089bc       0x10 drivers/built-in.o
                0x00000000000089bc                device_set_name_alloced
 .text.device_is_compatible
                0x00000000000089cc       0x6c drivers/built-in.o
                0x00000000000089cc                device_is_compatible
 .text.devfdt_get_addr_index
                0x0000000000008a38       0x78 drivers/built-in.o
                0x0000000000008a38                devfdt_get_addr_index
 .text.devfdt_get_addr_size_index
                0x0000000000008ab0       0x48 drivers/built-in.o
                0x0000000000008ab0                devfdt_get_addr_size_index
 .text.lists_driver_lookup_name
                0x0000000000008af8       0x78 drivers/built-in.o
                0x0000000000008af8                lists_driver_lookup_name
 .text.lists_uclass_lookup
                0x0000000000008b70       0x48 drivers/built-in.o
                0x0000000000008b70                lists_uclass_lookup
 .text.lists_bind_drivers
                0x0000000000008bb8       0x90 drivers/built-in.o
                0x0000000000008bb8                lists_bind_drivers
 .text.device_bind_driver_to_node
                0x0000000000008c48       0x68 drivers/built-in.o
                0x0000000000008c48                device_bind_driver_to_node
 .text.device_bind_driver
                0x0000000000008cb0       0x24 drivers/built-in.o
                0x0000000000008cb0                device_bind_driver
 .text.lists_bind_fdt
                0x0000000000008cd4      0x154 drivers/built-in.o
                0x0000000000008cd4                lists_bind_fdt
 .text.dm_scan_fdt_node
                0x0000000000008e28       0xbc drivers/built-in.o
 .text.dm_root  0x0000000000008ee4       0x18 drivers/built-in.o
                0x0000000000008ee4                dm_root
 .text.dm_fixup_for_gd_move
                0x0000000000008efc       0x20 drivers/built-in.o
                0x0000000000008efc                dm_fixup_for_gd_move
 .text.dm_get_translation_offset
                0x0000000000008f1c       0x1c drivers/built-in.o
                0x0000000000008f1c                dm_get_translation_offset
 .text.dm_init  0x0000000000008f38       0x60 drivers/built-in.o
                0x0000000000008f38                dm_init
 .text.dm_scan_platdata
                0x0000000000008f98       0x24 drivers/built-in.o
                0x0000000000008f98                dm_scan_platdata
 .text.dm_scan_fdt_dev
                0x0000000000008fbc       0x40 drivers/built-in.o
                0x0000000000008fbc                dm_scan_fdt_dev
 .text.dm_scan_fdt
                0x0000000000008ffc       0x18 drivers/built-in.o
                0x0000000000008ffc                dm_scan_fdt
 .text.dm_extended_scan_fdt
                0x0000000000009014       0x60 drivers/built-in.o
                0x0000000000009014                dm_extended_scan_fdt
 .text.dm_scan_other
                0x0000000000009074        0x8 drivers/built-in.o
                0x0000000000009074                dm_scan_other
 .text.dm_init_and_scan
                0x000000000000907c       0x54 drivers/built-in.o
                0x000000000000907c                dm_init_and_scan
 .text.uclass_find
                0x00000000000090d0       0x4c drivers/built-in.o
                0x00000000000090d0                uclass_find
 .text.uclass_get
                0x000000000000911c      0x104 drivers/built-in.o
                0x000000000000911c                uclass_get
 .text.uclass_find_device
                0x0000000000009220       0x78 drivers/built-in.o
                0x0000000000009220                uclass_find_device
 .text.uclass_find_first_device
                0x0000000000009298       0x48 drivers/built-in.o
                0x0000000000009298                uclass_find_first_device
 .text.uclass_find_next_device
                0x00000000000092e0       0x2c drivers/built-in.o
                0x00000000000092e0                uclass_find_next_device
 .text.uclass_find_device_by_seq
                0x000000000000930c       0x90 drivers/built-in.o
                0x000000000000930c                uclass_find_device_by_seq
 .text.uclass_find_device_by_of_offset
                0x000000000000939c       0x78 drivers/built-in.o
                0x000000000000939c                uclass_find_device_by_of_offset
 .text.uclass_find_device_by_ofnode
                0x0000000000009414       0x90 drivers/built-in.o
                0x0000000000009414                uclass_find_device_by_ofnode
 .text.uclass_get_device_by_driver
                0x00000000000094a4       0x7c drivers/built-in.o
                0x00000000000094a4                uclass_get_device_by_driver
 .text.uclass_get_device_tail
                0x0000000000009520       0x40 drivers/built-in.o
                0x0000000000009520                uclass_get_device_tail
 .text.uclass_get_device
                0x0000000000009560       0x38 drivers/built-in.o
                0x0000000000009560                uclass_get_device
 .text.uclass_get_device_by_seq
                0x0000000000009598       0x68 drivers/built-in.o
                0x0000000000009598                uclass_get_device_by_seq
 .text.uclass_get_device_by_of_offset
                0x0000000000009600       0x38 drivers/built-in.o
                0x0000000000009600                uclass_get_device_by_of_offset
 .text.uclass_get_device_by_ofnode
                0x0000000000009638       0x38 drivers/built-in.o
                0x0000000000009638                uclass_get_device_by_ofnode
 .text.uclass_first_device
                0x0000000000009670       0x44 drivers/built-in.o
                0x0000000000009670                uclass_first_device
 .text.uclass_next_device
                0x00000000000096b4       0x44 drivers/built-in.o
                0x00000000000096b4                uclass_next_device
 .text.uclass_bind_device
                0x00000000000096f8       0x70 drivers/built-in.o
                0x00000000000096f8                uclass_bind_device
 .text.uclass_resolve_seq
                0x0000000000009768       0x98 drivers/built-in.o
                0x0000000000009768                uclass_resolve_seq
 .text.uclass_pre_probe_device
                0x0000000000009800       0x64 drivers/built-in.o
                0x0000000000009800                uclass_pre_probe_device
 .text.uclass_post_probe_device
                0x0000000000009864       0x1c drivers/built-in.o
                0x0000000000009864                uclass_post_probe_device
 .text.dm_fdt_pre_reloc
                0x0000000000009880       0x5c drivers/built-in.o
                0x0000000000009880                dm_fdt_pre_reloc
 .text.simple_bus_post_bind
                0x00000000000098dc       0x5c drivers/built-in.o
 .text.simple_bus_translate
                0x0000000000009938       0x50 drivers/built-in.o
                0x0000000000009938                simple_bus_translate
 .text.regmap_init_mem
                0x0000000000009988      0x13c drivers/built-in.o
                0x0000000000009988                regmap_init_mem
 .text.regmap_get_range
                0x0000000000009ac4       0x24 drivers/built-in.o
                0x0000000000009ac4                regmap_get_range
 .text.syscon_pre_probe
                0x0000000000009ae8       0x28 drivers/built-in.o
 .text.syscon_get_by_driver_data
                0x0000000000009b10       0x74 drivers/built-in.o
                0x0000000000009b10                syscon_get_by_driver_data
 .text.syscon_get_regmap_by_driver_data
                0x0000000000009b84       0x30 drivers/built-in.o
                0x0000000000009b84                syscon_get_regmap_by_driver_data
 .text.syscon_get_first_range
                0x0000000000009bb4       0x28 drivers/built-in.o
                0x0000000000009bb4                syscon_get_first_range
 .text.of_find_property
                0x0000000000009bdc       0x78 drivers/built-in.o
                0x0000000000009bdc                of_find_property
 .text.of_find_property_value_of_size
                0x0000000000009c54       0x54 drivers/built-in.o
 .text.of_find_all_nodes
                0x0000000000009ca8       0x34 drivers/built-in.o
                0x0000000000009ca8                of_find_all_nodes
 .text.of_get_property
                0x0000000000009cdc       0x24 drivers/built-in.o
                0x0000000000009cdc                of_get_property
 .text.of_n_addr_cells
                0x0000000000009d00       0x5c drivers/built-in.o
                0x0000000000009d00                of_n_addr_cells
 .text.of_n_size_cells
                0x0000000000009d5c       0x5c drivers/built-in.o
                0x0000000000009d5c                of_n_size_cells
 .text.of_simple_addr_cells
                0x0000000000009db8       0x34 drivers/built-in.o
                0x0000000000009db8                of_simple_addr_cells
 .text.of_simple_size_cells
                0x0000000000009dec       0x34 drivers/built-in.o
                0x0000000000009dec                of_simple_size_cells
 .text.of_device_is_compatible
                0x0000000000009e20      0x110 drivers/built-in.o
                0x0000000000009e20                of_device_is_compatible
 .text.of_get_parent
                0x0000000000009f30       0x14 drivers/built-in.o
                0x0000000000009f30                of_get_parent
 .text.of_find_node_opts_by_path
                0x0000000000009f44      0x19c drivers/built-in.o
                0x0000000000009f44                of_find_node_opts_by_path
 .text.of_find_node_by_phandle
                0x000000000000a0e0       0x54 drivers/built-in.o
                0x000000000000a0e0                of_find_node_by_phandle
 .text.of_read_u32
                0x000000000000a134       0x48 drivers/built-in.o
                0x000000000000a134                of_read_u32
 .text.__of_parse_phandle_with_args.constprop.1
                0x000000000000a17c      0x170 drivers/built-in.o
 .text.of_read_u32_array
                0x000000000000a2ec       0x54 drivers/built-in.o
                0x000000000000a2ec                of_read_u32_array
 .text.of_property_match_string
                0x000000000000a340       0xa4 drivers/built-in.o
                0x000000000000a340                of_property_match_string
 .text.of_property_read_string_helper
                0x000000000000a3e4       0xd8 drivers/built-in.o
                0x000000000000a3e4                of_property_read_string_helper
 .text.of_parse_phandle_with_args
                0x000000000000a4bc       0x10 drivers/built-in.o
                0x000000000000a4bc                of_parse_phandle_with_args
 .text.of_count_phandle_with_args
                0x000000000000a4cc        0xc drivers/built-in.o
                0x000000000000a4cc                of_count_phandle_with_args
 .text.of_alias_get_id
                0x000000000000a4d8       0x6c drivers/built-in.o
                0x000000000000a4d8                of_alias_get_id
 .text.of_alias_get_dev
                0x000000000000a544       0x6c drivers/built-in.o
                0x000000000000a544                of_alias_get_dev
 .text.of_get_stdout
                0x000000000000a5b0       0x58 drivers/built-in.o
                0x000000000000a5b0                of_get_stdout
 .text.of_bus_default_map
                0x000000000000a608       0xa4 drivers/built-in.o
 .text.of_bus_default_get_flags
                0x000000000000a6ac        0x8 drivers/built-in.o
 .text.of_bus_default_count_cells
                0x000000000000a6b4       0x48 drivers/built-in.o
 .text.of_match_bus
                0x000000000000a6fc       0x64 drivers/built-in.o
 .text.of_bus_default_translate
                0x000000000000a760       0xb8 drivers/built-in.o
 .text.of_get_address
                0x000000000000a818      0x14c drivers/built-in.o
                0x000000000000a818                of_get_address
 .text.of_translate_address
                0x000000000000a964      0x23c drivers/built-in.o
                0x000000000000a964                of_translate_address
 .text.of_address_to_resource
                0x000000000000aba0       0xcc drivers/built-in.o
                0x000000000000aba0                of_address_to_resource
 .text.dev_read_u32_default
                0x000000000000ac6c       0x18 drivers/built-in.o
                0x000000000000ac6c                dev_read_u32_default
 .text.dev_read_bool
                0x000000000000ac84       0x18 drivers/built-in.o
                0x000000000000ac84                dev_read_bool
 .text.dev_read_size
                0x000000000000ac9c       0x18 drivers/built-in.o
                0x000000000000ac9c                dev_read_size
 .text.dev_read_addr_index
                0x000000000000acb4       0x44 drivers/built-in.o
                0x000000000000acb4                dev_read_addr_index
 .text.dev_read_addr
                0x000000000000acf8        0x8 drivers/built-in.o
                0x000000000000acf8                dev_read_addr
 .text.dev_read_addr_ptr
                0x000000000000ad00       0x1c drivers/built-in.o
                0x000000000000ad00                dev_read_addr_ptr
 .text.dev_read_stringlist_search
                0x000000000000ad1c       0x18 drivers/built-in.o
                0x000000000000ad1c                dev_read_stringlist_search
 .text.dev_read_phandle_with_args
                0x000000000000ad34       0x18 drivers/built-in.o
                0x000000000000ad34                dev_read_phandle_with_args
 .text.dev_count_phandle_with_args
                0x000000000000ad4c       0x18 drivers/built-in.o
                0x000000000000ad4c                dev_count_phandle_with_args
 .text.dev_read_simple_addr_cells
                0x000000000000ad64       0x18 drivers/built-in.o
                0x000000000000ad64                dev_read_simple_addr_cells
 .text.dev_read_simple_size_cells
                0x000000000000ad7c       0x18 drivers/built-in.o
                0x000000000000ad7c                dev_read_simple_size_cells
 .text.dev_read_prop
                0x000000000000ad94       0x18 drivers/built-in.o
                0x000000000000ad94                dev_read_prop
 .text.dev_read_alias_seq
                0x000000000000adac       0x70 drivers/built-in.o
                0x000000000000adac                dev_read_alias_seq
 .text.dev_read_u32_array
                0x000000000000ae1c       0x40 drivers/built-in.o
                0x000000000000ae1c                dev_read_u32_array
 .text.ofnode_read_u32
                0x000000000000ae5c       0x94 drivers/built-in.o
                0x000000000000ae5c                ofnode_read_u32
 .text.ofnode_read_u32_default
                0x000000000000aef0       0x2c drivers/built-in.o
                0x000000000000aef0                ofnode_read_u32_default
 .text.ofnode_read_u32_array
                0x000000000000af1c       0x4c drivers/built-in.o
                0x000000000000af1c                ofnode_read_u32_array
 .text.ofnode_get_name
                0x000000000000af68       0x80 drivers/built-in.o
                0x000000000000af68                ofnode_get_name
 .text.ofnode_read_size
                0x000000000000afe8       0x74 drivers/built-in.o
                0x000000000000afe8                ofnode_read_size
 .text.ofnode_get_addr_index
                0x000000000000b05c       0xa4 drivers/built-in.o
                0x000000000000b05c                ofnode_get_addr_index
 .text.ofnode_stringlist_search
                0x000000000000b100       0x6c drivers/built-in.o
                0x000000000000b100                ofnode_stringlist_search
 .text.ofnode_parse_phandle_with_args
                0x000000000000b16c       0xd8 drivers/built-in.o
                0x000000000000b16c                ofnode_parse_phandle_with_args
 .text.ofnode_count_phandle_with_args
                0x000000000000b244       0x50 drivers/built-in.o
                0x000000000000b244                ofnode_count_phandle_with_args
 .text.ofnode_path
                0x000000000000b294       0x40 drivers/built-in.o
                0x000000000000b294                ofnode_path
 .text.ofnode_get_property
                0x000000000000b2d4       0x44 drivers/built-in.o
                0x000000000000b2d4                ofnode_get_property
 .text.ofnode_read_bool
                0x000000000000b318       0x28 drivers/built-in.o
                0x000000000000b318                ofnode_read_bool
 .text.ofnode_read_simple_addr_cells
                0x000000000000b340       0x3c drivers/built-in.o
                0x000000000000b340                ofnode_read_simple_addr_cells
 .text.ofnode_read_simple_size_cells
                0x000000000000b37c       0x3c drivers/built-in.o
                0x000000000000b37c                ofnode_read_simple_size_cells
 .text.sysreset_request
                0x000000000000b3b8       0x1c drivers/built-in.o
                0x000000000000b3b8                sysreset_request
 .text.sysreset_walk
                0x000000000000b3d4       0xa0 drivers/built-in.o
                0x000000000000b3d4                sysreset_walk
 .text.sysreset_walk_halt
                0x000000000000b474       0x34 drivers/built-in.o
                0x000000000000b474                sysreset_walk_halt
 .text.do_reset
                0x000000000000b4a8       0x10 drivers/built-in.o
                0x000000000000b4a8                do_reset
 .text.psci_sysreset_request
                0x000000000000b4b8       0x54 drivers/built-in.o
 .text.rockchip_sysreset_request
                0x000000000000b50c       0x68 drivers/built-in.o
                0x000000000000b50c                rockchip_sysreset_request
 .text.psci_probe
                0x000000000000b574       0xa0 drivers/built-in.o
 .text.__invoke_psci_fn_smc
                0x000000000000b614       0x38 drivers/built-in.o
 .text.__invoke_psci_fn_hvc
                0x000000000000b64c       0x38 drivers/built-in.o
 .text.psci_bind
                0x000000000000b684       0x68 drivers/built-in.o
 .text.mmc_send_ext_csd
                0x000000000000b6ec       0x40 drivers/built-in.o
 .text.mmc_send_op_cond_iter
                0x000000000000b72c       0x74 drivers/built-in.o
 .text.mmc_read_blocks
                0x000000000000b7a0       0xd4 drivers/built-in.o
 .text.mmc_go_idle
                0x000000000000b874       0x50 drivers/built-in.o
 .text.mmc_set_capacity
                0x000000000000b8c4       0x84 drivers/built-in.o
 .text.__mmc_switch.isra.3
                0x000000000000b948      0x130 drivers/built-in.o
 .text.mmc_send_status
                0x000000000000ba78       0xd4 drivers/built-in.o
                0x000000000000ba78                mmc_send_status
 .text.mmc_set_blocklen
                0x000000000000bb4c       0x5c drivers/built-in.o
                0x000000000000bb4c                mmc_set_blocklen
 .text.mmc_set_clock
                0x000000000000bba8       0x24 drivers/built-in.o
                0x000000000000bba8                mmc_set_clock
 .text.mmc_set_bus_speed
                0x000000000000bbcc       0x5c drivers/built-in.o
 .text.mmc_startup
                0x000000000000bc28      0xcf4 drivers/built-in.o
 .text.mmc_send_tuning
                0x000000000000c91c       0xd4 drivers/built-in.o
                0x000000000000c91c                mmc_send_tuning
 .text.mmc_switch_part
                0x000000000000c9f0       0x7c drivers/built-in.o
                0x000000000000c9f0                mmc_switch_part
 .text.mmc_start_init
                0x000000000000ca6c      0x21c drivers/built-in.o
                0x000000000000ca6c                mmc_start_init
 .text.mmc_init
                0x000000000000cc88      0x134 drivers/built-in.o
                0x000000000000cc88                mmc_init
 .text.mmc_bread
                0x000000000000cdbc      0x158 drivers/built-in.o
                0x000000000000cdbc                mmc_bread
 .text.mmc_initialize
                0x000000000000cf14       0x34 drivers/built-in.o
                0x000000000000cf14                mmc_initialize
 .text.mmc_blk_probe
                0x000000000000cf48       0x1c drivers/built-in.o
 .text.mmc_card_busy
                0x000000000000cf64       0x20 drivers/built-in.o
                0x000000000000cf64                mmc_card_busy
 .text.mmc_can_card_busy
                0x000000000000cf84       0x1c drivers/built-in.o
                0x000000000000cf84                mmc_can_card_busy
 .text.dm_mmc_set_ios
                0x000000000000cfa0       0x1c drivers/built-in.o
                0x000000000000cfa0                dm_mmc_set_ios
 .text.mmc_set_ios
                0x000000000000cfbc        0x8 drivers/built-in.o
                0x000000000000cfbc                mmc_set_ios
 .text.dm_mmc_get_cd
                0x000000000000cfc4       0x1c drivers/built-in.o
                0x000000000000cfc4                dm_mmc_get_cd
 .text.mmc_getcd
                0x000000000000cfe0        0x8 drivers/built-in.o
                0x000000000000cfe0                mmc_getcd
 .text.mmc_get_mmc_dev
                0x000000000000cfe8       0x28 drivers/built-in.o
                0x000000000000cfe8                mmc_get_mmc_dev
 .text.dm_mmc_send_cmd
                0x000000000000d010       0x60 drivers/built-in.o
                0x000000000000d010                dm_mmc_send_cmd
 .text.mmc_send_cmd
                0x000000000000d070        0x8 drivers/built-in.o
                0x000000000000d070                mmc_send_cmd
 .text.mmc_select_hwpart
                0x000000000000d078       0x78 drivers/built-in.o
 .text.find_mmc_device
                0x000000000000d0f0       0x54 drivers/built-in.o
                0x000000000000d0f0                find_mmc_device
 .text.mmc_get_blk_desc
                0x000000000000d144       0x30 drivers/built-in.o
                0x000000000000d144                mmc_get_blk_desc
 .text.mmc_do_preinit
                0x000000000000d174       0x68 drivers/built-in.o
                0x000000000000d174                mmc_do_preinit
 .text.mmc_bind
                0x000000000000d1dc       0xb8 drivers/built-in.o
                0x000000000000d1dc                mmc_bind
 .text.dwmci_get_cd
                0x000000000000d294        0x8 drivers/built-in.o
 .text.dwmci_execute_tuning
                0x000000000000d29c       0x40 drivers/built-in.o
 .text.dwmci_card_busy
                0x000000000000d2dc       0x28 drivers/built-in.o
 .text.dwmci_wait_reset.isra.0
                0x000000000000d304       0x3c drivers/built-in.o
 .text.dwmci_send_cmd
                0x000000000000d340      0x5fc drivers/built-in.o
 .text.dwmci_setup_bus.part.2
                0x000000000000d93c      0x104 drivers/built-in.o
 .text.dwmci_set_ios
                0x000000000000da40       0xb8 drivers/built-in.o
 .text.dwmci_probe
                0x000000000000daf8      0x150 drivers/built-in.o
                0x000000000000daf8                dwmci_probe
 .text.dwmci_setup_cfg
                0x000000000000dc48       0x58 drivers/built-in.o
                0x000000000000dc48                dwmci_setup_cfg
 .text.dwmci_bind
                0x000000000000dca0        0x4 drivers/built-in.o
                0x000000000000dca0                dwmci_bind
 .text.rockchip_dwmmc_ofdata_to_platdata
                0x000000000000dca4      0x110 drivers/built-in.o
 .text.rockchip_dwmmc_get_mmc_clk
                0x000000000000ddb4       0x58 drivers/built-in.o
 .text.rockchip_dwmmc_probe
                0x000000000000de0c      0x124 drivers/built-in.o
 .text.rockchip_dwmmc_execute_tuning
                0x000000000000df30      0x104 drivers/built-in.o
 .text.rockchip_dwmmc_bind
                0x000000000000e034       0x2c drivers/built-in.o
 .text.dmc_get_info
                0x000000000000e060       0x34 drivers/built-in.o
 .text.dmc_probe
                0x000000000000e094       0x40 drivers/built-in.o
 .text._serial_putc
                0x000000000000e0d4       0x58 drivers/built-in.o
 .text.serial_post_probe
                0x000000000000e12c       0x20 drivers/built-in.o
 .text.serial_pre_remove
                0x000000000000e14c        0x8 drivers/built-in.o
 .text.serial_init
                0x000000000000e154      0x1f0 drivers/built-in.o
                0x000000000000e154                serial_init
 .text.serial_putc
                0x000000000000e344       0x18 drivers/built-in.o
                0x000000000000e344                serial_putc
 .text.ns16550_serial_ofdata_to_platdata
                0x000000000000e35c      0x11c drivers/built-in.o
                0x000000000000e35c                ns16550_serial_ofdata_to_platdata
 .text.ns16550_writeb.isra.0
                0x000000000000e478       0x1c drivers/built-in.o
 .text.NS16550_setbrg
                0x000000000000e494       0x54 drivers/built-in.o
 .text.ns16550_serial_setbrg
                0x000000000000e4e8       0x3c drivers/built-in.o
 .text.ns16550_readb.isra.1
                0x000000000000e524       0x1c drivers/built-in.o
 .text.ns16550_serial_clear
                0x000000000000e540       0x2c drivers/built-in.o
 .text.ns16550_serial_pending
                0x000000000000e56c       0x44 drivers/built-in.o
 .text.ns16550_serial_putc
                0x000000000000e5b0       0x48 drivers/built-in.o
 .text.ns16550_serial_getc
                0x000000000000e5f8       0x3c drivers/built-in.o
 .text.NS16550_init
                0x000000000000e634       0x70 drivers/built-in.o
                0x000000000000e634                NS16550_init
 .text.ns16550_serial_probe
                0x000000000000e6a4       0x40 drivers/built-in.o
                0x000000000000e6a4                ns16550_serial_probe
 .text.printch  0x000000000000e6e4       0x58 drivers/built-in.o
                0x000000000000e6e4                printch
 .text.printascii
                0x000000000000e73c       0x6c drivers/built-in.o
                0x000000000000e73c                printascii
 .text.debug_uart_init
                0x000000000000e7a8       0x78 drivers/built-in.o
                0x000000000000e7a8                debug_uart_init
 .text.blk_select_hwpart
                0x000000000000e820       0x28 drivers/built-in.o
                0x000000000000e820                blk_select_hwpart
 .text.blk_dselect_hwpart
                0x000000000000e848        0x8 drivers/built-in.o
                0x000000000000e848                blk_dselect_hwpart
 .text.blk_find_device
                0x000000000000e850       0xa0 drivers/built-in.o
                0x000000000000e850                blk_find_device
 .text.blk_dread
                0x000000000000e8f0       0x20 drivers/built-in.o
                0x000000000000e8f0                blk_dread
 .text.blk_find_max_devnum
                0x000000000000e910       0x90 drivers/built-in.o
                0x000000000000e910                blk_find_max_devnum
 .text.blk_create_device
                0x000000000000e9a0      0x180 drivers/built-in.o
                0x000000000000e9a0                blk_create_device
 .text.blk_create_devicef
                0x000000000000eb20       0xb4 drivers/built-in.o
                0x000000000000eb20                blk_create_devicef

.rodata         0x000000000000ebd8     0x2435
                0x000000000000ebd8                . = ALIGN (0x8)
 *(SORT(.rodata*))
 .rodata        0x000000000000ebd8       0x14 common/spl/built-in.o
 *fill*         0x000000000000ebec        0x4 
 .rodata.CSWTCH.13
                0x000000000000ebf0        0x8 arch/arm/mach-rockchip/built-in.o
 .rodata.__FUNCTION__.6684
                0x000000000000ebf8       0x17 common/built-in.o
 *fill*         0x000000000000ec0f        0x1 
 .rodata.__func__.5650
                0x000000000000ec10       0x15 common/built-in.o
 *fill*         0x000000000000ec25        0x3 
 .rodata.__func__.6027
                0x000000000000ec28        0xd drivers/built-in.o
 *fill*         0x000000000000ec35        0x3 
 .rodata.__func__.6181
                0x000000000000ec38       0x1d drivers/built-in.o
 *fill*         0x000000000000ec55        0x3 
 .rodata.__func__.6386
                0x000000000000ec58       0x18 common/built-in.o
 .rodata.__func__.6518
                0x000000000000ec70       0x14 common/built-in.o
 *fill*         0x000000000000ec84        0x4 
 .rodata.__func__.7354
                0x000000000000ec88       0x14 drivers/built-in.o
 *fill*         0x000000000000ec9c        0x4 
 .rodata.__func__.7433
                0x000000000000eca0       0x16 drivers/built-in.o
 *fill*         0x000000000000ecb6        0x2 
 .rodata.__func__.7445
                0x000000000000ecb8       0x16 drivers/built-in.o
 *fill*         0x000000000000ecce        0x2 
 .rodata.__func__.7536
                0x000000000000ecd0        0xa drivers/built-in.o
 *fill*         0x000000000000ecda        0x6 
 .rodata.__func__.7559
                0x000000000000ece0       0x16 drivers/built-in.o
 *fill*         0x000000000000ecf6        0x2 
 .rodata.__func__.7864
                0x000000000000ecf8        0x9 drivers/built-in.o
 *fill*         0x000000000000ed01        0x7 
 .rodata.__func__.8094
                0x000000000000ed08       0x10 drivers/built-in.o
 .rodata._ctype
                0x000000000000ed18      0x100 lib/built-in.o
                0x000000000000ed18                _ctype
 .rodata.boot_devices
                0x000000000000ee18       0x58 arch/arm/mach-rockchip/built-in.o
                0x000000000000ee18                boot_devices
 .rodata.bootdev_map
                0x000000000000ee70       0x2c arch/arm/mach-rockchip/built-in.o
 *fill*         0x000000000000ee9c        0x4 
 .rodata.clk_fixed_rate_match
                0x000000000000eea0       0x20 drivers/built-in.o
 .rodata.clk_fixed_rate_ops
                0x000000000000eec0       0x50 drivers/built-in.o
                0x000000000000eec0                clk_fixed_rate_ops
 .rodata.dm_dwmci_ops
                0x000000000000ef10       0x30 drivers/built-in.o
                0x000000000000ef10                dm_dwmci_ops
 .rodata.dmc_ids
                0x000000000000ef40       0x20 drivers/built-in.o
 .rodata.fdt_errtable
                0x000000000000ef60       0x90 lib/built-in.o
 .rodata.generic_simple_bus_ids
                0x000000000000eff0       0x30 drivers/built-in.o
 .rodata.generic_syscon_ids
                0x000000000000f020       0x20 drivers/built-in.o
 .rodata.mmc_blk_ops
                0x000000000000f040       0x20 drivers/built-in.o
 .rodata.ns16550_serial_ids
                0x000000000000f060       0xc0 drivers/built-in.o
 .rodata.ns16550_serial_ops
                0x000000000000f120       0x28 drivers/built-in.o
                0x000000000000f120                ns16550_serial_ops
 .rodata.psci_of_match
                0x000000000000f148       0x40 drivers/built-in.o
 .rodata.rk3308_clk_ids
                0x000000000000f188       0x20 drivers/built-in.o
 .rodata.rk3308_syscon_ids
                0x000000000000f1a8       0x20 arch/arm/mach-rockchip/built-in.o
 .rodata.rockchip_dwmmc_ids
                0x000000000000f1c8       0x30 drivers/built-in.o
 .rodata.root_info
                0x000000000000f1f8       0x10 drivers/built-in.o
 .rodata.sd_au_size
                0x000000000000f208       0x40 drivers/built-in.o
 .rodata.spl_bootdev_map
                0x000000000000f248       0x14 arch/arm/mach-rockchip/built-in.o
 *fill*         0x000000000000f25c        0x4 
 .rodata.tuning_blk_pattern_4bit
                0x000000000000f260       0x40 drivers/built-in.o
 .rodata.tuning_blk_pattern_8bit
                0x000000000000f2a0       0x80 drivers/built-in.o
 .rodata.uimage_os
                0x000000000000f320      0x108 common/built-in.o
 .rodata.fdt_next_tag
                0x000000000000f428        0x9 lib/built-in.o
 *fill*         0x000000000000f431        0x3 
 .rodata.mmc_set_capacity
                0x000000000000f434        0x8 drivers/built-in.o
 .rodata.mmc_startup
                0x000000000000f43c       0x18 drivers/built-in.o
 .rodata.rk3308_clk_set_rate
                0x000000000000f454        0x4 drivers/built-in.o
 .rodata.rk3308_i2c_get_clk
                0x000000000000f458        0x4 drivers/built-in.o
 .rodata.__of_parse_phandle_with_args.constprop.1.str1.1
                0x000000000000f45c       0x31 drivers/built-in.o
 .rodata.atags_overflow.str1.1
                0x000000000000f48d       0x11 arch/arm/mach-rockchip/built-in.o
 .rodata.bad_magic.str1.1
                0x000000000000f49e       0x1a arch/arm/mach-rockchip/built-in.o
 .rodata.blk_create_devicef.str1.1
                0x000000000000f4b8        0x6 drivers/built-in.o
 .rodata.board_boot_order.str1.1
                0x000000000000f4be       0x49 arch/arm/mach-rockchip/built-in.o
 .rodata.board_init_f.str1.1
                0x000000000000f507       0x33 arch/arm/mach-rockchip/built-in.o
 .rodata.board_init_r.str1.1
                0x000000000000f53a       0x8f common/spl/built-in.o
 .rodata.clk_fixed_rate_ofdata_to_platdata.str1.1
                0x000000000000f5c9       0x10 drivers/built-in.o
 .rodata.clk_get_by_index.str1.1
                0x000000000000f5d9       0x2a drivers/built-in.o
                                          0x7 (size before relaxing)
 .rodata.clk_get_by_indexed_prop.str1.1
                0x000000000000f5d9        0xd drivers/built-in.o
 .rodata.clk_get_by_name.str1.1
                0x000000000000f5e6        0xc drivers/built-in.o
 .rodata.clk_set_defaults.str1.1
                0x000000000000f5f2       0x3c drivers/built-in.o
 .rodata.devfdt_get_addr_index.str1.1
                0x000000000000f62e        0x4 drivers/built-in.o
 .rodata.device_bind_common.isra.0.str1.1
                0x000000000000f62e       0x22 drivers/built-in.o
 .rodata.dm_extended_scan_fdt.str1.1
                0x000000000000f650        0x8 drivers/built-in.o
 .rodata.dm_fdt_pre_reloc.str1.1
                0x000000000000f658       0x22 drivers/built-in.o
 .rodata.do_bad_error.str1.1
                0x000000000000f658       0x29 arch/arm/lib/built-in.o
 .rodata.do_bad_fiq.str1.1
                0x000000000000f681       0x27 arch/arm/lib/built-in.o
 .rodata.do_bad_irq.str1.1
                0x000000000000f6a8       0x27 arch/arm/lib/built-in.o
 .rodata.do_bad_sync.str1.1
                0x000000000000f6cf       0x48 arch/arm/lib/built-in.o
 .rodata.do_error.str1.1
                0x000000000000f717       0x48 arch/arm/lib/built-in.o
                                         0x1d (size before relaxing)
 .rodata.do_fiq.str1.1
                0x000000000000f717       0x48 arch/arm/lib/built-in.o
                                         0x1b (size before relaxing)
 .rodata.do_irq.str1.1
                0x000000000000f717       0x48 arch/arm/lib/built-in.o
                                         0x1b (size before relaxing)
 .rodata.do_sync.str1.1
                0x000000000000f717       0x48 arch/arm/lib/built-in.o
                                         0x29 (size before relaxing)
 .rodata.dump_core_stack.str1.1
                0x000000000000f717       0xc4 arch/arm/lib/built-in.o
                                         0xd6 (size before relaxing)
 .rodata.fdt_address_cells.str1.1
                0x000000000000f7db        0xf lib/built-in.o
 .rodata.fdt_find_or_add_subnode.str1.1
                0x000000000000f7ea        0xc common/built-in.o
 .rodata.fdt_fixup_memory_banks.str1.1
                0x000000000000f7f6       0x8c common/built-in.o
 .rodata.fdt_get_alias_namelen.str1.1
                0x000000000000f882        0x9 lib/built-in.o
 .rodata.fdt_get_phandle.str1.1
                0x000000000000f88b        0xe lib/built-in.o
                                         0x16 (size before relaxing)
 .rodata.fdt_node_check_compatible.str1.1
                0x000000000000f899        0xb lib/built-in.o
 .rodata.fdt_record_loadable.str1.1
                0x000000000000f8a4       0x8c common/built-in.o
                                         0x36 (size before relaxing)
 .rodata.fdt_size_cells.str1.1
                0x000000000000f8a4        0xc lib/built-in.o
 .rodata.fdt_strerror.str1.1
                0x000000000000f8a4       0x31 lib/built-in.o
 .rodata.fdt_support_default_count_cells.str1.1
                0x000000000000f8d5        0xc common/built-in.o
 .rodata.fdt_translate_address.str1.1
                0x000000000000f8e1       0x22 common/built-in.o
 .rodata.fdtdec_add_aliases_for_id.str1.1
                0x000000000000f903        0x9 lib/built-in.o
 .rodata.fdtdec_get_chosen_prop.str1.1
                0x000000000000f903        0x8 lib/built-in.o
 .rodata.fdtdec_get_is_enabled.str1.1
                0x000000000000f903        0xc lib/built-in.o
 .rodata.fdtdec_prepare_fdt.str1.1
                0x000000000000f90f        0xd lib/built-in.o
 .rodata.find_mmc_device.str1.1
                0x000000000000f91c       0x19 drivers/built-in.o
 .rodata.fit_find_config_node.str1.1
                0x000000000000f935       0x3c common/built-in.o
                                         0x48 (size before relaxing)
 .rodata.fit_image_get_address.str1.1
                0x000000000000f971       0x1d common/built-in.o
 .rodata.fit_image_get_data.str1.1
                0x000000000000f98e        0x5 common/built-in.o
 .rodata.fit_image_get_data_offset.str1.1
                0x000000000000f993        0xc common/built-in.o
 .rodata.fit_image_get_data_size.str1.1
                0x000000000000f99f        0xa common/built-in.o
 .rodata.fit_image_get_load.str1.1
                0x000000000000f9a9        0xa common/built-in.o
                                          0x5 (size before relaxing)
 .rodata.fit_image_get_os.str1.1
                0x000000000000f9a9        0x3 common/built-in.o
 .rodata.genimg_get_os_id.str1.1
                0x000000000000f9a9      0x737 common/built-in.o
                                          0x3 (size before relaxing)
 .rodata.hang.str1.1
                0x000000000000f9a9       0x2a lib/built-in.o
 .rodata.lists_bind_fdt.str1.1
                0x000000000000f9d3        0xb drivers/built-in.o
 .rodata.mmc_bind.str1.1
                0x000000000000f9d3        0x8 drivers/built-in.o
                                          0xc (size before relaxing)
 .rodata.mmc_bread.str1.1
                0x000000000000f9db       0x66 drivers/built-in.o
 .rodata.mmc_init.str1.1
                0x000000000000fa41       0x12 drivers/built-in.o
 .rodata.mmc_read_blocks.str1.1
                0x000000000000fa53       0x1b drivers/built-in.o
 .rodata.mmc_send_status.str1.1
                0x000000000000fa6e       0x32 drivers/built-in.o
 .rodata.mmc_start_init.str1.1
                0x000000000000faa0       0x3f drivers/built-in.o
 .rodata.mmc_startup.str1.1
                0x000000000000fadf       0x15 drivers/built-in.o
 .rodata.ns16550_serial_ofdata_to_platdata.str1.1
                0x000000000000faf4       0x15 drivers/built-in.o
                                         0x25 (size before relaxing)
 .rodata.of_address_to_resource.str1.1
                0x000000000000fb09        0xa drivers/built-in.o
 .rodata.of_device_is_compatible.str1.1
                0x000000000000fb13        0xb drivers/built-in.o
 .rodata.of_find_node_opts_by_path.str1.1
                0x000000000000fb13        0x5 drivers/built-in.o
 .rodata.of_get_address.str1.1
                0x000000000000fb18        0x4 drivers/built-in.o
 .rodata.of_get_stdout.str1.1
                0x000000000000fb18       0x1b drivers/built-in.o
                                         0x22 (size before relaxing)
 .rodata.of_match_bus.str1.1
                0x000000000000fb33       0x30 drivers/built-in.o
 .rodata.of_n_addr_cells.str1.1
                0x000000000000fb63        0xf drivers/built-in.o
 .rodata.of_n_size_cells.str1.1
                0x000000000000fb63        0xc drivers/built-in.o
 .rodata.of_translate_address.str1.1
                0x000000000000fb63        0x7 drivers/built-in.o
 .rodata.preloader_console_init.str1.1
                0x000000000000fb63       0xae common/spl/built-in.o
 .rodata.psci_bind.str1.1
                0x000000000000fc11       0x1a drivers/built-in.o
                                         0x28 (size before relaxing)
 .rodata.psci_probe.str1.1
                0x000000000000fc2b       0x49 drivers/built-in.o
 .rodata.regmap_init_mem.str1.1
                0x000000000000fc74        0x4 drivers/built-in.o
 .rodata.rk3036_pll_set_rate.isra.3.str1.1
                0x000000000000fc74       0x49 drivers/built-in.o
 .rodata.rk3308_armclk_set_clk.isra.7.str1.1
                0x000000000000fcbd       0x13 drivers/built-in.o
 .rodata.rk3308_audio_set_clk.str1.1
                0x000000000000fcbd       0x20 drivers/built-in.o
 .rodata.rk3308_bus_set_clk.str1.1
                0x000000000000fcdd       0x1e drivers/built-in.o
 .rodata.rk3308_clk_bind.str1.1
                0x000000000000fcfb        0xf drivers/built-in.o
                                         0x30 (size before relaxing)
 .rodata.rk3308_clk_probe.str1.1
                0x000000000000fd0a       0x1e drivers/built-in.o
 .rodata.rk3308_clk_set_rate.str1.1
                0x000000000000fd28       0x1e drivers/built-in.o
 .rodata.rk3308_i2c_get_clk.str1.1
                0x000000000000fd46       0x1d drivers/built-in.o
 .rodata.rk3308_peri_set_clk.str1.1
                0x000000000000fd63       0x1f drivers/built-in.o
 .rodata.rk3308_spi_get_clk.str1.1
                0x000000000000fd82       0x1d drivers/built-in.o
 .rodata.rk3308_vop_get_clk.isra.6.str1.1
                0x000000000000fd9f       0x3e drivers/built-in.o
 .rodata.rockchip_dwmmc_execute_tuning.str1.1
                0x000000000000fddd       0x14 drivers/built-in.o
 .rodata.rockchip_dwmmc_ofdata_to_platdata.str1.1
                0x000000000000fdf1       0x4e drivers/built-in.o
 .rodata.rockchip_dwmmc_probe.str1.1
                0x000000000000fe3f       0x2f drivers/built-in.o
 .rodata.rockchip_pll_get_rate.str1.1
                0x000000000000fe6e       0x26 drivers/built-in.o
 .rodata.save_boot_params.str1.1
                0x000000000000fe94       0x30 arch/arm/mach-rockchip/built-in.o
 .rodata.serial_init.str1.1
                0x000000000000fec4       0x60 drivers/built-in.o
 .rodata.show_regs.str1.1
                0x000000000000ff24       0x39 arch/arm/lib/built-in.o
                                         0x3b (size before relaxing)
 .rodata.simple_bus_post_bind.str1.1
                0x000000000000ff5d        0x7 drivers/built-in.o
 .rodata.spl_fit_append_fdt.str1.1
                0x000000000000ff5d        0x4 common/spl/built-in.o
 .rodata.spl_fit_get_image_name.isra.0.str1.1
                0x000000000000ff61       0x39 common/spl/built-in.o
 .rodata.spl_fit_images_find.str1.1
                0x000000000000ff9a        0xc common/spl/built-in.o
                                          0xf (size before relaxing)
 .rodata.spl_fit_images_get_entry.str1.1
                0x000000000000ffa6       0x16 common/spl/built-in.o
 .rodata.spl_load_fit_image.str1.1
                0x000000000000ffbc       0x22 common/spl/built-in.o
 .rodata.spl_load_simple_fit.str1.1
                0x000000000000ffde       0x15 common/spl/built-in.o
                                         0x23 (size before relaxing)
 .rodata.spl_mmc_load_image.str1.1
                0x000000000000fff3      0x10b common/spl/built-in.o
 .rodata.spl_set_header_raw_uboot.str1.1
                0x00000000000100fe        0x7 common/spl/built-in.o
 .rodata.str1.1
                0x0000000000010105       0x22 arch/arm/mach-rockchip/built-in.o
 .rodata.str1.1
                0x0000000000010127       0x11 common/spl/built-in.o
 .rodata.str1.1
                0x0000000000010138      0x737 common/built-in.o
                                        0x773 (size before relaxing)
 .rodata.str1.1
                0x000000000001086f      0x486 lib/built-in.o
 .rodata.str1.1
                0x0000000000010cf5      0x2f7 drivers/built-in.o
                                        0x349 (size before relaxing)
 .rodata.sysreset_walk.str1.1
                0x0000000000010fec       0x21 drivers/built-in.o

.hash           0x0000000000011010       0x18
 .hash          0x0000000000011010       0x18 arch/arm/cpu/armv8/start.o

.data           0x0000000000011028      0x460
                0x0000000000011028                . = ALIGN (0x8)
 *(.data*)
 .data          0x0000000000011028       0x68 arch/arm/mach-rockchip/built-in.o
 .data          0x0000000000011090      0x148 common/spl/built-in.o
 .data.of_busses
                0x00000000000111d8       0x30 common/built-in.o
 .data.rk3308_clk_ops
                0x0000000000011208       0x50 drivers/built-in.o
 .data.rk3308_cpu_rates
                0x0000000000011258       0x50 drivers/built-in.o
 .data.rk3308_pll_clks
                0x00000000000112a8       0xc0 drivers/built-in.o
 .data.rk3308_pll_rates
                0x0000000000011368       0xc0 drivers/built-in.o
 .data.aliases_lookup
                0x0000000000011428       0x10 drivers/built-in.o
                0x0000000000011428                aliases_lookup
 .data.of_busses
                0x0000000000011438       0x38 drivers/built-in.o
 .data.psci_sysreset_ops
                0x0000000000011470        0x8 drivers/built-in.o
 .data.rockchip_sysreset
                0x0000000000011478        0x8 drivers/built-in.o
 .data.dmc_ops  0x0000000000011480        0x8 drivers/built-in.o

.got            0x0000000000011488        0x8
 .got           0x0000000000011488        0x8 arch/arm/cpu/armv8/start.o
                0x0000000000011488                _GLOBAL_OFFSET_TABLE_

.got.plt        0x0000000000011490       0x18
 .got.plt       0x0000000000011490       0x18 arch/arm/cpu/armv8/start.o

.u_boot_list    0x00000000000114a8      0xbd8
                0x00000000000114a8                . = ALIGN (0x8)
 *(SORT(.u_boot_list*))
 .u_boot_list_2_cmd_1
                0x00000000000114a8        0x0 common/built-in.o
 .u_boot_list_2_cmd_3
                0x00000000000114a8        0x0 common/built-in.o
 .u_boot_list_2_driver_1
                0x00000000000114a8        0x0 drivers/built-in.o
 .u_boot_list_2_driver_2_clk_fixed_rate
                0x00000000000114a8       0x78 drivers/built-in.o
                0x00000000000114a8                _u_boot_list_2_driver_2_clk_fixed_rate
 .u_boot_list_2_driver_2_dmc_tiny
                0x0000000000011520       0x78 drivers/built-in.o
                0x0000000000011520                _u_boot_list_2_driver_2_dmc_tiny
 .u_boot_list_2_driver_2_generic_syscon
                0x0000000000011598       0x78 drivers/built-in.o
                0x0000000000011598                _u_boot_list_2_driver_2_generic_syscon
 .u_boot_list_2_driver_2_mmc
                0x0000000000011610       0x78 drivers/built-in.o
                0x0000000000011610                _u_boot_list_2_driver_2_mmc
 .u_boot_list_2_driver_2_mmc_blk
                0x0000000000011688       0x78 drivers/built-in.o
                0x0000000000011688                _u_boot_list_2_driver_2_mmc_blk
 .u_boot_list_2_driver_2_ns16550_serial
                0x0000000000011700       0x78 drivers/built-in.o
                0x0000000000011700                _u_boot_list_2_driver_2_ns16550_serial
 .u_boot_list_2_driver_2_psci
                0x0000000000011778       0x78 drivers/built-in.o
                0x0000000000011778                _u_boot_list_2_driver_2_psci
 .u_boot_list_2_driver_2_psci_sysreset
                0x00000000000117f0       0x78 drivers/built-in.o
                0x00000000000117f0                _u_boot_list_2_driver_2_psci_sysreset
 .u_boot_list_2_driver_2_rockchip_dwmmc_drv
                0x0000000000011868       0x78 drivers/built-in.o
                0x0000000000011868                _u_boot_list_2_driver_2_rockchip_dwmmc_drv
 .u_boot_list_2_driver_2_rockchip_rk3308_cru
                0x00000000000118e0       0x78 drivers/built-in.o
                0x00000000000118e0                _u_boot_list_2_driver_2_rockchip_rk3308_cru
 .u_boot_list_2_driver_2_root_driver
                0x0000000000011958       0x78 drivers/built-in.o
                0x0000000000011958                _u_boot_list_2_driver_2_root_driver
 .u_boot_list_2_driver_2_simple_bus_drv
                0x00000000000119d0       0x78 drivers/built-in.o
                0x00000000000119d0                _u_boot_list_2_driver_2_simple_bus_drv
 .u_boot_list_2_driver_2_syscon_rk3308
                0x0000000000011a48       0x78 arch/arm/mach-rockchip/built-in.o
                0x0000000000011a48                _u_boot_list_2_driver_2_syscon_rk3308
 .u_boot_list_2_driver_2_sysreset_rockchip
                0x0000000000011ac0       0x78 drivers/built-in.o
                0x0000000000011ac0                _u_boot_list_2_driver_2_sysreset_rockchip
 .u_boot_list_2_driver_3
                0x0000000000011b38        0x0 drivers/built-in.o
 .u_boot_list_2_driver_info_1
                0x0000000000011b38        0x0 drivers/built-in.o
 .u_boot_list_2_driver_info_3
                0x0000000000011b38        0x0 drivers/built-in.o
 .u_boot_list_2_env_driver_1
                0x0000000000011b38        0x0 env/built-in.o
 .u_boot_list_2_env_driver_3
                0x0000000000011b38        0x0 env/built-in.o
 .u_boot_list_2_fit_loadable_1
                0x0000000000011b38        0x0 common/built-in.o
 .u_boot_list_2_fit_loadable_3
                0x0000000000011b38        0x0 common/built-in.o
 .u_boot_list_2_spl_image_loader_1
                0x0000000000011b38        0x0 common/spl/built-in.o
 .u_boot_list_2_spl_image_loader_2_spl_mmc_load_image0BOOT_DEVICE_MMC1
                0x0000000000011b38       0x18 common/spl/built-in.o
                0x0000000000011b38                _u_boot_list_2_spl_image_loader_2_spl_mmc_load_image0BOOT_DEVICE_MMC1
 .u_boot_list_2_spl_image_loader_2_spl_mmc_load_image0BOOT_DEVICE_MMC2
                0x0000000000011b50       0x18 common/spl/built-in.o
                0x0000000000011b50                _u_boot_list_2_spl_image_loader_2_spl_mmc_load_image0BOOT_DEVICE_MMC2
 .u_boot_list_2_spl_image_loader_2_spl_mmc_load_image0BOOT_DEVICE_MMC2_2
                0x0000000000011b68       0x18 common/spl/built-in.o
                0x0000000000011b68                _u_boot_list_2_spl_image_loader_2_spl_mmc_load_image0BOOT_DEVICE_MMC2_2
 .u_boot_list_2_spl_image_loader_3
                0x0000000000011b80        0x0 common/spl/built-in.o
 .u_boot_list_2_uclass_1
                0x0000000000011b80        0x0 drivers/built-in.o
 .u_boot_list_2_uclass_2_blk
                0x0000000000011b80       0x80 drivers/built-in.o
                0x0000000000011b80                _u_boot_list_2_uclass_2_blk
 .u_boot_list_2_uclass_2_clk
                0x0000000000011c00       0x80 drivers/built-in.o
                0x0000000000011c00                _u_boot_list_2_uclass_2_clk
 .u_boot_list_2_uclass_2_firmware
                0x0000000000011c80       0x80 drivers/built-in.o
                0x0000000000011c80                _u_boot_list_2_uclass_2_firmware
 .u_boot_list_2_uclass_2_mmc
                0x0000000000011d00       0x80 drivers/built-in.o
                0x0000000000011d00                _u_boot_list_2_uclass_2_mmc
 .u_boot_list_2_uclass_2_ram
                0x0000000000011d80       0x80 drivers/built-in.o
                0x0000000000011d80                _u_boot_list_2_uclass_2_ram
 .u_boot_list_2_uclass_2_root
                0x0000000000011e00       0x80 drivers/built-in.o
                0x0000000000011e00                _u_boot_list_2_uclass_2_root
 .u_boot_list_2_uclass_2_serial
                0x0000000000011e80       0x80 drivers/built-in.o
                0x0000000000011e80                _u_boot_list_2_uclass_2_serial
 .u_boot_list_2_uclass_2_simple_bus
                0x0000000000011f00       0x80 drivers/built-in.o
                0x0000000000011f00                _u_boot_list_2_uclass_2_simple_bus
 .u_boot_list_2_uclass_2_syscon
                0x0000000000011f80       0x80 drivers/built-in.o
                0x0000000000011f80                _u_boot_list_2_uclass_2_syscon
 .u_boot_list_2_uclass_2_sysreset
                0x0000000000012000       0x80 drivers/built-in.o
                0x0000000000012000                _u_boot_list_2_uclass_2_sysreset
 .u_boot_list_2_uclass_3
                0x0000000000012080        0x0 drivers/built-in.o

.image_copy_end
                0x0000000000012080        0x0
                0x0000000000012080                . = ALIGN (0x8)
 *(.__image_copy_end)
 .__image_copy_end
                0x0000000000012080        0x0 arch/arm/lib/built-in.o
                0x0000000000012080                __image_copy_end

.end            0x0000000000012080        0x0
                0x0000000000012080                . = ALIGN (0x8)
 *(.__end)
 .__end         0x0000000000012080        0x0 arch/arm/lib/built-in.o
                0x0000000000012080                _end
                0x0000000000012080                . = ALIGN (0x8)

.rel_dyn_start  0x0000000000012080        0x0
 *(.__rel_dyn_start)
 .__rel_dyn_start
                0x0000000000012080        0x0 arch/arm/lib/built-in.o

.rela.dyn       0x0000000000012080      0xf78
 *(.rela*)
 .rela.got      0x0000000000012080        0x0 arch/arm/cpu/armv8/start.o
 .rela.plt      0x0000000000012080        0x0 arch/arm/cpu/armv8/start.o
 .rela.ifunc    0x0000000000012080        0x0 arch/arm/cpu/armv8/start.o
 .rela.rodata.rk3308_syscon_ids
                0x0000000000012080       0x18 arch/arm/cpu/armv8/start.o
 .rela.u_boot_list_2_driver_2_syscon_rk3308
                0x0000000000012098       0x30 arch/arm/cpu/armv8/start.o
 .rela.data.mem_map
                0x00000000000120c8        0x0 arch/arm/cpu/armv8/start.o
 .rela.text     0x00000000000120c8       0x30 arch/arm/cpu/armv8/start.o
 .rela.u_boot_list_2_spl_image_loader_2_spl_mmc_load_image0BOOT_DEVICE_MMC1
                0x00000000000120f8       0x30 arch/arm/cpu/armv8/start.o
 .rela.u_boot_list_2_spl_image_loader_2_spl_mmc_load_image0BOOT_DEVICE_MMC2
                0x0000000000012128       0x30 arch/arm/cpu/armv8/start.o
 .rela.u_boot_list_2_spl_image_loader_2_spl_mmc_load_image0BOOT_DEVICE_MMC2_2
                0x0000000000012158       0x30 arch/arm/cpu/armv8/start.o
 .rela.rodata   0x0000000000012188        0x0 arch/arm/cpu/armv8/start.o
 .rela.rodata.table_info
                0x0000000000012188        0x0 arch/arm/cpu/armv8/start.o
 .rela.rodata.uimage_arch
                0x0000000000012188        0x0 arch/arm/cpu/armv8/start.o
 .rela.rodata.uimage_comp
                0x0000000000012188        0x0 arch/arm/cpu/armv8/start.o
 .rela.rodata.uimage_os
                0x0000000000012188      0x210 arch/arm/cpu/armv8/start.o
 .rela.rodata.uimage_type
                0x0000000000012398        0x0 arch/arm/cpu/armv8/start.o
 .rela.rodata.CSWTCH.85
                0x0000000000012398        0x0 arch/arm/cpu/armv8/start.o
 .rela.rodata.CSWTCH.24
                0x0000000000012398        0x0 arch/arm/cpu/armv8/start.o
 .rela.data.of_busses
                0x0000000000012398      0x108 arch/arm/cpu/armv8/start.o
 .rela.data.av_
                0x00000000000124a0        0x0 arch/arm/cpu/armv8/start.o
 .rela.data.stdio_names
                0x00000000000124a0        0x0 arch/arm/cpu/armv8/start.o
 .rela.data.env_htab
                0x00000000000124a0        0x0 arch/arm/cpu/armv8/start.o
 .rela.rodata.fdt_errtable
                0x00000000000124a0      0x198 arch/arm/cpu/armv8/start.o
 .rela.rodata.compat_names
                0x0000000000012638        0x0 arch/arm/cpu/armv8/start.o
 .rela.data.current
                0x0000000000012638        0x0 arch/arm/cpu/armv8/start.o
 .rela.rodata.clk_fixed_rate_match
                0x0000000000012638       0x18 arch/arm/cpu/armv8/start.o
 .rela.rodata.clk_fixed_rate_ops
                0x0000000000012650       0x18 arch/arm/cpu/armv8/start.o
 .rela.rodata.clks_dump
                0x0000000000012668        0x0 arch/arm/cpu/armv8/start.o
 .rela.rodata.rk3308_clk_ids