log.h:320:19:log_init	0	static
board_f.c:228:12:setup_mon_len	0	static
board_f.c:328:12:reserve_round_4k	0	static
board_f.c:405:12:reserve_uboot	0	static
board_f.c:427:12:reserve_malloc	0	static
board_f.c:456:12:reserve_global_data	0	static
board_f.c:465:12:reserve_fdt	0	static
board_f.c:725:12:initf_console_record	0	static
board_f.c:760:12:arch_cpu_init_dm	0	static
board_f.c:194:12:dram_init_banksize	32	static
board_f.c:335:12:reserve_mmu	32	static
board_f.c:592:12:reloc_fdt	16	static
board_f.c:624:12:setup_reloc	16	static
board_f.c:151:12:announce_pre_serial	16	static
board_f.c:436:12:reserve_board	16	static
board_f.c:160:12:announce_dram_init	16	static
board_f.c:119:12:init_baud_rate	32	static
board_f.c:734:12:initf_dm	0	static
board_f.c:700:12:initf_bootstage	16	static
board_f.c:755:12:reserve_arch	0	static
board_f.c:129:12:display_text_info	0	static
board_f.c:245:12:arch_cpu_init	0	static
board_f.c:250:12:mach_cpu_init	0	static
board_f.c:362:12:reserve_video	0	static
board_f.c:393:12:reserve_trace	0	static
board_f.c:448:12:setup_machine	0	static
board_f.c:486:12:reserve_bootstage	0	static
board_f.c:518:12:display_new_sp	0	static
board_f.c:606:12:reloc_bootstage	0	static
board_f.c:69:13:coloured_LED_init	0	static
board_f.c:70:13:red_led_on	0	static
board_f.c:71:13:red_led_off	0	static
board_f.c:72:13:green_led_on	0	static
board_f.c:73:13:green_led_off	0	static
board_f.c:74:13:yellow_led_on	0	static
board_f.c:75:13:yellow_led_off	0	static
board_f.c:76:13:blue_led_on	0	static
board_f.c:77:13:blue_led_off	0	static
board_f.c:114:13:board_add_ram_info	0	static
board_f.c:166:12:show_dram_config	16	static
board_f.c:256:14:board_get_usable_ram_top	0	static
board_f.c:273:12:setup_dest_addr	32	static
board_f.c:500:5:arch_reserve_stacks	0	static
board_f.c:505:12:reserve_stacks	0	static
board_f.c:912:6:board_init_f	16	static
