fdt_support.c:1095:12:of_bus_default_map	0	static
fdt_support.c:1622:12:fdt_read_prop	0	static
fdt_support.c:1078:6:fdt_support_default_count_cells	48	static
fdt_support.c:447:12:fdt_pack_reg	64	static
fdt_support.c:1112:12:of_bus_default_translate	64	static
fdt_support.c:37:5:fdt_getprop_u32_default_node	48	static
fdt_support.c:67:5:fdt_getprop_u32_default	48	static
fdt_support.c:91:5:fdt_find_and_setprop	64	static
fdt_support.c:115:5:fdt_find_or_add_subnode	48	static
fdt_support.c:193:5:fdt_root	32	static
fdt_support.c:219:5:fdt_initrd	96	static
fdt_support.c:279:5:fdt_chosen	112	static
fdt_support.c:365:6:do_fixup_by_path	32	static
fdt_support.c:381:6:do_fixup_by_path_u32	32	static
fdt_support.c:388:6:do_fixup_by_prop	96	static
fdt_support.c:409:6:do_fixup_by_prop_u32	32	static
fdt_support.c:417:6:do_fixup_by_compat	80	static
fdt_support.c:436:6:do_fixup_by_compat_u32	32	static
fdt_support.c:472:5:fdt_record_loadable	96	static
fdt_support.c:516:5:fdt_fixup_memory_banks	272	static
fdt_support.c:563:5:fdt_fixup_memory	32	static
fdt_support.c:568:5:fdt_update_reserved_memory	80	static
fdt_support.c:598:6:fdt_fixup_ethernet	128	static
fdt_support.c:677:5:fdt_shrink_to_minimum	64	static
fdt_support.c:790:5:fdt_increase_size	0	static
fdt_support.c:1004:6:fdt_del_node_and_alias	32	static
fdt_support.c:1356:5:fdt_translate_address	176	static
fdt_support.c:1371:5:fdt_node_offset_by_compat_reg	80	static
fdt_support.c:1392:5:fdt_alloc_phandle	48	static
fdt_support.c:1412:5:fdt_set_phandle	64	static
fdt_support.c:1451:14:fdt_create_phandle	48	static
fdt_support.c:1481:5:fdt_set_node_status	64	static
fdt_support.c:1522:5:fdt_set_status_by_alias	48	static
fdt_support.c:1568:5:fdt_verify_alias_address	80	static
fdt_support.c:1609:5:fdt_get_base_address	48	static
fdt_support.c:1658:5:fdt_read_range	112	static
fdt_support.c:1726:5:fdt_setup_simplefb_node	144	static
fdt_support.c:1779:5:fdt_fixup_display	80	static
