rk8xx.c:1114:12:switch_get_value	0	static
rk8xx.c:1119:12:switch_set_value	0	static
rk8xx.c:844:12:buck_set_suspend_enable	48	static
rk8xx.c:957:12:ldo_set_suspend_enable	48	static
rk8xx.c:1045:12:switch_set_suspend_enable	32	static
rk8xx.c:978:12:switch_set_enable	32	static
rk8xx.c:851:12:buck_get_suspend_enable	32	static
rk8xx.c:865:12:buck_get_enable	32	static
rk8xx.c:964:12:ldo_get_suspend_enable	32	static
rk8xx.c:971:12:ldo_get_enable	32	static
rk8xx.c:1075:12:switch_get_suspend_enable	32	static
rk8xx.c:1008:12:switch_get_enable	32	static
rk8xx.c:301:12:_buck_set_enable	48	static
rk8xx.c:837:12:buck_set_enable	0	static
rk8xx.c:950:12:ldo_set_enable	48	static
rk8xx.c:1124:12:rk8xx_buck_probe	16	static
rk8xx.c:1136:12:rk8xx_ldo_probe	16	static
rk8xx.c:1148:12:rk8xx_switch_probe	16	static
rk8xx.c:219:37:get_buck_reg	32	static
rk8xx.c:858:12:buck_set_ramp_delay	48	static
rk8xx.c:830:12:buck_set_suspend_value	32	static
rk8xx.c:275:12:_buck_set_value	48	static
rk8xx.c:803:12:buck_set_value	0	static
rk8xx.c:810:12:buck_get_suspend_value	48	static
rk8xx.c:784:12:buck_get_value	48	static
rk8xx.c:583:37:get_ldo_reg	32	static
rk8xx.c:910:12:ldo_set_suspend_value	32	static
rk8xx.c:889:12:ldo_set_value	32	static
rk8xx.c:931:12:ldo_get_suspend_value	48	static
rk8xx.c:872:12:ldo_get_value	48	static
rk8xx.c:1035:12:switch_set_suspend_value	0	static
rk8xx.c:1040:12:switch_get_suspend_value	0	static
rk8xx.c:1216:5:rk8xx_spl_configure_buck	32	static
rk8xx.c:1227:5:rk818_spl_configure_usb_input_current	0	static
rk8xx.c:1238:5:rk818_spl_configure_usb_chrg_shutdown	0	static
