blk-uclass.c:176:12:get_desc	96	static
blk-uclass.c:53:14:if_typename_to_iftype	48	static
blk-uclass.c:71:13:blk_get_if_type_name	0	static
blk-uclass.c:95:18:blk_get_devnum_by_typename	64	static
blk-uclass.c:221:5:blk_list_part	64	static
blk-uclass.c:246:5:blk_print_part_devnum	48	static
blk-uclass.c:261:6:blk_list_devices	64	static
blk-uclass.c:280:5:blk_print_device_num	48	static
blk-uclass.c:294:5:blk_show_device	48	static
blk-uclass.c:344:5:blk_select_hwpart	0	static
blk-uclass.c:356:5:blk_dselect_hwpart	0	static
blk-uclass.c:361:5:blk_first_device	48	static
blk-uclass.c:383:5:blk_next_device	48	static
blk-uclass.c:402:5:blk_find_device	80	static
blk-uclass.c:425:5:blk_get_device	32	static
blk-uclass.c:76:18:blk_get_devnum_by_type	32	static
blk-uclass.c:209:5:blk_select_hwpart_devnum	48	static
blk-uclass.c:436:15:blk_dread	0	static
blk-uclass.c:315:7:blk_read_devnum	64	static
blk-uclass.c:457:15:blk_dwrite	0	static
blk-uclass.c:332:7:blk_write_devnum	64	static
blk-uclass.c:470:15:blk_derase	0	static
blk-uclass.c:483:5:blk_prepare_device	16	static
blk-uclass.c:492:5:blk_get_from_parent	48	static
blk-uclass.c:518:5:blk_find_max_devnum	64	static
blk-uclass.c:576:5:blk_create_device	128	static
blk-uclass.c:608:5:blk_create_devicef	112	static
blk-uclass.c:631:5:blk_unbind_all	64	static
