pinctrl-rockchip.c:640:13:rockchip_get_recalced_mux	0	static
pinctrl-rockchip.c:1560:13:px30_calc_pull_reg_and_bit	0	static
pinctrl-rockchip.c:1590:13:px30_calc_drv_reg_and_bit	0	static
pinctrl-rockchip.c:1620:12:px30_calc_schmitt_reg_and_bit	0	static
pinctrl-rockchip.c:1650:13:rv1108_calc_pull_reg_and_bit	0	static
pinctrl-rockchip.c:1679:13:rv1108_calc_drv_reg_and_bit	0	static
pinctrl-rockchip.c:1709:12:rv1108_calc_schmitt_reg_and_bit	0	static
pinctrl-rockchip.c:1739:13:rk1808_calc_pull_reg_and_bit	0	static
pinctrl-rockchip.c:1765:13:rk1808_calc_drv_reg_and_bit	0	static
pinctrl-rockchip.c:1790:12:rk1808_calc_schmitt_reg_and_bit	0	static
pinctrl-rockchip.c:1831:13:rk3128_calc_pull_reg_and_bit	0	static
pinctrl-rockchip.c:1815:13:rk2928_calc_pull_reg_and_bit	0	static
pinctrl-rockchip.c:1851:13:rk3188_calc_pull_reg_and_bit	0	static
pinctrl-rockchip.c:1885:13:rk3288_calc_pull_reg_and_bit	0	static
pinctrl-rockchip.c:1919:13:rk3288_calc_drv_reg_and_bit	0	static
pinctrl-rockchip.c:1966:13:rk3228_calc_drv_reg_and_bit	0	static
pinctrl-rockchip.c:1983:13:rk3308_calc_pull_reg_and_bit	0	static
pinctrl-rockchip.c:2000:13:rk3308_calc_drv_reg_and_bit	0	static
pinctrl-rockchip.c:1949:13:rk3228_calc_pull_reg_and_bit	0	static
pinctrl-rockchip.c:2019:12:rk3308_calc_schmitt_reg_and_bit	0	static
pinctrl-rockchip.c:2039:13:rk3368_calc_pull_reg_and_bit	0	static
pinctrl-rockchip.c:2070:13:rk3368_calc_drv_reg_and_bit	0	static
pinctrl-rockchip.c:2102:13:rk3399_calc_pull_reg_and_bit	0	static
pinctrl-rockchip.c:2132:13:rk3399_calc_drv_reg_and_bit	0	static
pinctrl-rockchip.c:2393:12:rk3328_calc_schmitt_reg_and_bit	0	static
pinctrl-rockchip.c:2439:12:px30_calc_slew_rate_reg_and_bit	0	static
pinctrl-rockchip.c:1446:12:rockchip_pinctrl_get_gpio_mux	48	static
pinctrl-rockchip.c:2315:12:rockchip_set_pull	80	static
pinctrl-rockchip.c:2881:12:rockchip_pinctrl_probe	112	static
pinctrl-rockchip.c:2611:12:rockchip_pinctrl_set_state	688	static
pinctrl-rockchip.c:2707:12:rk3308b_ctrl_data_re_init	0	static
pinctrl-rockchip.c:2855:12:rk3308b_soc_data_init	32	static
