device.c:612:24:_device_find_global_by_of_offset	48	static
device.c:33:12:device_bind_common.isra.0	144	static
device.c:288:14:alloc_priv	32	static
device.c:251:5:device_bind_with_driver_data	0	static
device.c:260:5:device_bind	16	static
device.c:268:5:device_bind_by_name	48	static
device.c:332:5:device_probe	48	static
device.c:459:7:dev_get_platdata	16	static
device.c:469:7:dev_get_parent_platdata	16	static
device.c:479:7:dev_get_uclass_platdata	16	static
device.c:489:7:dev_get_priv	16	static
device.c:499:7:dev_get_uclass_priv	16	static
device.c:509:7:dev_get_parent_priv	16	static
device.c:534:5:device_get_child	32	static
device.c:546:5:device_find_child_by_seq	0	static
device.c:566:5:device_get_child_by_seq	48	static
device.c:584:5:device_find_child_by_of_offset	0	static
device.c:601:5:device_get_child_by_of_offset	48	static
device.c:629:5:device_get_global_by_of_offset	32	static
device.c:637:5:device_find_first_child	0	static
device.c:649:5:device_find_next_child	0	static
device.c:664:17:dev_get_parent	0	static
device.c:669:7:dev_get_driver_data	0	static
device.c:674:13:dev_get_driver_ops	0	static
device.c:682:16:device_get_uclass_id	0	static
device.c:687:13:dev_get_uclass_name	0	static
device.c:695:6:device_has_children	0	static
device.c:700:6:device_has_active_children	32	static
device.c:714:6:device_is_last_sibling	0	static
device.c:723:6:device_set_name_alloced	0	static
device.c:728:5:device_set_name	32	static
device.c:739:6:device_is_compatible	16	static
device.c:750:6:of_machine_is_compatible	16	static
